Archive member included to satisfy reference by file (symbol)

/usr/lib/gcc/arm-none-eabi/8.2.0/../../../../arm-none-eabi/lib/thumb/v6-m/nofp/libc_nano.a(lib_a-atexit.o)
                              /usr/lib/gcc/arm-none-eabi/8.2.0/../../../../arm-none-eabi/lib/thumb/v6-m/nofp/crt0.o (atexit)
/usr/lib/gcc/arm-none-eabi/8.2.0/../../../../arm-none-eabi/lib/thumb/v6-m/nofp/libc_nano.a(lib_a-exit.o)
                              /usr/lib/gcc/arm-none-eabi/8.2.0/../../../../arm-none-eabi/lib/thumb/v6-m/nofp/crt0.o (exit)
/usr/lib/gcc/arm-none-eabi/8.2.0/../../../../arm-none-eabi/lib/thumb/v6-m/nofp/libc_nano.a(lib_a-fini.o)
                              /usr/lib/gcc/arm-none-eabi/8.2.0/../../../../arm-none-eabi/lib/thumb/v6-m/nofp/crt0.o (__libc_fini_array)
/usr/lib/gcc/arm-none-eabi/8.2.0/../../../../arm-none-eabi/lib/thumb/v6-m/nofp/libc_nano.a(lib_a-impure.o)
                              /usr/lib/gcc/arm-none-eabi/8.2.0/../../../../arm-none-eabi/lib/thumb/v6-m/nofp/libc_nano.a(lib_a-exit.o) (_global_impure_ptr)
/usr/lib/gcc/arm-none-eabi/8.2.0/../../../../arm-none-eabi/lib/thumb/v6-m/nofp/libc_nano.a(lib_a-init.o)
                              /usr/lib/gcc/arm-none-eabi/8.2.0/../../../../arm-none-eabi/lib/thumb/v6-m/nofp/crt0.o (__libc_init_array)
/usr/lib/gcc/arm-none-eabi/8.2.0/../../../../arm-none-eabi/lib/thumb/v6-m/nofp/libc_nano.a(lib_a-memcpy-stub.o)
                              build/usb_pd_protocol.o (memcpy)
/usr/lib/gcc/arm-none-eabi/8.2.0/../../../../arm-none-eabi/lib/thumb/v6-m/nofp/libc_nano.a(lib_a-memset.o)
                              /usr/lib/gcc/arm-none-eabi/8.2.0/../../../../arm-none-eabi/lib/thumb/v6-m/nofp/crt0.o (memset)
/usr/lib/gcc/arm-none-eabi/8.2.0/../../../../arm-none-eabi/lib/thumb/v6-m/nofp/libc_nano.a(lib_a-sprintf.o)
                              build/main.o (sprintf)
/usr/lib/gcc/arm-none-eabi/8.2.0/../../../../arm-none-eabi/lib/thumb/v6-m/nofp/libc_nano.a(lib_a-__atexit.o)
                              /usr/lib/gcc/arm-none-eabi/8.2.0/../../../../arm-none-eabi/lib/thumb/v6-m/nofp/libc_nano.a(lib_a-atexit.o) (__register_exitproc)
/usr/lib/gcc/arm-none-eabi/8.2.0/../../../../arm-none-eabi/lib/thumb/v6-m/nofp/libc_nano.a(lib_a-__call_atexit.o)
                              /usr/lib/gcc/arm-none-eabi/8.2.0/../../../../arm-none-eabi/lib/thumb/v6-m/nofp/libc_nano.a(lib_a-__atexit.o) (__call_exitprocs)
/usr/lib/gcc/arm-none-eabi/8.2.0/../../../../arm-none-eabi/lib/thumb/v6-m/nofp/libc_nano.a(lib_a-nano-svfprintf.o)
                              /usr/lib/gcc/arm-none-eabi/8.2.0/../../../../arm-none-eabi/lib/thumb/v6-m/nofp/libc_nano.a(lib_a-sprintf.o) (_svfprintf_r)
/usr/lib/gcc/arm-none-eabi/8.2.0/../../../../arm-none-eabi/lib/thumb/v6-m/nofp/libc_nano.a(lib_a-nano-vfprintf_i.o)
                              /usr/lib/gcc/arm-none-eabi/8.2.0/../../../../arm-none-eabi/lib/thumb/v6-m/nofp/libc_nano.a(lib_a-nano-svfprintf.o) (_printf_i)
/usr/lib/gcc/arm-none-eabi/8.2.0/../../../../arm-none-eabi/lib/thumb/v6-m/nofp/libc_nano.a(lib_a-memchr-stub.o)
                              /usr/lib/gcc/arm-none-eabi/8.2.0/../../../../arm-none-eabi/lib/thumb/v6-m/nofp/libc_nano.a(lib_a-nano-svfprintf.o) (memchr)
/usr/lib/gcc/arm-none-eabi/8.2.0/../../../../arm-none-eabi/lib/thumb/v6-m/nofp/libc_nano.a(lib_a-memmove.o)
                              /usr/lib/gcc/arm-none-eabi/8.2.0/../../../../arm-none-eabi/lib/thumb/v6-m/nofp/libc_nano.a(lib_a-nano-svfprintf.o) (memmove)
/usr/lib/gcc/arm-none-eabi/8.2.0/../../../../arm-none-eabi/lib/thumb/v6-m/nofp/libc_nano.a(lib_a-nano-freer.o)
                              /usr/lib/gcc/arm-none-eabi/8.2.0/../../../../arm-none-eabi/lib/thumb/v6-m/nofp/libc_nano.a(lib_a-nano-svfprintf.o) (_free_r)
/usr/lib/gcc/arm-none-eabi/8.2.0/../../../../arm-none-eabi/lib/thumb/v6-m/nofp/libc_nano.a(lib_a-nano-mallocr.o)
                              /usr/lib/gcc/arm-none-eabi/8.2.0/../../../../arm-none-eabi/lib/thumb/v6-m/nofp/libc_nano.a(lib_a-nano-svfprintf.o) (_malloc_r)
/usr/lib/gcc/arm-none-eabi/8.2.0/../../../../arm-none-eabi/lib/thumb/v6-m/nofp/libc_nano.a(lib_a-nano-reallocr.o)
                              /usr/lib/gcc/arm-none-eabi/8.2.0/../../../../arm-none-eabi/lib/thumb/v6-m/nofp/libc_nano.a(lib_a-nano-svfprintf.o) (_realloc_r)
/usr/lib/gcc/arm-none-eabi/8.2.0/../../../../arm-none-eabi/lib/thumb/v6-m/nofp/libc_nano.a(lib_a-sbrkr.o)
                              /usr/lib/gcc/arm-none-eabi/8.2.0/../../../../arm-none-eabi/lib/thumb/v6-m/nofp/libc_nano.a(lib_a-nano-mallocr.o) (_sbrk_r)
/usr/lib/gcc/arm-none-eabi/8.2.0/../../../../arm-none-eabi/lib/thumb/v6-m/nofp/libc_nano.a(lib_a-mlock.o)
                              /usr/lib/gcc/arm-none-eabi/8.2.0/../../../../arm-none-eabi/lib/thumb/v6-m/nofp/libc_nano.a(lib_a-nano-freer.o) (__malloc_lock)
/usr/lib/gcc/arm-none-eabi/8.2.0/../../../../arm-none-eabi/lib/thumb/v6-m/nofp/libc_nano.a(lib_a-nano-msizer.o)
[...]
Memory Configuration

Name             Origin             Length             Attributes
RAM              0x0000000020000000 0x0000000000004000 xrw
FLASH            0x0000000008000000 0x0000000000020000 xr
*default*        0x0000000000000000 0xffffffffffffffff

Linker script and memory map

LOAD /usr/lib/gcc/arm-none-eabi/8.2.0/thumb/v6-m/nofp/crti.o
LOAD /usr/lib/gcc/arm-none-eabi/8.2.0/thumb/v6-m/nofp/crtbegin.o
LOAD /usr/lib/gcc/arm-none-eabi/8.2.0/../../../../arm-none-eabi/lib/thumb/v6-m/nofp/crt0.o
LOAD build/main.o
LOAD build/usb_device.o
LOAD build/usbd_conf.o
LOAD build/usbd_desc.o
LOAD build/usbd_cdc_if.o
LOAD build/stm32f0xx_it.o
LOAD build/stm32f0xx_hal_msp.o
LOAD build/stm32f0xx_hal_pcd.o
LOAD build/stm32f0xx_hal_pcd_ex.o
LOAD build/stm32f0xx_hal_adc.o
LOAD build/stm32f0xx_hal_adc_ex.o
LOAD build/stm32f0xx_hal_i2c.o
LOAD build/stm32f0xx_hal_i2c_ex.o
LOAD build/stm32f0xx_hal_tim.o
LOAD build/stm32f0xx_hal_tim_ex.o
LOAD build/stm32f0xx_hal_rcc.o
LOAD build/stm32f0xx_hal_rcc_ex.o
LOAD build/stm32f0xx_hal.o
LOAD build/stm32f0xx_hal_gpio.o
LOAD build/stm32f0xx_hal_dma.o
LOAD build/stm32f0xx_hal_cortex.o
LOAD build/stm32f0xx_hal_pwr.o
LOAD build/stm32f0xx_hal_pwr_ex.o
LOAD build/stm32f0xx_hal_flash.o
LOAD build/stm32f0xx_hal_flash_ex.o
LOAD build/system_stm32f0xx.o
LOAD build/tcpm_driver.o
LOAD build/usb_pd_driver.o
LOAD build/usb_pd_policy.o
LOAD build/usb_pd_protocol.o
LOAD build/usbd_core.o
LOAD build/usbd_ctlreq.o
LOAD build/usbd_ioreq.o
LOAD build/usbd_cdc.o
LOAD build/startup_stm32f072xb.o
LOAD /usr/lib/gcc/arm-none-eabi/8.2.0/../../../../arm-none-eabi/lib/thumb/v6-m/nofp/libc_nano.a
LOAD /usr/lib/gcc/arm-none-eabi/8.2.0/../../../../arm-none-eabi/lib/thumb/v6-m/nofp/libm.a
LOAD /usr/lib/gcc/arm-none-eabi/8.2.0/../../../../arm-none-eabi/lib/thumb/v6-m/nofp/libnosys.a
START GROUP
LOAD /usr/lib/gcc/arm-none-eabi/8.2.0/thumb/v6-m/nofp/libgcc.a
LOAD /usr/lib/gcc/arm-none-eabi/8.2.0/../../../../arm-none-eabi/lib/thumb/v6-m/nofp/libc_nano.a
END GROUP
START GROUP
LOAD /usr/lib/gcc/arm-none-eabi/8.2.0/thumb/v6-m/nofp/libgcc.a
LOAD /usr/lib/gcc/arm-none-eabi/8.2.0/../../../../arm-none-eabi/lib/thumb/v6-m/nofp/libc_nano.a
END GROUP
LOAD /usr/lib/gcc/arm-none-eabi/8.2.0/thumb/v6-m/nofp/crtend.o
LOAD /usr/lib/gcc/arm-none-eabi/8.2.0/thumb/v6-m/nofp/crtn.o
                0x0000000020004000                _estack = 0x20004000
                0x0000000000000200                _Min_Heap_Size = 0x200
                0x0000000000000400                _Min_Stack_Size = 0x400

.isr_vector     0x0000000008000000       0xc0
                0x0000000008000000                . = ALIGN (0x4)
 *(.isr_vector)
 .isr_vector    0x0000000008000000       0xc0 build/startup_stm32f072xb.o
                0x0000000008000000                g_pfnVectors
                0x00000000080000c0                . = ALIGN (0x4)

.text           0x00000000080000c0     0x7108
                0x00000000080000c0                . = ALIGN (0x4)
 *(.text)
 .text          0x00000000080000c0       0x8c /usr/lib/gcc/arm-none-eabi/8.2.0/thumb/v6-m/nofp/libgcc.a(_udivsi3.o)
                0x00000000080000c0                __udivsi3
                0x00000000080000c0                __aeabi_uidiv
                0x0000000008000138                __aeabi_uidivmod
 .text          0x000000000800014c       0xa8 /usr/lib/gcc/arm-none-eabi/8.2.0/thumb/v6-m/nofp/libgcc.a(_divsi3.o)
                0x000000000800014c                __aeabi_idiv
                0x000000000800014c                __divsi3
                0x00000000080001e0                __aeabi_idivmod
 .text          0x00000000080001f4        0x4 /usr/lib/gcc/arm-none-eabi/8.2.0/thumb/v6-m/nofp/libgcc.a(_dvmd_tls.o)
                0x00000000080001f4                __aeabi_ldiv0
                0x00000000080001f4                __aeabi_idiv0
 .text          0x00000000080001f8       0x40 /usr/lib/gcc/arm-none-eabi/8.2.0/thumb/v6-m/nofp/libgcc.a(_aeabi_uldivmod.o)
                0x00000000080001f8                __aeabi_uldivmod
 .text          0x0000000008000238       0x18 /usr/lib/gcc/arm-none-eabi/8.2.0/thumb/v6-m/nofp/libgcc.a(_lshrdi3.o)
                0x0000000008000238                __aeabi_llsr
                0x0000000008000238                __lshrdi3
 .text          0x0000000008000250       0x18 /usr/lib/gcc/arm-none-eabi/8.2.0/thumb/v6-m/nofp/libgcc.a(_ashldi3.o)
                0x0000000008000250                __ashldi3
                0x0000000008000250                __aeabi_llsl
 .text          0x0000000008000268       0x18 /usr/lib/gcc/arm-none-eabi/8.2.0/thumb/v6-m/nofp/libgcc.a(_clzdi2.o)
                0x0000000008000268                __clzdi2
 .text          0x0000000008000280       0x3c /usr/lib/gcc/arm-none-eabi/8.2.0/thumb/v6-m/nofp/libgcc.a(_clzsi2.o)
                0x0000000008000280                __clzsi2
 *(.text*)
 .text.__do_global_dtors_aux
                0x00000000080002bc       0x28 /usr/lib/gcc/arm-none-eabi/8.2.0/thumb/v6-m/nofp/crtbegin.o
 .text.frame_dummy
                0x00000000080002e4       0x20 /usr/lib/gcc/arm-none-eabi/8.2.0/thumb/v6-m/nofp/crtbegin.o
 .text.MX_GPIO_Init
                0x0000000008000304       0xa4 build/main.o
 .text.MX_DMA_Init
                0x00000000080003a8       0x50 build/main.o
 .text.MX_ADC_Init
                0x00000000080003f8       0x6c build/main.o
 .text.MX_I2C1_Init
                0x0000000008000464       0x44 build/main.o
 .text.MX_I2C2_Init
                0x00000000080004a8       0x54 build/main.o
 .text.dfu_otter_bootloader
                0x00000000080004fc       0x28 build/main.o
                0x00000000080004fc                dfu_otter_bootloader
 .text.SystemClock_Config
                0x0000000008000524       0x68 build/main.o
                0x0000000008000524                SystemClock_Config
 .text.main     0x000000000800058c       0xd0 build/main.o
                0x000000000800058c                main
 .text.Error_Handler
                0x000000000800065c        0x2 build/main.o
                0x000000000800065c                Error_Handler
 *fill*         0x000000000800065e        0x2 
 .text.MX_USB_DEVICE_Init
                0x0000000008000660       0x38 build/usb_device.o
                0x0000000008000660                MX_USB_DEVICE_Init
 .text.SystemClockConfig_Resume
                0x0000000008000698        0x8 build/usbd_conf.o
 .text.HAL_PCD_MspInit
                0x00000000080006a0       0x40 build/usbd_conf.o
                0x00000000080006a0                HAL_PCD_MspInit
 .text.HAL_PCD_SetupStageCallback
                0x00000000080006e0       0x14 build/usbd_conf.o
                0x00000000080006e0                HAL_PCD_SetupStageCallback
 .text.HAL_PCD_DataOutStageCallback
                0x00000000080006f4       0x1e build/usbd_conf.o
                0x00000000080006f4                HAL_PCD_DataOutStageCallback
 .text.HAL_PCD_DataInStageCallback
                0x0000000008000712       0x1a build/usbd_conf.o
                0x0000000008000712                HAL_PCD_DataInStageCallback
 .text.HAL_PCD_SOFCallback
                0x000000000800072c        0xe build/usbd_conf.o
                0x000000000800072c                HAL_PCD_SOFCallback
 .text.HAL_PCD_ResetCallback
                0x000000000800073a       0x18 build/usbd_conf.o
                0x000000000800073a                HAL_PCD_ResetCallback
 *fill*         0x0000000008000752        0x2 
 .text.HAL_PCD_SuspendCallback
                0x0000000008000754       0x24 build/usbd_conf.o
                0x0000000008000754                HAL_PCD_SuspendCallback
 .text.HAL_PCD_ResumeCallback
                0x0000000008000778       0x2c build/usbd_conf.o
                0x0000000008000778                HAL_PCD_ResumeCallback
 .text.USBD_LL_Init
                0x00000000080007a4       0x88 build/usbd_conf.o
                0x00000000080007a4                USBD_LL_Init
 .text.USBD_LL_Start
                0x000000000800082c       0x2c build/usbd_conf.o
                0x000000000800082c                USBD_LL_Start
 .text.USBD_LL_OpenEP
                0x0000000008000858       0x32 build/usbd_conf.o
                0x0000000008000858                USBD_LL_OpenEP
 .text.USBD_LL_CloseEP
                0x000000000800088a       0x2c build/usbd_conf.o
                0x000000000800088a                USBD_LL_CloseEP
 .text.USBD_LL_StallEP
                0x00000000080008b6       0x2c build/usbd_conf.o
                0x00000000080008b6                USBD_LL_StallEP
 .text.USBD_LL_ClearStallEP
                0x00000000080008e2       0x2c build/usbd_conf.o
                0x00000000080008e2                USBD_LL_ClearStallEP
 .text.USBD_LL_IsStallEP
                0x000000000800090e       0x32 build/usbd_conf.o
                0x000000000800090e                USBD_LL_IsStallEP
 .text.USBD_LL_SetUSBAddress
                0x0000000008000940       0x2c build/usbd_conf.o
                0x0000000008000940                USBD_LL_SetUSBAddress
 .text.USBD_LL_Transmit
                0x000000000800096c       0x2c build/usbd_conf.o
                0x000000000800096c                USBD_LL_Transmit
 .text.USBD_LL_PrepareReceive
                0x0000000008000998       0x2c build/usbd_conf.o
                0x0000000008000998                USBD_LL_PrepareReceive
 .text.USBD_LL_GetRxDataSize
                0x00000000080009c4        0xe build/usbd_conf.o
                0x00000000080009c4                USBD_LL_GetRxDataSize
 *fill*         0x00000000080009d2        0x2 
 .text.USBD_static_malloc
                0x00000000080009d4        0x8 build/usbd_conf.o
                0x00000000080009d4                USBD_static_malloc
 .text.USBD_static_free
                0x00000000080009dc        0x2 build/usbd_conf.o
                0x00000000080009dc                USBD_static_free
 *fill*         0x00000000080009de        0x2 
 .text.USBD_FS_DeviceDescriptor
                0x00000000080009e0        0xc build/usbd_desc.o
                0x00000000080009e0                USBD_FS_DeviceDescriptor
 .text.USBD_FS_LangIDStrDescriptor
                0x00000000080009ec        0xc build/usbd_desc.o
                0x00000000080009ec                USBD_FS_LangIDStrDescriptor
 .text.USBD_FS_ProductStrDescriptor
                0x00000000080009f8       0x28 build/usbd_desc.o
                0x00000000080009f8                USBD_FS_ProductStrDescriptor
 .text.USBD_FS_ManufacturerStrDescriptor
                0x0000000008000a20       0x1c build/usbd_desc.o
                0x0000000008000a20                USBD_FS_ManufacturerStrDescriptor
 .text.USBD_FS_SerialStrDescriptor
                0x0000000008000a3c       0x28 build/usbd_desc.o
                0x0000000008000a3c                USBD_FS_SerialStrDescriptor
 .text.USBD_FS_ConfigStrDescriptor
                0x0000000008000a64       0x28 build/usbd_desc.o
                0x0000000008000a64                USBD_FS_ConfigStrDescriptor
 .text.USBD_FS_InterfaceStrDescriptor
                0x0000000008000a8c       0x28 build/usbd_desc.o
                0x0000000008000a8c                USBD_FS_InterfaceStrDescriptor
 .text.CDC_DeInit_FS
                0x0000000008000ab4        0x4 build/usbd_cdc_if.o
 .text.CDC_Control_FS
                0x0000000008000ab8        0x4 build/usbd_cdc_if.o
 .text.CDC_Receive_FS
                0x0000000008000abc       0x1c build/usbd_cdc_if.o
 .text.CDC_Init_FS
                0x0000000008000ad8       0x28 build/usbd_cdc_if.o
 .text.CDC_Transmit_FS
                0x0000000008000b00       0x30 build/usbd_cdc_if.o
                0x0000000008000b00                CDC_Transmit_FS
 .text.NMI_Handler
                0x0000000008000b30        0x2 build/stm32f0xx_it.o
                0x0000000008000b30                NMI_Handler
 .text.HardFault_Handler
                0x0000000008000b32        0x2 build/stm32f0xx_it.o
                0x0000000008000b32                HardFault_Handler
 .text.SVC_Handler
                0x0000000008000b34        0x2 build/stm32f0xx_it.o
                0x0000000008000b34                SVC_Handler
 .text.PendSV_Handler
                0x0000000008000b36        0x2 build/stm32f0xx_it.o
                0x0000000008000b36                PendSV_Handler
 .text.SysTick_Handler
                0x0000000008000b38       0x14 build/stm32f0xx_it.o
                0x0000000008000b38                SysTick_Handler
 .text.DMA1_Channel1_IRQHandler
                0x0000000008000b4c       0x10 build/stm32f0xx_it.o
                0x0000000008000b4c                DMA1_Channel1_IRQHandler
 .text.DMA1_Channel2_3_IRQHandler
                0x0000000008000b5c       0x18 build/stm32f0xx_it.o
                0x0000000008000b5c                DMA1_Channel2_3_IRQHandler
 .text.DMA1_Channel4_5_6_7_IRQHandler
                0x0000000008000b74       0x18 build/stm32f0xx_it.o
                0x0000000008000b74                DMA1_Channel4_5_6_7_IRQHandler
 .text.USB_IRQHandler
                0x0000000008000b8c       0x10 build/stm32f0xx_it.o
                0x0000000008000b8c                USB_IRQHandler
 .text.HAL_MspInit
                0x0000000008000b9c       0x30 build/stm32f0xx_hal_msp.o
                0x0000000008000b9c                HAL_MspInit
 .text.HAL_ADC_MspInit
                0x0000000008000bcc       0x9c build/stm32f0xx_hal_msp.o
                0x0000000008000bcc                HAL_ADC_MspInit
 .text.HAL_I2C_MspInit
                0x0000000008000c68      0x194 build/stm32f0xx_hal_msp.o
                0x0000000008000c68                HAL_I2C_MspInit
 .text.HAL_PCD_Init
                0x0000000008000dfc       0xc0 build/stm32f0xx_hal_pcd.o
                0x0000000008000dfc                HAL_PCD_Init
 .text.HAL_PCD_Start
                0x0000000008000ebc       0x18 build/stm32f0xx_hal_pcd.o
                0x0000000008000ebc                HAL_PCD_Start
 .text.HAL_PCD_SetAddress
                0x0000000008000ed4       0x36 build/stm32f0xx_hal_pcd.o
                0x0000000008000ed4                HAL_PCD_SetAddress
 *fill*         0x0000000008000f0a        0x2 
 .text.HAL_PCD_EP_Open
                0x0000000008000f0c      0x354 build/stm32f0xx_hal_pcd.o
                0x0000000008000f0c                HAL_PCD_EP_Open
 .text.HAL_PCD_EP_Close
                0x0000000008001260      0x1d0 build/stm32f0xx_hal_pcd.o
                0x0000000008001260                HAL_PCD_EP_Close
 .text.HAL_PCD_EP_Receive
                0x0000000008001430      0x200 build/stm32f0xx_hal_pcd.o
                0x0000000008001430                HAL_PCD_EP_Receive
 .text.HAL_PCD_EP_GetRxCount
                0x0000000008001630       0x14 build/stm32f0xx_hal_pcd.o
                0x0000000008001630                HAL_PCD_EP_GetRxCount
 .text.HAL_PCD_EP_SetStall
                0x0000000008001644       0xc0 build/stm32f0xx_hal_pcd.o
                0x0000000008001644                HAL_PCD_EP_SetStall
 .text.HAL_PCD_EP_ClrStall
                0x0000000008001704       0xe0 build/stm32f0xx_hal_pcd.o
                0x0000000008001704                HAL_PCD_EP_ClrStall
 .text.PCD_WritePMA
                0x00000000080017e4       0x28 build/stm32f0xx_hal_pcd.o
                0x00000000080017e4                PCD_WritePMA
 .text.HAL_PCD_EP_Transmit
                0x000000000800180c      0x21c build/stm32f0xx_hal_pcd.o
                0x000000000800180c                HAL_PCD_EP_Transmit
 .text.PCD_ReadPMA
                0x0000000008001a28       0x2c build/stm32f0xx_hal_pcd.o
                0x0000000008001a28                PCD_ReadPMA
 .text.PCD_EP_ISR_Handler
                0x0000000008001a54      0x4bc build/stm32f0xx_hal_pcd.o
 .text.HAL_PCD_IRQHandler
                0x0000000008001f10      0x11c build/stm32f0xx_hal_pcd.o
                0x0000000008001f10                HAL_PCD_IRQHandler
 .text.HAL_PCDEx_PMAConfig
                0x000000000800202c       0x3a build/stm32f0xx_hal_pcd_ex.o
                0x000000000800202c                HAL_PCDEx_PMAConfig
 *fill*         0x0000000008002066        0x2 
 .text.HAL_ADC_Init
                0x0000000008002068      0x17c build/stm32f0xx_hal_adc.o
                0x0000000008002068                HAL_ADC_Init
 .text.HAL_ADC_ConfigChannel
                0x00000000080021e4      0x14c build/stm32f0xx_hal_adc.o
                0x00000000080021e4                HAL_ADC_ConfigChannel
 .text.HAL_I2C_Init
                0x0000000008002330       0xcc build/stm32f0xx_hal_i2c.o
                0x0000000008002330                HAL_I2C_Init
 .text.HAL_I2CEx_ConfigAnalogFilter
                0x00000000080023fc       0x58 build/stm32f0xx_hal_i2c_ex.o
                0x00000000080023fc                HAL_I2CEx_ConfigAnalogFilter
 .text.HAL_I2CEx_ConfigDigitalFilter
                0x0000000008002454       0x54 build/stm32f0xx_hal_i2c_ex.o
                0x0000000008002454                HAL_I2CEx_ConfigDigitalFilter
 .text.HAL_RCC_OscConfig
                0x00000000080024a8      0x4fc build/stm32f0xx_hal_rcc.o
                0x00000000080024a8                HAL_RCC_OscConfig
 .text.HAL_RCC_GetSysClockFreq
                0x00000000080029a4       0x94 build/stm32f0xx_hal_rcc.o
                0x00000000080029a4                HAL_RCC_GetSysClockFreq
 .text.HAL_RCC_ClockConfig
                0x0000000008002a38      0x188 build/stm32f0xx_hal_rcc.o
                0x0000000008002a38                HAL_RCC_ClockConfig
 .text.HAL_RCC_GetHCLKFreq
                0x0000000008002bc0        0xc build/stm32f0xx_hal_rcc.o
                0x0000000008002bc0                HAL_RCC_GetHCLKFreq
 .text.HAL_RCCEx_PeriphCLKConfig
                0x0000000008002bcc      0x158 build/stm32f0xx_hal_rcc_ex.o
                0x0000000008002bcc                HAL_RCCEx_PeriphCLKConfig
 .text.HAL_InitTick
                0x0000000008002d24       0x24 build/stm32f0xx_hal.o
                0x0000000008002d24                HAL_InitTick
 .text.HAL_Init
                0x0000000008002d48       0x20 build/stm32f0xx_hal.o
                0x0000000008002d48                HAL_Init
 .text.HAL_IncTick
                0x0000000008002d68       0x10 build/stm32f0xx_hal.o
                0x0000000008002d68                HAL_IncTick
 .text.HAL_GetTick
                0x0000000008002d78        0xc build/stm32f0xx_hal.o
                0x0000000008002d78                HAL_GetTick
 .text.HAL_Delay
                0x0000000008002d84       0x22 build/stm32f0xx_hal.o
                0x0000000008002d84                HAL_Delay
 *fill*         0x0000000008002da6        0x2 
 .text.HAL_GPIO_Init
                0x0000000008002da8      0x198 build/stm32f0xx_hal_gpio.o
                0x0000000008002da8                HAL_GPIO_Init
 .text.HAL_GPIO_ReadPin
                0x0000000008002f40        0xe build/stm32f0xx_hal_gpio.o
                0x0000000008002f40                HAL_GPIO_ReadPin
 .text.HAL_GPIO_WritePin
                0x0000000008002f4e        0xc build/stm32f0xx_hal_gpio.o
                0x0000000008002f4e                HAL_GPIO_WritePin
 *fill*         0x0000000008002f5a        0x2 
 .text.DMA_CalcBaseAndBitshift
                0x0000000008002f5c       0x28 build/stm32f0xx_hal_dma.o
 .text.HAL_DMA_Init
                0x0000000008002f84       0x58 build/stm32f0xx_hal_dma.o
                0x0000000008002f84                HAL_DMA_Init
 .text.HAL_DMA_IRQHandler
                0x0000000008002fdc       0xaa build/stm32f0xx_hal_dma.o
                0x0000000008002fdc                HAL_DMA_IRQHandler
 *fill*         0x0000000008003086        0x2 
 .text.HAL_NVIC_SetPriority
                0x0000000008003088       0x64 build/stm32f0xx_hal_cortex.o
                0x0000000008003088                HAL_NVIC_SetPriority
 .text.HAL_NVIC_EnableIRQ
                0x00000000080030ec       0x14 build/stm32f0xx_hal_cortex.o
                0x00000000080030ec                HAL_NVIC_EnableIRQ
 .text.HAL_SYSTICK_Config
                0x0000000008003100       0x38 build/stm32f0xx_hal_cortex.o
                0x0000000008003100                HAL_SYSTICK_Config
 .text.SystemInit
                0x0000000008003138       0xa0 build/system_stm32f0xx.o
                0x0000000008003138                SystemInit
 .text.pd_set_input_current_limit
                0x00000000080031d8        0x2 build/usb_pd_driver.o
                0x00000000080031d8                pd_set_input_current_limit
 .text.pd_is_valid_input_voltage
                0x00000000080031da        0x4 build/usb_pd_driver.o
                0x00000000080031da                pd_is_valid_input_voltage
 .text.pd_snk_is_vbus_provided
                0x00000000080031de        0x4 build/usb_pd_driver.o
                0x00000000080031de                pd_snk_is_vbus_provided
 *fill*         0x00000000080031e2        0x2 
 .text.get_time
                0x00000000080031e4       0x1c build/usb_pd_driver.o
                0x00000000080031e4                get_time
 .text.pd_power_supply_reset
                0x0000000008003200        0x2 build/usb_pd_driver.o
                0x0000000008003200                pd_power_supply_reset
 .text.pd_custom_vdm
                0x0000000008003202        0x4 build/usb_pd_driver.o
                0x0000000008003202                pd_custom_vdm
 .text.pd_execute_data_swap
                0x0000000008003206        0x2 build/usb_pd_driver.o
                0x0000000008003206                pd_execute_data_swap
 .text.pd_check_data_swap
                0x0000000008003208        0x4 build/usb_pd_driver.o
                0x0000000008003208                pd_check_data_swap
 .text.pd_check_power_swap
                0x000000000800320c        0x4 build/usb_pd_driver.o
                0x000000000800320c                pd_check_power_swap
 .text.pd_board_checks
                0x0000000008003210        0x4 build/usb_pd_driver.o
                0x0000000008003210                pd_board_checks
 .text.pd_set_power_supply_ready
                0x0000000008003214        0x4 build/usb_pd_driver.o
                0x0000000008003214                pd_set_power_supply_ready
 .text.pd_transition_voltage
                0x0000000008003218        0x2 build/usb_pd_driver.o
                0x0000000008003218                pd_transition_voltage
 .text.pd_check_dr_role
                0x000000000800321a        0x2 build/usb_pd_driver.o
                0x000000000800321a                pd_check_dr_role
 .text.pd_check_pr_role
                0x000000000800321c        0x2 build/usb_pd_driver.o
                0x000000000800321c                pd_check_pr_role
 .text.stub_pd_board_check_request
                0x000000000800321e       0x18 build/usb_pd_policy.o
                0x000000000800321e                pd_board_check_request
 *fill*         0x0000000008003236        0x2 
 .text.pd_check_requested_voltage
                0x0000000008003238       0x54 build/usb_pd_policy.o
                0x0000000008003238                pd_check_requested_voltage
 .text.pd_find_pdo_index
                0x000000000800328c      0x100 build/usb_pd_policy.o
                0x000000000800328c                pd_find_pdo_index
 .text.pd_extract_pdo_power
                0x000000000800338c       0xb0 build/usb_pd_policy.o
                0x000000000800338c                pd_extract_pdo_power
 .text.pd_build_request
                0x000000000800343c       0xc0 build/usb_pd_policy.o
                0x000000000800343c                pd_build_request
 .text.pd_process_source_cap
                0x00000000080034fc       0x50 build/usb_pd_policy.o
                0x00000000080034fc                pd_process_source_cap
 .text.pd_process_source_cap_callback
                0x000000000800354c        0x2 build/usb_pd_policy.o
                0x000000000800354c                pd_process_source_cap_callback
 .text.pd_svdm  0x000000000800354e        0x4 build/usb_pd_policy.o
                0x000000000800354e                pd_svdm
 *fill*         0x0000000008003552        0x2 
 .text.pd_update_roles
                0x0000000008003554       0x24 build/usb_pd_protocol.o
 .text.pd_update_pdo_flags
                0x0000000008003578       0xa0 build/usb_pd_protocol.o
 .text.vdm_get_ready_timeout
                0x0000000008003618       0x4c build/usb_pd_protocol.o
 .text.pd_is_power_swapping
                0x0000000008003664       0x38 build/usb_pd_protocol.o
 .text.get_typec_current_limit
                0x000000000800369c       0x3c build/usb_pd_protocol.o
 .text.set_state
                0x00000000080036d8       0x74 build/usb_pd_protocol.o
 .text.queue_vdm
                0x000000000800374c       0x30 build/usb_pd_protocol.o
 .text.handle_vdm_request
                0x000000000800377c       0x9c build/usb_pd_protocol.o
 .text.pd_set_data_role
                0x0000000008003818       0x1c build/usb_pd_protocol.o
 .text.pd_dr_swap
                0x0000000008003834       0x20 build/usb_pd_protocol.o
 .text.pd_restart_tcpc
                0x0000000008003854       0x3c build/usb_pd_protocol.o
 .text.execute_soft_reset
                0x0000000008003890       0x7c build/usb_pd_protocol.o
 .text.pd_comm_is_enabled
                0x000000000800390c        0x4 build/usb_pd_protocol.o
                0x000000000800390c                pd_comm_is_enabled
 .text.pd_transmit
                0x0000000008003910       0x50 build/usb_pd_protocol.o
 .text.send_sink_cap
                0x0000000008003960       0x44 build/usb_pd_protocol.o
 .text.send_source_cap
                0x00000000080039a4       0x68 build/usb_pd_protocol.o
 .text.send_request
                0x0000000008003a0c       0x3c build/usb_pd_protocol.o
 .text.pd_send_request_msg
                0x0000000008003a48       0x7c build/usb_pd_protocol.o
 .text.send_control
                0x0000000008003ac4       0x34 build/usb_pd_protocol.o
 .text.handle_ctrl_request
                0x0000000008003af8      0x414 build/usb_pd_protocol.o
 .text.handle_data_request
                0x0000000008003f0c      0x1d8 build/usb_pd_protocol.o
 .text.pd_is_connected
                0x00000000080040e4       0x3c build/usb_pd_protocol.o
                0x00000000080040e4                pd_is_connected
 .text.pd_vdm_send_state_machine
                0x0000000008004120      0x140 build/usb_pd_protocol.o
 .text.handle_request
                0x0000000008004260       0x50 build/usb_pd_protocol.o
 .text.pd_execute_hard_reset
                0x00000000080042b0       0xa4 build/usb_pd_protocol.o
                0x00000000080042b0                pd_execute_hard_reset
 .text.pd_send_vdm
                0x0000000008004354       0x50 build/usb_pd_protocol.o
                0x0000000008004354                pd_send_vdm
 .text.pd_init  0x00000000080043a4      0x118 build/usb_pd_protocol.o
                0x00000000080043a4                pd_init
 .text.pd_run_state_machine
                0x00000000080044bc     0x1764 build/usb_pd_protocol.o
                0x00000000080044bc                pd_run_state_machine
 .text.USBD_Init
                0x0000000008005c20       0x38 build/usbd_core.o
                0x0000000008005c20                USBD_Init
 .text.USBD_RegisterClass
                0x0000000008005c58       0x12 build/usbd_core.o
                0x0000000008005c58                USBD_RegisterClass
 .text.USBD_Start
                0x0000000008005c6a        0xa build/usbd_core.o
                0x0000000008005c6a                USBD_Start
 .text.USBD_SetClassConfig
                0x0000000008005c74       0x20 build/usbd_core.o
                0x0000000008005c74                USBD_SetClassConfig
 .text.USBD_ClrClassConfig
                0x0000000008005c94       0x10 build/usbd_core.o
                0x0000000008005c94                USBD_ClrClassConfig
 .text.USBD_LL_SetupStage
                0x0000000008005ca4       0x68 build/usbd_core.o
                0x0000000008005ca4                USBD_LL_SetupStage
 .text.USBD_LL_DataOutStage
                0x0000000008005d0c       0x7a build/usbd_core.o
                0x0000000008005d0c                USBD_LL_DataOutStage
 .text.USBD_LL_DataInStage
                0x0000000008005d86       0xc4 build/usbd_core.o
                0x0000000008005d86                USBD_LL_DataInStage
 .text.USBD_LL_Reset
                0x0000000008005e4a       0x46 build/usbd_core.o
                0x0000000008005e4a                USBD_LL_Reset
 .text.USBD_LL_SetSpeed
                0x0000000008005e90        0x6 build/usbd_core.o
                0x0000000008005e90                USBD_LL_SetSpeed
 .text.USBD_LL_Suspend
                0x0000000008005e96       0x16 build/usbd_core.o
                0x0000000008005e96                USBD_LL_Suspend
 .text.USBD_LL_Resume
                0x0000000008005eac        0xe build/usbd_core.o
                0x0000000008005eac                USBD_LL_Resume
 .text.USBD_LL_SOF
                0x0000000008005eba       0x20 build/usbd_core.o
                0x0000000008005eba                USBD_LL_SOF
 .text.USBD_GetLen
                0x0000000008005eda       0x14 build/usbd_ctlreq.o
 .text.USBD_SetFeature
                0x0000000008005eee       0x24 build/usbd_ctlreq.o
 .text.USBD_ParseSetupRequest
                0x0000000008005f12       0x28 build/usbd_ctlreq.o
                0x0000000008005f12                USBD_ParseSetupRequest
 .text.USBD_CtlError
                0x0000000008005f3a       0x14 build/usbd_ctlreq.o
                0x0000000008005f3a                USBD_CtlError
 *fill*         0x0000000008005f4e        0x2 
 .text.USBD_GetDescriptor
                0x0000000008005f50      0x15c build/usbd_ctlreq.o
 .text.USBD_SetAddress
                0x00000000080060ac       0x58 build/usbd_ctlreq.o
 .text.USBD_SetConfig
                0x0000000008006104       0xb0 build/usbd_ctlreq.o
 .text.USBD_GetConfig
                0x00000000080061b4       0x3c build/usbd_ctlreq.o
 .text.USBD_GetStatus
                0x00000000080061f0       0x32 build/usbd_ctlreq.o
 .text.USBD_ClrFeature
                0x0000000008006222       0x34 build/usbd_ctlreq.o
 *fill*         0x0000000008006256        0x2 
 .text.USBD_StdDevReq
                0x0000000008006258       0x48 build/usbd_ctlreq.o
                0x0000000008006258                USBD_StdDevReq
 .text.USBD_StdItfReq
                0x00000000080062a0       0x3c build/usbd_ctlreq.o
                0x00000000080062a0                USBD_StdItfReq
 .text.USBD_StdEPReq
                0x00000000080062dc      0x13a build/usbd_ctlreq.o
                0x00000000080062dc                USBD_StdEPReq
 .text.USBD_GetString
                0x0000000008006416       0x3c build/usbd_ctlreq.o
                0x0000000008006416                USBD_GetString
 .text.USBD_CtlSendData
                0x0000000008006452       0x1c build/usbd_ioreq.o
                0x0000000008006452                USBD_CtlSendData
 .text.USBD_CtlContinueSendData
                0x000000000800646e       0x10 build/usbd_ioreq.o
                0x000000000800646e                USBD_CtlContinueSendData
 .text.USBD_CtlPrepareRx
                0x000000000800647e       0x20 build/usbd_ioreq.o
                0x000000000800647e                USBD_CtlPrepareRx
 .text.USBD_CtlContinueRx
                0x000000000800649e       0x10 build/usbd_ioreq.o
                0x000000000800649e                USBD_CtlContinueRx
 .text.USBD_CtlSendStatus
                0x00000000080064ae       0x18 build/usbd_ioreq.o
                0x00000000080064ae                USBD_CtlSendStatus
 .text.USBD_CtlReceiveStatus
                0x00000000080064c6       0x18 build/usbd_ioreq.o
                0x00000000080064c6                USBD_CtlReceiveStatus
 .text.USBD_CDC_DataIn
                0x00000000080064de       0x1a build/usbd_cdc.o
 .text.USBD_CDC_EP0_RxReady
                0x00000000080064f8       0x34 build/usbd_cdc.o
 .text.USBD_CDC_GetFSCfgDesc
                0x000000000800652c        0xc build/usbd_cdc.o
 .text.USBD_CDC_GetHSCfgDesc
                0x0000000008006538        0xc build/usbd_cdc.o
 .text.USBD_CDC_GetOtherSpeedCfgDesc
                0x0000000008006544        0xc build/usbd_cdc.o
 .text.USBD_CDC_GetDeviceQualifierDescriptor
                0x0000000008006550        0xc build/usbd_cdc.o
                0x0000000008006550                USBD_CDC_GetDeviceQualifierDescriptor
 .text.USBD_CDC_DataOut
                0x000000000800655c       0x36 build/usbd_cdc.o
 *fill*         0x0000000008006592        0x2 
 .text.USBD_CDC_Setup
                0x0000000008006594       0x88 build/usbd_cdc.o
 .text.USBD_CDC_DeInit
                0x000000000800661c       0x40 build/usbd_cdc.o
 .text.USBD_CDC_Init
                0x000000000800665c       0xa4 build/usbd_cdc.o
 .text.USBD_CDC_RegisterInterface
                0x0000000008006700       0x12 build/usbd_cdc.o
                0x0000000008006700                USBD_CDC_RegisterInterface
 .text.USBD_CDC_SetTxBuffer
                0x0000000008006712       0x16 build/usbd_cdc.o
                0x0000000008006712                USBD_CDC_SetTxBuffer
 .text.USBD_CDC_SetRxBuffer
                0x0000000008006728        0xe build/usbd_cdc.o
                0x0000000008006728                USBD_CDC_SetRxBuffer
 .text.USBD_CDC_TransmitPacket
                0x0000000008006736       0x3a build/usbd_cdc.o
                0x0000000008006736                USBD_CDC_TransmitPacket
 .text.USBD_CDC_ReceivePacket
                0x0000000008006770       0x3c build/usbd_cdc.o
                0x0000000008006770                USBD_CDC_ReceivePacket
 .text.Reset_Handler
                0x00000000080067ac       0x50 build/startup_stm32f072xb.o
                0x00000000080067ac                Reset_Handler
 .text.Default_Handler
                0x00000000080067fc        0x2 build/startup_stm32f072xb.o
                0x00000000080067fc                TIM1_CC_IRQHandler
                0x00000000080067fc                TSC_IRQHandler
                0x00000000080067fc                ADC1_COMP_IRQHandler
                0x00000000080067fc                I2C1_IRQHandler
                0x00000000080067fc                RCC_CRS_IRQHandler
                0x00000000080067fc                SPI1_IRQHandler
                0x00000000080067fc                TIM6_DAC_IRQHandler
                0x00000000080067fc                USART3_4_IRQHandler
                0x00000000080067fc                EXTI2_3_IRQHandler
                0x00000000080067fc                I2C2_IRQHandler
                0x00000000080067fc                TIM17_IRQHandler
                0x00000000080067fc                CEC_CAN_IRQHandler
                0x00000000080067fc                RTC_IRQHandler
                0x00000000080067fc                PVD_VDDIO2_IRQHandler
                0x00000000080067fc                TIM16_IRQHandler
                0x00000000080067fc                TIM3_IRQHandler
                0x00000000080067fc                EXTI4_15_IRQHandler
                0x00000000080067fc                Default_Handler
                0x00000000080067fc                TIM14_IRQHandler
                0x00000000080067fc                TIM7_IRQHandler
                0x00000000080067fc                TIM15_IRQHandler
                0x00000000080067fc                EXTI0_1_IRQHandler
                0x00000000080067fc                SPI2_IRQHandler
                0x00000000080067fc                WWDG_IRQHandler
                0x00000000080067fc                TIM2_IRQHandler
                0x00000000080067fc                USART2_IRQHandler
                0x00000000080067fc                FLASH_IRQHandler
                0x00000000080067fc                USART1_IRQHandler
                0x00000000080067fc                TIM1_BRK_UP_TRG_COM_IRQHandler
 *fill*         0x00000000080067fe        0x2 
 .text.__libc_init_array
                0x0000000008006800       0x48 /usr/lib/gcc/arm-none-eabi/8.2.0/../../../../arm-none-eabi/lib/thumb/v6-m/nofp/libc_nano.a(lib_a-init.o)
                0x0000000008006800                __libc_init_array
 .text.memcpy   0x0000000008006848       0x12 /usr/lib/gcc/arm-none-eabi/8.2.0/../../../../arm-none-eabi/lib/thumb/v6-m/nofp/libc_nano.a(lib_a-memcpy-stub.o)
                0x0000000008006848                memcpy
 .text.memset   0x000000000800685a       0x10 /usr/lib/gcc/arm-none-eabi/8.2.0/../../../../arm-none-eabi/lib/thumb/v6-m/nofp/libc_nano.a(lib_a-memset.o)
                0x000000000800685a                memset
 *fill*         0x000000000800686a        0x2 
 .text.sprintf  0x000000000800686c       0x40 /usr/lib/gcc/arm-none-eabi/8.2.0/../../../../arm-none-eabi/lib/thumb/v6-m/nofp/libc_nano.a(lib_a-sprintf.o)
                0x000000000800686c                sprintf
                0x000000000800686c                siprintf
 .text.__ssputs_r
                0x00000000080068ac       0xc4 /usr/lib/gcc/arm-none-eabi/8.2.0/../../../../arm-none-eabi/lib/thumb/v6-m/nofp/libc_nano.a(lib_a-nano-svfprintf.o)
                0x00000000080068ac                __ssputs_r
 .text._svfprintf_r
                0x0000000008006970      0x1fc /usr/lib/gcc/arm-none-eabi/8.2.0/../../../../arm-none-eabi/lib/thumb/v6-m/nofp/libc_nano.a(lib_a-nano-svfprintf.o)
                0x0000000008006970                _svfprintf_r
                0x0000000008006970                _svfiprintf_r
 .text._printf_common
                0x0000000008006b6c       0xda /usr/lib/gcc/arm-none-eabi/8.2.0/../../../../arm-none-eabi/lib/thumb/v6-m/nofp/libc_nano.a(lib_a-nano-vfprintf_i.o)
                0x0000000008006b6c                _printf_common
 *fill*         0x0000000008006c46        0x2 
 .text._printf_i
                0x0000000008006c48      0x214 /usr/lib/gcc/arm-none-eabi/8.2.0/../../../../arm-none-eabi/lib/thumb/v6-m/nofp/libc_nano.a(lib_a-nano-vfprintf_i.o)
                0x0000000008006c48                _printf_i
 .text.memchr   0x0000000008006e5c       0x16 /usr/lib/gcc/arm-none-eabi/8.2.0/../../../../arm-none-eabi/lib/thumb/v6-m/nofp/libc_nano.a(lib_a-memchr-stub.o)
                0x0000000008006e5c                memchr
 .text.memmove  0x0000000008006e72       0x26 /usr/lib/gcc/arm-none-eabi/8.2.0/../../../../arm-none-eabi/lib/thumb/v6-m/nofp/libc_nano.a(lib_a-memmove.o)
                0x0000000008006e72                memmove
 .text._free_r  0x0000000008006e98       0x94 /usr/lib/gcc/arm-none-eabi/8.2.0/../../../../arm-none-eabi/lib/thumb/v6-m/nofp/libc_nano.a(lib_a-nano-freer.o)
                0x0000000008006e98                _free_r
 .text._malloc_r
                0x0000000008006f2c       0xbc /usr/lib/gcc/arm-none-eabi/8.2.0/../../../../arm-none-eabi/lib/thumb/v6-m/nofp/libc_nano.a(lib_a-nano-mallocr.o)
                0x0000000008006f2c                _malloc_r
 .text._realloc_r
                0x0000000008006fe8       0x4c /usr/lib/gcc/arm-none-eabi/8.2.0/../../../../arm-none-eabi/lib/thumb/v6-m/nofp/libc_nano.a(lib_a-nano-reallocr.o)
                0x0000000008006fe8                _realloc_r
 .text._sbrk_r  0x0000000008007034       0x24 /usr/lib/gcc/arm-none-eabi/8.2.0/../../../../arm-none-eabi/lib/thumb/v6-m/nofp/libc_nano.a(lib_a-sbrkr.o)
                0x0000000008007034                _sbrk_r
 .text.__malloc_lock
                0x0000000008007058        0x2 /usr/lib/gcc/arm-none-eabi/8.2.0/../../../../arm-none-eabi/lib/thumb/v6-m/nofp/libc_nano.a(lib_a-mlock.o)
                0x0000000008007058                __malloc_lock
 .text.__malloc_unlock
                0x000000000800705a        0x2 /usr/lib/gcc/arm-none-eabi/8.2.0/../../../../arm-none-eabi/lib/thumb/v6-m/nofp/libc_nano.a(lib_a-mlock.o)
                0x000000000800705a                __malloc_unlock
 .text._malloc_usable_size_r
                0x000000000800705c       0x10 /usr/lib/gcc/arm-none-eabi/8.2.0/../../../../arm-none-eabi/lib/thumb/v6-m/nofp/libc_nano.a(lib_a-nano-msizer.o)
                0x000000000800705c                _malloc_usable_size_r
 .text._sbrk    0x000000000800706c       0x1c /usr/lib/gcc/arm-none-eabi/8.2.0/../../../../arm-none-eabi/lib/thumb/v6-m/nofp/libnosys.a(sbrk.o)
                0x000000000800706c                _sbrk
 .text.__muldi3
                0x0000000008007088       0x44 /usr/lib/gcc/arm-none-eabi/8.2.0/thumb/v6-m/nofp/libgcc.a(_muldi3.o)
                0x0000000008007088                __aeabi_lmul
                0x0000000008007088                __muldi3
 .text.__udivmoddi4
                0x00000000080070cc       0xe2 /usr/lib/gcc/arm-none-eabi/8.2.0/thumb/v6-m/nofp/libgcc.a(_udivmoddi4.o)
                0x00000000080070cc                __udivmoddi4
 *(.glue_7)
 .glue_7        0x00000000080071ae        0x0 linker stubs
 *(.glue_7t)
 .glue_7t       0x00000000080071ae        0x0 linker stubs
 *(.eh_frame)
 *fill*         0x00000000080071ae        0x2 
 .eh_frame      0x00000000080071b0        0x0 /usr/lib/gcc/arm-none-eabi/8.2.0/thumb/v6-m/nofp/crtbegin.o
 *(.init)
 .init          0x00000000080071b0        0x4 /usr/lib/gcc/arm-none-eabi/8.2.0/thumb/v6-m/nofp/crti.o
                0x00000000080071b0                _init
 .init          0x00000000080071b4        0x8 /usr/lib/gcc/arm-none-eabi/8.2.0/thumb/v6-m/nofp/crtn.o
 *(.fini)
 .fini          0x00000000080071bc        0x4 /usr/lib/gcc/arm-none-eabi/8.2.0/thumb/v6-m/nofp/crti.o
                0x00000000080071bc                _fini
 .fini          0x00000000080071c0        0x8 /usr/lib/gcc/arm-none-eabi/8.2.0/thumb/v6-m/nofp/crtn.o
                0x00000000080071c8                . = ALIGN (0x4)
                0x00000000080071c8                _etext = .

.vfp11_veneer   0x00000000080071c8        0x0
 .vfp11_veneer  0x00000000080071c8        0x0 linker stubs

.v4_bx          0x00000000080071c8        0x0
 .v4_bx         0x00000000080071c8        0x0 linker stubs

.iplt           0x00000000080071c8        0x0
 .iplt          0x00000000080071c8        0x0 /usr/lib/gcc/arm-none-eabi/8.2.0/thumb/v6-m/nofp/crtbegin.o

.rodata         0x00000000080071c8      0x240
                0x00000000080071c8                . = ALIGN (0x4)
 *(.rodata)
 .rodata        0x00000000080071c8       0x20 build/stm32f0xx_hal_rcc.o
 *(.rodata*)
 .rodata.main.str1.4
                0x00000000080071e8        0xc build/main.o
 .rodata.tcpc_config
                0x00000000080071f4       0x10 build/main.o
                0x00000000080071f4                tcpc_config
 .rodata.USBD_FS_ConfigStrDescriptor.str1.4
                0x0000000008007204        0xb build/usbd_desc.o
 *fill*         0x000000000800720f        0x1 
 .rodata.USBD_FS_InterfaceStrDescriptor.str1.4
                0x0000000008007210        0xe build/usbd_desc.o
 *fill*         0x000000000800721e        0x2 
 .rodata.USBD_FS_ManufacturerStrDescriptor.str1.4
                0x0000000008007220       0x13 build/usbd_desc.o
 *fill*         0x0000000008007233        0x1 
 .rodata.USBD_FS_ProductStrDescriptor.str1.4
                0x0000000008007234       0x16 build/usbd_desc.o
 *fill*         0x000000000800724a        0x2 
 .rodata.USBD_FS_SerialStrDescriptor.str1.4
                0x000000000800724c       0x10 build/usbd_desc.o
                                          0xd (size before relaxing)
 .rodata.AHBPrescTable
                0x000000000800725c       0x10 build/system_stm32f0xx.o
                0x000000000800725c                AHBPrescTable
 .rodata.pd_snk_pdo
                0x000000000800726c        0xc build/usb_pd_driver.o
                0x000000000800726c                pd_snk_pdo
 .rodata.pd_snk_pdo_cnt
                0x0000000008007278        0x4 build/usb_pd_driver.o
                0x0000000008007278                pd_snk_pdo_cnt
 .rodata.pd_src_pdo
                0x000000000800727c        0x4 build/usb_pd_driver.o
                0x000000000800727c                pd_src_pdo
 .rodata.pd_src_pdo_cnt
                0x0000000008007280        0x4 build/usb_pd_driver.o
                0x0000000008007280                pd_src_pdo_cnt
 .rodata.handle_ctrl_request
                0x0000000008007284       0x2c build/usb_pd_protocol.o
 .rodata.handle_data_request
                0x00000000080072b0       0x40 build/usb_pd_protocol.o
 .rodata.pd_run_state_machine
                0x00000000080072f0       0x84 build/usb_pd_protocol.o
 .rodata.USBD_GetDescriptor
                0x0000000008007374       0x38 build/usbd_ctlreq.o
 .rodata.USBD_StdDevReq
                0x00000000080073ac       0x28 build/usbd_ctlreq.o
 .rodata._svfprintf_r.str1.1
                0x00000000080073d4       0x11 /usr/lib/gcc/arm-none-eabi/8.2.0/../../../../arm-none-eabi/lib/thumb/v6-m/nofp/libc_nano.a(lib_a-nano-svfprintf.o)
 .rodata._printf_i.str1.1
                0x00000000080073e5       0x22 /usr/lib/gcc/arm-none-eabi/8.2.0/../../../../arm-none-eabi/lib/thumb/v6-m/nofp/libc_nano.a(lib_a-nano-vfprintf_i.o)
                0x0000000008007408                . = ALIGN (0x4)
 *fill*         0x0000000008007407        0x1 

.ARM.extab
 *(.ARM.extab* .gnu.linkonce.armextab.*)

.ARM            0x0000000008007408        0x8
                0x0000000008007408                __exidx_start = .
 *(.ARM.exidx*)
 .ARM.exidx.text.__udivmoddi4
                0x0000000008007408        0x8 /usr/lib/gcc/arm-none-eabi/8.2.0/thumb/v6-m/nofp/libgcc.a(_udivmoddi4.o)
                0x0000000008007410                __exidx_end = .

.rel.dyn        0x0000000008007410        0x0
 .rel.iplt      0x0000000008007410        0x0 /usr/lib/gcc/arm-none-eabi/8.2.0/thumb/v6-m/nofp/crtbegin.o

.preinit_array  0x0000000008007410        0x0
                0x0000000008007410                PROVIDE (__preinit_array_start = .)
 *(.preinit_array*)
                0x0000000008007410                PROVIDE (__preinit_array_end = .)

.init_array     0x0000000008007410        0x4
                0x0000000008007410                PROVIDE (__init_array_start = .)
 *(SORT_BY_NAME(.init_array.*))
 *(.init_array*)
 .init_array    0x0000000008007410        0x4 /usr/lib/gcc/arm-none-eabi/8.2.0/thumb/v6-m/nofp/crtbegin.o
                0x0000000008007414                PROVIDE (__init_array_end = .)

.fini_array     0x0000000008007414        0x4
                0x0000000008007414                PROVIDE (__fini_array_start = .)
 *(SORT_BY_NAME(.fini_array.*))
 *(.fini_array*)
 .fini_array    0x0000000008007414        0x4 /usr/lib/gcc/arm-none-eabi/8.2.0/thumb/v6-m/nofp/crtbegin.o
                0x0000000008007418                PROVIDE (__fini_array_end = .)
                0x0000000008007418                _sidata = LOADADDR (.data)

.data           0x0000000020000000      0x1d0 load address 0x0000000008007418
                0x0000000020000000                . = ALIGN (0x4)
                0x0000000020000000                _sdata = .
 *(.data)
 *(.data*)
 .data.FS_Desc  0x0000000020000000       0x1c build/usbd_desc.o
                0x0000000020000000                FS_Desc
 .data.USBD_FS_DeviceDesc
                0x000000002000001c       0x12 build/usbd_desc.o
                0x000000002000001c                USBD_FS_DeviceDesc
 *fill*         0x000000002000002e        0x2 
 .data.USBD_LangIDDesc
                0x0000000020000030        0x4 build/usbd_desc.o
                0x0000000020000030                USBD_LangIDDesc
 .data.USBD_Interface_fops_FS
                0x0000000020000034       0x10 build/usbd_cdc_if.o
                0x0000000020000034                USBD_Interface_fops_FS
 .data.SystemCoreClock
                0x0000000020000044        0x4 build/system_stm32f0xx.o
                0x0000000020000044                SystemCoreClock
 .data.max_request_mv
                0x0000000020000048        0x4 build/usb_pd_policy.o
 .data.drp_state
                0x000000002000004c        0x1 build/usb_pd_protocol.o
                0x000000002000004c                drp_state
 *fill*         0x000000002000004d        0x3 
 .data.next_role_swap
                0x0000000020000050        0x8 build/usb_pd_protocol.o
 .data.timeout  0x0000000020000058        0x4 build/usb_pd_protocol.o
 .data.USBD_CDC
                0x000000002000005c       0x38 build/usbd_cdc.o
                0x000000002000005c                USBD_CDC
 .data.USBD_CDC_CfgFSDesc
                0x0000000020000094       0x43 build/usbd_cdc.o
                0x0000000020000094                USBD_CDC_CfgFSDesc
 *fill*         0x00000000200000d7        0x1 
 .data.USBD_CDC_CfgHSDesc
                0x00000000200000d8       0x43 build/usbd_cdc.o
                0x00000000200000d8                USBD_CDC_CfgHSDesc
 *fill*         0x000000002000011b        0x1 
 .data.USBD_CDC_DeviceQualifierDesc
                0x000000002000011c        0xa build/usbd_cdc.o
 *fill*         0x0000000020000126        0x2 
 .data.USBD_CDC_OtherSpeedCfgDesc
                0x0000000020000128       0x43 build/usbd_cdc.o
                0x0000000020000128                USBD_CDC_OtherSpeedCfgDesc
 *fill*         0x000000002000016b        0x1 
 .data._impure_ptr
                0x000000002000016c        0x4 /usr/lib/gcc/arm-none-eabi/8.2.0/../../../../arm-none-eabi/lib/thumb/v6-m/nofp/libc_nano.a(lib_a-impure.o)
                0x000000002000016c                _impure_ptr
 .data.impure_data
                0x0000000020000170       0x60 /usr/lib/gcc/arm-none-eabi/8.2.0/../../../../arm-none-eabi/lib/thumb/v6-m/nofp/libc_nano.a(lib_a-impure.o)
                0x00000000200001d0                . = ALIGN (0x4)
                0x00000000200001d0                _edata = .

.igot.plt       0x00000000200001d0        0x0 load address 0x00000000080075e8
 .igot.plt      0x00000000200001d0        0x0 /usr/lib/gcc/arm-none-eabi/8.2.0/thumb/v6-m/nofp/crtbegin.o
                0x00000000200001d0                . = ALIGN (0x4)

.bss            0x00000000200001d0     0x13a8 load address 0x00000000080075e8
                0x00000000200001d0                _sbss = .
                0x00000000200001d0                __bss_start__ = _sbss
 *(.bss)
 *(.bss*)
 .bss.completed.8856
                0x00000000200001d0        0x1 /usr/lib/gcc/arm-none-eabi/8.2.0/thumb/v6-m/nofp/crtbegin.o
 *fill*         0x00000000200001d1        0x3 
 .bss.object.8861
                0x00000000200001d4       0x18 /usr/lib/gcc/arm-none-eabi/8.2.0/thumb/v6-m/nofp/crtbegin.o
 .bss.mem.7833  0x00000000200001ec      0x220 build/usbd_conf.o
 .bss.pd_src_cap_cnt
                0x000000002000040c        0x1 build/usb_pd_policy.o
 *fill*         0x000000002000040d        0x3 
 .bss.pd_src_caps
                0x0000000020000410       0x1c build/usb_pd_policy.o
 .bss.caps_count
                0x000000002000042c        0x4 build/usb_pd_protocol.o
 .bss.cc1       0x0000000020000430        0x4 build/usb_pd_protocol.o
 .bss.cc2       0x0000000020000434        0x4 build/usb_pd_protocol.o
 .bss.hard_reset_count
                0x0000000020000438        0x4 build/usb_pd_protocol.o
 .bss.hard_reset_sent
                0x000000002000043c        0x4 build/usb_pd_protocol.o
 .bss.head      0x0000000020000440        0x4 build/usb_pd_protocol.o
 .bss.incoming_packet
                0x0000000020000444        0x4 build/usb_pd_protocol.o
 .bss.new_cc_state
                0x0000000020000448        0x1 build/usb_pd_protocol.o
 *fill*         0x0000000020000449        0x7 
 .bss.now       0x0000000020000450        0x8 build/usb_pd_protocol.o
 .bss.payload   0x0000000020000458       0x1c build/usb_pd_protocol.o
 *fill*         0x0000000020000474        0x4 
 .bss.pd        0x0000000020000478       0x80 build/usb_pd_protocol.o
 .bss.snk_cap_count
                0x00000000200004f8        0x4 build/usb_pd_protocol.o
 .bss.snk_hard_reset_vbus_off
                0x00000000200004fc        0x4 build/usb_pd_protocol.o
 .bss.this_state
                0x0000000020000500        0x1 build/usb_pd_protocol.o
 *fill*         0x0000000020000501        0x3 
 .bss.typec_curr
                0x0000000020000504        0x4 build/usb_pd_protocol.o
 .bss.typec_curr_change
                0x0000000020000508        0x4 build/usb_pd_protocol.o
 .bss.cfgidx.7676
                0x000000002000050c        0x1 build/usbd_ctlreq.o
 .bss.ifalt.7671
                0x000000002000050d        0x1 build/usbd_cdc.o
 *fill*         0x000000002000050e        0x2 
 .bss.__malloc_free_list
                0x0000000020000510        0x4 /usr/lib/gcc/arm-none-eabi/8.2.0/../../../../arm-none-eabi/lib/thumb/v6-m/nofp/libc_nano.a(lib_a-nano-mallocr.o)
                0x0000000020000510                __malloc_free_list
 .bss.__malloc_sbrk_start
                0x0000000020000514        0x4 /usr/lib/gcc/arm-none-eabi/8.2.0/../../../../arm-none-eabi/lib/thumb/v6-m/nofp/libc_nano.a(lib_a-nano-mallocr.o)
                0x0000000020000514                __malloc_sbrk_start
 .bss.heap_end.4194
                0x0000000020000518        0x4 /usr/lib/gcc/arm-none-eabi/8.2.0/../../../../arm-none-eabi/lib/thumb/v6-m/nofp/libnosys.a(sbrk.o)
 *(COMMON)
 COMMON         0x000000002000051c      0x23c build/main.o
                0x000000002000051c                hdma_i2c1_tx
                0x0000000020000560                hi2c1
                0x00000000200005ac                hi2c2
                0x00000000200005f8                hdma_i2c2_rx
                0x000000002000063c                hdma_i2c2_tx
                0x0000000020000680                hdma_i2c1_rx
                0x00000000200006c4                ticks
                0x00000000200006c8                hdma_adc
                0x000000002000070c                hadc
 COMMON         0x0000000020000758      0x224 build/usb_device.o
                0x0000000020000758                hUsbDeviceFS
 COMMON         0x000000002000097c      0x220 build/usbd_conf.o
                0x000000002000097c                hpcd_USB_FS
 COMMON         0x0000000020000b9c      0x200 build/usbd_desc.o
                0x0000000020000b9c                USBD_StrDesc
 COMMON         0x0000000020000d9c      0x7d0 build/usbd_cdc_if.o
                0x0000000020000d9c                UserRxBufferFS
                0x0000000020001184                UserTxBufferFS
 COMMON         0x000000002000156c        0x4 build/stm32f0xx_hal.o
                0x000000002000156c                uwTick
 COMMON         0x0000000020001570        0x4 build/system_stm32f0xx.o
                0x0000000020001570                SysMemBootJump
 COMMON         0x0000000020001574        0x4 /usr/lib/gcc/arm-none-eabi/8.2.0/../../../../arm-none-eabi/lib/thumb/v6-m/nofp/libc_nano.a(lib_a-reent.o)
                0x0000000020001574                errno
                0x0000000020001578                . = ALIGN (0x4)
                0x0000000020001578                _ebss = .
                0x0000000020001578                __bss_end__ = _ebss

._user_heap_stack
                0x0000000020001578      0x600 load address 0x00000000080075e8
                0x0000000020001578                . = ALIGN (0x8)
                0x0000000020001578                PROVIDE (end = .)
                [!provide]                        PROVIDE (_end = .)
                0x0000000020001778                . = (. + _Min_Heap_Size)
 *fill*         0x0000000020001578      0x200 
                0x0000000020001b78                . = (. + _Min_Stack_Size)
 *fill*         0x0000000020001778      0x400 
                0x0000000020001b78                . = ALIGN (0x8)

/DISCARD/
 libc.a(*)
 libm.a(*)
 libgcc.a(*)

.ARM.attributes
                0x0000000000000000       0x28
 *(.ARM.attributes)
 .ARM.attributes
                0x0000000000000000       0x1e /usr/lib/gcc/arm-none-eabi/8.2.0/thumb/v6-m/nofp/crti.o
 .ARM.attributes
                0x000000000000001e       0x2c /usr/lib/gcc/arm-none-eabi/8.2.0/thumb/v6-m/nofp/crtbegin.o
 .ARM.attributes
                0x000000000000004a       0x2c build/main.o
 .ARM.attributes
                0x0000000000000076       0x2c build/usb_device.o
 .ARM.attributes
                0x00000000000000a2       0x2c build/usbd_conf.o
 .ARM.attributes
                0x00000000000000ce       0x2c build/usbd_desc.o
 .ARM.attributes
                0x00000000000000fa       0x2c build/usbd_cdc_if.o
 .ARM.attributes
                0x0000000000000126       0x2c build/stm32f0xx_it.o
 .ARM.attributes
                0x0000000000000152       0x2c build/stm32f0xx_hal_msp.o
 .ARM.attributes
                0x000000000000017e       0x2c build/stm32f0xx_hal_pcd.o
 .ARM.attributes
                0x00000000000001aa       0x2c build/stm32f0xx_hal_pcd_ex.o
 .ARM.attributes
                0x00000000000001d6       0x2c build/stm32f0xx_hal_adc.o
 .ARM.attributes
                0x0000000000000202       0x2c build/stm32f0xx_hal_i2c.o
 .ARM.attributes
                0x000000000000022e       0x2c build/stm32f0xx_hal_i2c_ex.o
 .ARM.attributes
                0x000000000000025a       0x2c build/stm32f0xx_hal_rcc.o
 .ARM.attributes
                0x0000000000000286       0x2c build/stm32f0xx_hal_rcc_ex.o
 .ARM.attributes
                0x00000000000002b2       0x2c build/stm32f0xx_hal.o
 .ARM.attributes
                0x00000000000002de       0x2c build/stm32f0xx_hal_gpio.o
 .ARM.attributes
                0x000000000000030a       0x2c build/stm32f0xx_hal_dma.o
 .ARM.attributes
                0x0000000000000336       0x2c build/stm32f0xx_hal_cortex.o
 .ARM.attributes
                0x0000000000000362       0x2c build/system_stm32f0xx.o
 .ARM.attributes
                0x000000000000038e       0x2c build/usb_pd_driver.o
 .ARM.attributes
                0x00000000000003ba       0x2c build/usb_pd_policy.o
 .ARM.attributes
                0x00000000000003e6       0x2c build/usb_pd_protocol.o
 .ARM.attributes
                0x0000000000000412       0x2c build/usbd_core.o
 .ARM.attributes
                0x000000000000043e       0x2c build/usbd_ctlreq.o
 .ARM.attributes
                0x000000000000046a       0x2c build/usbd_ioreq.o
 .ARM.attributes
                0x0000000000000496       0x2c build/usbd_cdc.o
 .ARM.attributes
                0x00000000000004c2       0x21 build/startup_stm32f072xb.o
 .ARM.attributes
                0x00000000000004e3       0x2c /usr/lib/gcc/arm-none-eabi/8.2.0/../../../../arm-none-eabi/lib/thumb/v6-m/nofp/libc_nano.a(lib_a-impure.o)
 .ARM.attributes
                0x000000000000050f       0x2c /usr/lib/gcc/arm-none-eabi/8.2.0/../../../../arm-none-eabi/lib/thumb/v6-m/nofp/libc_nano.a(lib_a-init.o)
 .ARM.attributes
                0x000000000000053b       0x2c /usr/lib/gcc/arm-none-eabi/8.2.0/../../../../arm-none-eabi/lib/thumb/v6-m/nofp/libc_nano.a(lib_a-memcpy-stub.o)
 .ARM.attributes
                0x0000000000000567       0x2c /usr/lib/gcc/arm-none-eabi/8.2.0/../../../../arm-none-eabi/lib/thumb/v6-m/nofp/libc_nano.a(lib_a-memset.o)
 .ARM.attributes
                0x0000000000000593       0x2c /usr/lib/gcc/arm-none-eabi/8.2.0/../../../../arm-none-eabi/lib/thumb/v6-m/nofp/libc_nano.a(lib_a-sprintf.o)
 .ARM.attributes
                0x00000000000005bf       0x2c /usr/lib/gcc/arm-none-eabi/8.2.0/../../../../arm-none-eabi/lib/thumb/v6-m/nofp/libc_nano.a(lib_a-nano-svfprintf.o)
 .ARM.attributes
                0x00000000000005eb       0x2c /usr/lib/gcc/arm-none-eabi/8.2.0/../../../../arm-none-eabi/lib/thumb/v6-m/nofp/libc_nano.a(lib_a-nano-vfprintf_i.o)
 .ARM.attributes
                0x0000000000000617       0x2c /usr/lib/gcc/arm-none-eabi/8.2.0/../../../../arm-none-eabi/lib/thumb/v6-m/nofp/libc_nano.a(lib_a-memchr-stub.o)
 .ARM.attributes
                0x0000000000000643       0x2c /usr/lib/gcc/arm-none-eabi/8.2.0/../../../../arm-none-eabi/lib/thumb/v6-m/nofp/libc_nano.a(lib_a-memmove.o)
 .ARM.attributes
                0x000000000000066f       0x2c /usr/lib/gcc/arm-none-eabi/8.2.0/../../../../arm-none-eabi/lib/thumb/v6-m/nofp/libc_nano.a(lib_a-nano-freer.o)
 .ARM.attributes
                0x000000000000069b       0x2c /usr/lib/gcc/arm-none-eabi/8.2.0/../../../../arm-none-eabi/lib/thumb/v6-m/nofp/libc_nano.a(lib_a-nano-mallocr.o)
 .ARM.attributes
                0x00000000000006c7       0x2c /usr/lib/gcc/arm-none-eabi/8.2.0/../../../../arm-none-eabi/lib/thumb/v6-m/nofp/libc_nano.a(lib_a-nano-reallocr.o)
 .ARM.attributes
                0x00000000000006f3       0x2c /usr/lib/gcc/arm-none-eabi/8.2.0/../../../../arm-none-eabi/lib/thumb/v6-m/nofp/libc_nano.a(lib_a-sbrkr.o)
 .ARM.attributes
                0x000000000000071f       0x2c /usr/lib/gcc/arm-none-eabi/8.2.0/../../../../arm-none-eabi/lib/thumb/v6-m/nofp/libc_nano.a(lib_a-mlock.o)
 .ARM.attributes
                0x000000000000074b       0x2c /usr/lib/gcc/arm-none-eabi/8.2.0/../../../../arm-none-eabi/lib/thumb/v6-m/nofp/libc_nano.a(lib_a-nano-msizer.o)
 .ARM.attributes
                0x0000000000000777       0x2c /usr/lib/gcc/arm-none-eabi/8.2.0/../../../../arm-none-eabi/lib/thumb/v6-m/nofp/libc_nano.a(lib_a-reent.o)
 .ARM.attributes
                0x00000000000007a3       0x2c /usr/lib/gcc/arm-none-eabi/8.2.0/../../../../arm-none-eabi/lib/thumb/v6-m/nofp/libnosys.a(sbrk.o)
 .ARM.attributes
                0x00000000000007cf       0x1e /usr/lib/gcc/arm-none-eabi/8.2.0/thumb/v6-m/nofp/libgcc.a(_udivsi3.o)
 .ARM.attributes
                0x00000000000007ed       0x1e /usr/lib/gcc/arm-none-eabi/8.2.0/thumb/v6-m/nofp/libgcc.a(_divsi3.o)
 .ARM.attributes
                0x000000000000080b       0x1e /usr/lib/gcc/arm-none-eabi/8.2.0/thumb/v6-m/nofp/libgcc.a(_dvmd_tls.o)
 .ARM.attributes
                0x0000000000000829       0x1e /usr/lib/gcc/arm-none-eabi/8.2.0/thumb/v6-m/nofp/libgcc.a(_aeabi_uldivmod.o)
 .ARM.attributes
                0x0000000000000847       0x2c /usr/lib/gcc/arm-none-eabi/8.2.0/thumb/v6-m/nofp/libgcc.a(_muldi3.o)
 .ARM.attributes
                0x0000000000000873       0x2c /usr/lib/gcc/arm-none-eabi/8.2.0/thumb/v6-m/nofp/libgcc.a(_udivmoddi4.o)
 .ARM.attributes
                0x000000000000089f       0x1e /usr/lib/gcc/arm-none-eabi/8.2.0/thumb/v6-m/nofp/libgcc.a(_lshrdi3.o)
 .ARM.attributes
                0x00000000000008bd       0x1e /usr/lib/gcc/arm-none-eabi/8.2.0/thumb/v6-m/nofp/libgcc.a(_ashldi3.o)
 .ARM.attributes
                0x00000000000008db       0x1e /usr/lib/gcc/arm-none-eabi/8.2.0/thumb/v6-m/nofp/libgcc.a(_clzdi2.o)
 .ARM.attributes
                0x00000000000008f9       0x1e /usr/lib/gcc/arm-none-eabi/8.2.0/thumb/v6-m/nofp/libgcc.a(_clzsi2.o)
 .ARM.attributes
                0x0000000000000917       0x1e /usr/lib/gcc/arm-none-eabi/8.2.0/thumb/v6-m/nofp/crtn.o
OUTPUT(build/USB-PD-Otterfirmware.elf elf32-littlearm)

.debug_info     0x0000000000000000    0x2b963
 .debug_info    0x0000000000000000     0x27cc build/main.o
 .debug_info    0x00000000000027cc     0x10b5 build/usb_device.o
 .debug_info    0x0000000000003881     0x2515 build/usbd_conf.o
 .debug_info    0x0000000000005d96      0xf43 build/usbd_desc.o
 .debug_info    0x0000000000006cd9     0x132d build/usbd_cdc_if.o
 .debug_info    0x0000000000008006     0x1331 build/stm32f0xx_it.o
 .debug_info    0x0000000000009337     0x18c2 build/stm32f0xx_hal_msp.o
 .debug_info    0x000000000000abf9     0x2057 build/stm32f0xx_hal_pcd.o
 .debug_info    0x000000000000cc50      0xfff build/stm32f0xx_hal_pcd_ex.o
 .debug_info    0x000000000000dc4f     0x1a64 build/stm32f0xx_hal_adc.o
 .debug_info    0x000000000000f6b3     0x41cf build/stm32f0xx_hal_i2c.o
 .debug_info    0x0000000000013882     0x134c build/stm32f0xx_hal_i2c_ex.o
 .debug_info    0x0000000000014bce     0x144a build/stm32f0xx_hal_rcc.o
 .debug_info    0x0000000000016018     0x1183 build/stm32f0xx_hal_rcc_ex.o
 .debug_info    0x000000000001719b     0x10e7 build/stm32f0xx_hal.o
 .debug_info    0x0000000000018282     0x10c2 build/stm32f0xx_hal_gpio.o
 .debug_info    0x0000000000019344     0x12f6 build/stm32f0xx_hal_dma.o
 .debug_info    0x000000000001a63a     0x12ab build/stm32f0xx_hal_cortex.o
 .debug_info    0x000000000001b8e5      0xc76 build/system_stm32f0xx.o
 .debug_info    0x000000000001c55b      0xb4a build/usb_pd_driver.o
 .debug_info    0x000000000001d0a5     0x18a8 build/usb_pd_policy.o
 .debug_info    0x000000000001e94d     0x7342 build/usb_pd_protocol.o
 .debug_info    0x0000000000025c8f     0x17e5 build/usbd_core.o
 .debug_info    0x0000000000027474     0x19ac build/usbd_ctlreq.o
 .debug_info    0x0000000000028e20     0x125a build/usbd_ioreq.o
 .debug_info    0x000000000002a07a     0x18c7 build/usbd_cdc.o
 .debug_info    0x000000000002b941       0x22 build/startup_stm32f072xb.o

.debug_abbrev   0x0000000000000000     0x5359
 .debug_abbrev  0x0000000000000000      0x46a build/main.o
 .debug_abbrev  0x000000000000046a      0x228 build/usb_device.o
 .debug_abbrev  0x0000000000000692      0x391 build/usbd_conf.o
 .debug_abbrev  0x0000000000000a23      0x2a6 build/usbd_desc.o
 .debug_abbrev  0x0000000000000cc9      0x30c build/usbd_cdc_if.o
 .debug_abbrev  0x0000000000000fd5      0x254 build/stm32f0xx_it.o
 .debug_abbrev  0x0000000000001229      0x2d0 build/stm32f0xx_hal_msp.o
 .debug_abbrev  0x00000000000014f9      0x3e1 build/stm32f0xx_hal_pcd.o
 .debug_abbrev  0x00000000000018da      0x21e build/stm32f0xx_hal_pcd_ex.o
 .debug_abbrev  0x0000000000001af8      0x35d build/stm32f0xx_hal_adc.o
 .debug_abbrev  0x0000000000001e55      0x376 build/stm32f0xx_hal_i2c.o
 .debug_abbrev  0x00000000000021cb      0x272 build/stm32f0xx_hal_i2c_ex.o
 .debug_abbrev  0x000000000000243d      0x32a build/stm32f0xx_hal_rcc.o
 .debug_abbrev  0x0000000000002767      0x321 build/stm32f0xx_hal_rcc_ex.o
 .debug_abbrev  0x0000000000002a88      0x320 build/stm32f0xx_hal.o
 .debug_abbrev  0x0000000000002da8      0x30a build/stm32f0xx_hal_gpio.o
 .debug_abbrev  0x00000000000030b2      0x327 build/stm32f0xx_hal_dma.o
 .debug_abbrev  0x00000000000033d9      0x395 build/stm32f0xx_hal_cortex.o
 .debug_abbrev  0x000000000000376e      0x271 build/system_stm32f0xx.o
 .debug_abbrev  0x00000000000039df      0x26d build/usb_pd_driver.o
 .debug_abbrev  0x0000000000003c4c      0x44d build/usb_pd_policy.o
 .debug_abbrev  0x0000000000004099      0x5f5 build/usb_pd_protocol.o
 .debug_abbrev  0x000000000000468e      0x347 build/usbd_core.o
 .debug_abbrev  0x00000000000049d5      0x39a build/usbd_ctlreq.o
 .debug_abbrev  0x0000000000004d6f      0x23c build/usbd_ioreq.o
 .debug_abbrev  0x0000000000004fab      0x39c build/usbd_cdc.o
 .debug_abbrev  0x0000000000005347       0x12 build/startup_stm32f072xb.o

.debug_loc      0x0000000000000000    0x13ae1
 .debug_loc     0x0000000000000000      0x148 build/main.o
 .debug_loc     0x0000000000000148       0x20 build/usb_device.o
 .debug_loc     0x0000000000000168     0x1164 build/usbd_conf.o
 .debug_loc     0x00000000000012cc      0x3b9 build/usbd_desc.o
 .debug_loc     0x0000000000001685      0x1cf build/usbd_cdc_if.o
 .debug_loc     0x0000000000001854       0xa0 build/stm32f0xx_it.o
 .debug_loc     0x00000000000018f4      0x1e8 build/stm32f0xx_hal_msp.o
 .debug_loc     0x0000000000001adc     0x181e build/stm32f0xx_hal_pcd.o
 .debug_loc     0x00000000000032fa      0x14a build/stm32f0xx_hal_pcd_ex.o
 .debug_loc     0x0000000000003444     0x1101 build/stm32f0xx_hal_adc.o
 .debug_loc     0x0000000000004545     0x481f build/stm32f0xx_hal_i2c.o
 .debug_loc     0x0000000000008d64      0x2ec build/stm32f0xx_hal_i2c_ex.o
 .debug_loc     0x0000000000009050      0x759 build/stm32f0xx_hal_rcc.o
 .debug_loc     0x00000000000097a9      0x9d6 build/stm32f0xx_hal_rcc_ex.o
 .debug_loc     0x000000000000a17f      0x118 build/stm32f0xx_hal.o
 .debug_loc     0x000000000000a297      0x418 build/stm32f0xx_hal_gpio.o
 .debug_loc     0x000000000000a6af      0xa8d build/stm32f0xx_hal_dma.o
 .debug_loc     0x000000000000b13c      0x449 build/stm32f0xx_hal_cortex.o
 .debug_loc     0x000000000000b585      0x1bd build/system_stm32f0xx.o
 .debug_loc     0x000000000000b742      0x103 build/usb_pd_driver.o
 .debug_loc     0x000000000000b845      0xd5e build/usb_pd_policy.o
 .debug_loc     0x000000000000c5a3     0x51f7 build/usb_pd_protocol.o
 .debug_loc     0x000000000001179a      0xa02 build/usbd_core.o
 .debug_loc     0x000000000001219c      0xe7f build/usbd_ctlreq.o
 .debug_loc     0x000000000001301b      0x364 build/usbd_ioreq.o
 .debug_loc     0x000000000001337f      0x762 build/usbd_cdc.o

.debug_aranges  0x0000000000000000      0xfb0
 .debug_aranges
                0x0000000000000000       0x60 build/main.o
 .debug_aranges
                0x0000000000000060       0x20 build/usb_device.o
 .debug_aranges
                0x0000000000000080      0x118 build/usbd_conf.o
 .debug_aranges
                0x0000000000000198       0x50 build/usbd_desc.o
 .debug_aranges
                0x00000000000001e8       0x40 build/usbd_cdc_if.o
 .debug_aranges
                0x0000000000000228       0x60 build/stm32f0xx_it.o
 .debug_aranges
                0x0000000000000288       0x40 build/stm32f0xx_hal_msp.o
 .debug_aranges
                0x00000000000002c8      0x130 build/stm32f0xx_hal_pcd.o
 .debug_aranges
                0x00000000000003f8       0x20 build/stm32f0xx_hal_pcd_ex.o
 .debug_aranges
                0x0000000000000418       0xf8 build/stm32f0xx_hal_adc.o
 .debug_aranges
                0x0000000000000510      0x260 build/stm32f0xx_hal_i2c.o
 .debug_aranges
                0x0000000000000770       0x48 build/stm32f0xx_hal_i2c_ex.o
 .debug_aranges
                0x00000000000007b8       0x80 build/stm32f0xx_hal_rcc.o
 .debug_aranges
                0x0000000000000838       0x78 build/stm32f0xx_hal_rcc_ex.o
 .debug_aranges
                0x00000000000008b0       0xb8 build/stm32f0xx_hal.o
 .debug_aranges
                0x0000000000000968       0x58 build/stm32f0xx_hal_gpio.o
 .debug_aranges
                0x00000000000009c0       0x88 build/stm32f0xx_hal_dma.o
 .debug_aranges
                0x0000000000000a48       0x78 build/stm32f0xx_hal_cortex.o
 .debug_aranges
                0x0000000000000ac0       0x28 build/system_stm32f0xx.o
 .debug_aranges
                0x0000000000000ae8       0x90 build/usb_pd_driver.o
 .debug_aranges
                0x0000000000000b78       0x78 build/usb_pd_policy.o
 .debug_aranges
                0x0000000000000bf0      0x178 build/usb_pd_protocol.o
 .debug_aranges
                0x0000000000000d68       0xb8 build/usbd_core.o
 .debug_aranges
                0x0000000000000e20       0x88 build/usbd_ctlreq.o
 .debug_aranges
                0x0000000000000ea8       0x50 build/usbd_ioreq.o
 .debug_aranges
                0x0000000000000ef8       0x90 build/usbd_cdc.o
 .debug_aranges
                0x0000000000000f88       0x28 build/startup_stm32f072xb.o

.debug_ranges   0x0000000000000000     0x1140
 .debug_ranges  0x0000000000000000       0x68 build/main.o
 .debug_ranges  0x0000000000000068       0x10 build/usb_device.o
 .debug_ranges  0x0000000000000078      0x108 build/usbd_conf.o
 .debug_ranges  0x0000000000000180       0x40 build/usbd_desc.o
 .debug_ranges  0x00000000000001c0       0x30 build/usbd_cdc_if.o
 .debug_ranges  0x00000000000001f0       0x50 build/stm32f0xx_it.o
 .debug_ranges  0x0000000000000240       0x30 build/stm32f0xx_hal_msp.o
 .debug_ranges  0x0000000000000270      0x210 build/stm32f0xx_hal_pcd.o
 .debug_ranges  0x0000000000000480       0x10 build/stm32f0xx_hal_pcd_ex.o
 .debug_ranges  0x0000000000000490       0xe8 build/stm32f0xx_hal_adc.o
 .debug_ranges  0x0000000000000578      0x250 build/stm32f0xx_hal_i2c.o
 .debug_ranges  0x00000000000007c8       0x38 build/stm32f0xx_hal_i2c_ex.o
 .debug_ranges  0x0000000000000800       0x88 build/stm32f0xx_hal_rcc.o
 .debug_ranges  0x0000000000000888       0x80 build/stm32f0xx_hal_rcc_ex.o
 .debug_ranges  0x0000000000000908       0xa8 build/stm32f0xx_hal.o
 .debug_ranges  0x00000000000009b0       0x48 build/stm32f0xx_hal_gpio.o
 .debug_ranges  0x00000000000009f8       0x78 build/stm32f0xx_hal_dma.o
 .debug_ranges  0x0000000000000a70       0xb0 build/stm32f0xx_hal_cortex.o
 .debug_ranges  0x0000000000000b20       0x18 build/system_stm32f0xx.o
 .debug_ranges  0x0000000000000b38       0x80 build/usb_pd_driver.o
 .debug_ranges  0x0000000000000bb8       0x80 build/usb_pd_policy.o
 .debug_ranges  0x0000000000000c38      0x308 build/usb_pd_protocol.o
 .debug_ranges  0x0000000000000f40       0xa8 build/usbd_core.o
 .debug_ranges  0x0000000000000fe8       0x78 build/usbd_ctlreq.o
 .debug_ranges  0x0000000000001060       0x40 build/usbd_ioreq.o
 .debug_ranges  0x00000000000010a0       0x80 build/usbd_cdc.o
 .debug_ranges  0x0000000000001120       0x20 build/startup_stm32f072xb.o

.debug_line     0x0000000000000000    0x10b17
 .debug_line    0x0000000000000000      0x75f build/main.o
 .debug_line    0x000000000000075f      0x22d build/usb_device.o
 .debug_line    0x000000000000098c      0x90d build/usbd_conf.o
 .debug_line    0x0000000000001299      0x2e6 build/usbd_desc.o
 .debug_line    0x000000000000157f      0x2aa build/usbd_cdc_if.o
 .debug_line    0x0000000000001829      0x2a2 build/stm32f0xx_it.o
 .debug_line    0x0000000000001acb      0x527 build/stm32f0xx_hal_msp.o
 .debug_line    0x0000000000001ff2     0x134d build/stm32f0xx_hal_pcd.o
 .debug_line    0x000000000000333f      0x226 build/stm32f0xx_hal_pcd_ex.o
 .debug_line    0x0000000000003565      0xf2c build/stm32f0xx_hal_adc.o
 .debug_line    0x0000000000004491     0x39f6 build/stm32f0xx_hal_i2c.o
 .debug_line    0x0000000000007e87      0x4a7 build/stm32f0xx_hal_i2c_ex.o
 .debug_line    0x000000000000832e      0xb51 build/stm32f0xx_hal_rcc.o
 .debug_line    0x0000000000008e7f      0x91e build/stm32f0xx_hal_rcc_ex.o
 .debug_line    0x000000000000979d      0x43f build/stm32f0xx_hal.o
 .debug_line    0x0000000000009bdc      0x535 build/stm32f0xx_hal_gpio.o
 .debug_line    0x000000000000a111      0x960 build/stm32f0xx_hal_dma.o
 .debug_line    0x000000000000aa71      0x4b0 build/stm32f0xx_hal_cortex.o
 .debug_line    0x000000000000af21      0x2d9 build/system_stm32f0xx.o
 .debug_line    0x000000000000b1fa      0x273 build/usb_pd_driver.o
 .debug_line    0x000000000000b46d      0x536 build/usb_pd_policy.o
 .debug_line    0x000000000000b9a3     0x37ff build/usb_pd_protocol.o
 .debug_line    0x000000000000f1a2      0x6dd build/usbd_core.o
 .debug_line    0x000000000000f87f      0x8e1 build/usbd_ctlreq.o
 .debug_line    0x0000000000010160      0x2f8 build/usbd_ioreq.o
 .debug_line    0x0000000000010458      0x647 build/usbd_cdc.o
 .debug_line    0x0000000000010a9f       0x78 build/startup_stm32f072xb.o

.debug_str      0x0000000000000000     0x553d
 .debug_str     0x0000000000000000     0x1550 build/main.o
                                       0x1710 (size before relaxing)
 .debug_str     0x0000000000001550      0x3ad build/usb_device.o
                                        0x9ff (size before relaxing)
 .debug_str     0x00000000000018fd      0x75a build/usbd_conf.o
                                       0x1410 (size before relaxing)
 .debug_str     0x0000000000002057      0x11a build/usbd_desc.o
                                        0x7da (size before relaxing)
 .debug_str     0x0000000000002171      0x113 build/usbd_cdc_if.o
                                        0xaf9 (size before relaxing)
 .debug_str     0x0000000000002284       0xf0 build/stm32f0xx_it.o
                                        0xb38 (size before relaxing)
 .debug_str     0x0000000000002374       0x99 build/stm32f0xx_hal_msp.o
                                        0xd6b (size before relaxing)
 .debug_str     0x000000000000240d      0x18d build/stm32f0xx_hal_pcd.o
                                        0xc8f (size before relaxing)
 .debug_str     0x000000000000259a       0x40 build/stm32f0xx_hal_pcd_ex.o
                                        0x8fc (size before relaxing)
 .debug_str     0x00000000000025da      0x301 build/stm32f0xx_hal_adc.o
                                        0xca9 (size before relaxing)
 .debug_str     0x00000000000028db      0x793 build/stm32f0xx_hal_i2c.o
                                       0x1266 (size before relaxing)
 .debug_str     0x000000000000306e       0xb5 build/stm32f0xx_hal_i2c_ex.o
                                        0xbcc (size before relaxing)
 .debug_str     0x0000000000003123      0x1ce build/stm32f0xx_hal_rcc.o
                                        0x9e7 (size before relaxing)
 .debug_str     0x00000000000032f1      0x285 build/stm32f0xx_hal_rcc_ex.o
                                        0xa0a (size before relaxing)
 .debug_str     0x0000000000003576      0x1a5 build/stm32f0xx_hal.o
                                        0xa38 (size before relaxing)
 .debug_str     0x000000000000371b       0xe1 build/stm32f0xx_hal_gpio.o
                                        0x803 (size before relaxing)
 .debug_str     0x00000000000037fc      0x1f0 build/stm32f0xx_hal_dma.o
                                        0xa12 (size before relaxing)
 .debug_str     0x00000000000039ec      0x16a build/stm32f0xx_hal_cortex.o
                                        0xa40 (size before relaxing)
 .debug_str     0x0000000000003b56       0x60 build/system_stm32f0xx.o
                                        0x651 (size before relaxing)
 .debug_str     0x0000000000003bb6      0x4cf build/usb_pd_driver.o
                                        0xa31 (size before relaxing)
 .debug_str     0x0000000000004085      0x1dd build/usb_pd_policy.o
                                        0xe47 (size before relaxing)
 .debug_str     0x0000000000004262      0xead build/usb_pd_protocol.o
                                       0x1d5e (size before relaxing)
 .debug_str     0x000000000000510f      0x145 build/usbd_core.o
                                        0xc1f (size before relaxing)
 .debug_str     0x0000000000005254       0xe2 build/usbd_ctlreq.o
                                        0xb39 (size before relaxing)
 .debug_str     0x0000000000005336       0x60 build/usbd_ioreq.o
                                        0xa66 (size before relaxing)
 .debug_str     0x0000000000005396      0x183 build/usbd_cdc.o
                                        0xcad (size before relaxing)
 .debug_str     0x0000000000005519       0x24 build/startup_stm32f072xb.o
                                         0x61 (size before relaxing)

.comment        0x0000000000000000       0x1d
 .comment       0x0000000000000000       0x1d build/main.o
                                         0x1e (size before relaxing)
 .comment       0x000000000000001d       0x1e build/usb_device.o
 .comment       0x000000000000001d       0x1e build/usbd_conf.o
 .comment       0x000000000000001d       0x1e build/usbd_desc.o
 .comment       0x000000000000001d       0x1e build/usbd_cdc_if.o
 .comment       0x000000000000001d       0x1e build/stm32f0xx_it.o
 .comment       0x000000000000001d       0x1e build/stm32f0xx_hal_msp.o
 .comment       0x000000000000001d       0x1e build/stm32f0xx_hal_pcd.o
 .comment       0x000000000000001d       0x1e build/stm32f0xx_hal_pcd_ex.o
 .comment       0x000000000000001d       0x1e build/stm32f0xx_hal_adc.o
 .comment       0x000000000000001d       0x1e build/stm32f0xx_hal_i2c.o
 .comment       0x000000000000001d       0x1e build/stm32f0xx_hal_i2c_ex.o
 .comment       0x000000000000001d       0x1e build/stm32f0xx_hal_rcc.o
 .comment       0x000000000000001d       0x1e build/stm32f0xx_hal_rcc_ex.o
 .comment       0x000000000000001d       0x1e build/stm32f0xx_hal.o
 .comment       0x000000000000001d       0x1e build/stm32f0xx_hal_gpio.o
 .comment       0x000000000000001d       0x1e build/stm32f0xx_hal_dma.o
 .comment       0x000000000000001d       0x1e build/stm32f0xx_hal_cortex.o
 .comment       0x000000000000001d       0x1e build/system_stm32f0xx.o
 .comment       0x000000000000001d       0x1e build/usb_pd_driver.o
 .comment       0x000000000000001d       0x1e build/usb_pd_policy.o
 .comment       0x000000000000001d       0x1e build/usb_pd_protocol.o
 .comment       0x000000000000001d       0x1e build/usbd_core.o
 .comment       0x000000000000001d       0x1e build/usbd_ctlreq.o
 .comment       0x000000000000001d       0x1e build/usbd_ioreq.o
 .comment       0x000000000000001d       0x1e build/usbd_cdc.o

.debug_frame    0x0000000000000000     0x2ed8
 .debug_frame   0x0000000000000000      0x104 build/main.o
 .debug_frame   0x0000000000000104       0x2c build/usb_device.o
 .debug_frame   0x0000000000000130      0x368 build/usbd_conf.o
 .debug_frame   0x0000000000000498       0xbc build/usbd_desc.o
 .debug_frame   0x0000000000000554       0x84 build/usbd_cdc_if.o
 .debug_frame   0x00000000000005d8       0xdc build/stm32f0xx_it.o
 .debug_frame   0x00000000000006b4       0x98 build/stm32f0xx_hal_msp.o
 .debug_frame   0x000000000000074c      0x324 build/stm32f0xx_hal_pcd.o
 .debug_frame   0x0000000000000a70       0x2c build/stm32f0xx_hal_pcd_ex.o
 .debug_frame   0x0000000000000a9c      0x2f8 build/stm32f0xx_hal_adc.o
 .debug_frame   0x0000000000000d94      0x880 build/stm32f0xx_hal_i2c.o
 .debug_frame   0x0000000000001614       0xc0 build/stm32f0xx_hal_i2c_ex.o
 .debug_frame   0x00000000000016d4      0x14c build/stm32f0xx_hal_rcc.o
 .debug_frame   0x0000000000001820      0x10c build/stm32f0xx_hal_rcc_ex.o
 .debug_frame   0x000000000000192c      0x184 build/stm32f0xx_hal.o
 .debug_frame   0x0000000000001ab0       0xdc build/stm32f0xx_hal_gpio.o
 .debug_frame   0x0000000000001b8c      0x198 build/stm32f0xx_hal_dma.o
 .debug_frame   0x0000000000001d24       0xec build/stm32f0xx_hal_cortex.o
 .debug_frame   0x0000000000001e10       0x48 build/system_stm32f0xx.o
 .debug_frame   0x0000000000001e58      0x100 build/usb_pd_driver.o
 .debug_frame   0x0000000000001f58      0x148 build/usb_pd_policy.o
 .debug_frame   0x00000000000020a0      0x49c build/usb_pd_protocol.o
 .debug_frame   0x000000000000253c      0x1ec build/usbd_core.o
 .debug_frame   0x0000000000002728      0x198 build/usbd_ctlreq.o
 .debug_frame   0x00000000000028c0       0xd4 build/usbd_ioreq.o
 .debug_frame   0x0000000000002994      0x164 build/usbd_cdc.o
 .debug_frame   0x0000000000002af8       0x2c /usr/lib/gcc/arm-none-eabi/8.2.0/../../../../arm-none-eabi/lib/thumb/v6-m/nofp/libc_nano.a(lib_a-init.o)
 .debug_frame   0x0000000000002b24       0x28 /usr/lib/gcc/arm-none-eabi/8.2.0/../../../../arm-none-eabi/lib/thumb/v6-m/nofp/libc_nano.a(lib_a-memcpy-stub.o)
 .debug_frame   0x0000000000002b4c       0x20 /usr/lib/gcc/arm-none-eabi/8.2.0/../../../../arm-none-eabi/lib/thumb/v6-m/nofp/libc_nano.a(lib_a-memset.o)
 .debug_frame   0x0000000000002b6c       0x48 /usr/lib/gcc/arm-none-eabi/8.2.0/../../../../arm-none-eabi/lib/thumb/v6-m/nofp/libc_nano.a(lib_a-sprintf.o)
 .debug_frame   0x0000000000002bb4       0x74 /usr/lib/gcc/arm-none-eabi/8.2.0/../../../../arm-none-eabi/lib/thumb/v6-m/nofp/libc_nano.a(lib_a-nano-svfprintf.o)
 .debug_frame   0x0000000000002c28       0x54 /usr/lib/gcc/arm-none-eabi/8.2.0/../../../../arm-none-eabi/lib/thumb/v6-m/nofp/libc_nano.a(lib_a-nano-vfprintf_i.o)
 .debug_frame   0x0000000000002c7c       0x20 /usr/lib/gcc/arm-none-eabi/8.2.0/../../../../arm-none-eabi/lib/thumb/v6-m/nofp/libc_nano.a(lib_a-memchr-stub.o)
 .debug_frame   0x0000000000002c9c       0x28 /usr/lib/gcc/arm-none-eabi/8.2.0/../../../../arm-none-eabi/lib/thumb/v6-m/nofp/libc_nano.a(lib_a-memmove.o)
 .debug_frame   0x0000000000002cc4       0x2c /usr/lib/gcc/arm-none-eabi/8.2.0/../../../../arm-none-eabi/lib/thumb/v6-m/nofp/libc_nano.a(lib_a-nano-freer.o)
 .debug_frame   0x0000000000002cf0       0x30 /usr/lib/gcc/arm-none-eabi/8.2.0/../../../../arm-none-eabi/lib/thumb/v6-m/nofp/libc_nano.a(lib_a-nano-mallocr.o)
 .debug_frame   0x0000000000002d20       0x30 /usr/lib/gcc/arm-none-eabi/8.2.0/../../../../arm-none-eabi/lib/thumb/v6-m/nofp/libc_nano.a(lib_a-nano-reallocr.o)
 .debug_frame   0x0000000000002d50       0x2c /usr/lib/gcc/arm-none-eabi/8.2.0/../../../../arm-none-eabi/lib/thumb/v6-m/nofp/libc_nano.a(lib_a-sbrkr.o)
 .debug_frame   0x0000000000002d7c       0x30 /usr/lib/gcc/arm-none-eabi/8.2.0/../../../../arm-none-eabi/lib/thumb/v6-m/nofp/libc_nano.a(lib_a-mlock.o)
 .debug_frame   0x0000000000002dac       0x20 /usr/lib/gcc/arm-none-eabi/8.2.0/../../../../arm-none-eabi/lib/thumb/v6-m/nofp/libc_nano.a(lib_a-nano-msizer.o)
 .debug_frame   0x0000000000002dcc       0x48 /usr/lib/gcc/arm-none-eabi/8.2.0/../../../../arm-none-eabi/lib/thumb/v6-m/nofp/libc_nano.a(lib_a-reent.o)
 .debug_frame   0x0000000000002e14       0x20 /usr/lib/gcc/arm-none-eabi/8.2.0/../../../../arm-none-eabi/lib/thumb/v6-m/nofp/libnosys.a(sbrk.o)
 .debug_frame   0x0000000000002e34       0x20 /usr/lib/gcc/arm-none-eabi/8.2.0/thumb/v6-m/nofp/libgcc.a(_udivsi3.o)
 .debug_frame   0x0000000000002e54       0x20 /usr/lib/gcc/arm-none-eabi/8.2.0/thumb/v6-m/nofp/libgcc.a(_divsi3.o)
 .debug_frame   0x0000000000002e74       0x34 /usr/lib/gcc/arm-none-eabi/8.2.0/thumb/v6-m/nofp/libgcc.a(_muldi3.o)
 .debug_frame   0x0000000000002ea8       0x30 /usr/lib/gcc/arm-none-eabi/8.2.0/thumb/v6-m/nofp/libgcc.a(_udivmoddi4.o)

Cross Reference Table

Symbol                                            File
ADC1_COMP_IRQHandler                              build/startup_stm32f072xb.o
AHBPrescTable                                     build/system_stm32f0xx.o
                                                  build/stm32f0xx_hal_rcc.o
APBPrescTable                                     build/system_stm32f0xx.o
                                                  build/stm32f0xx_hal_rcc.o
CDC_Transmit_FS                                   build/usbd_cdc_if.o
                                                  build/main.o
CEC_CAN_IRQHandler                                build/startup_stm32f072xb.o
DMA1_Channel1_IRQHandler                          build/stm32f0xx_it.o
DMA1_Channel2_3_IRQHandler                        build/stm32f0xx_it.o
DMA1_Channel4_5_6_7_IRQHandler                    build/stm32f0xx_it.o
Default_Handler                                   build/startup_stm32f072xb.o
EXTI0_1_IRQHandler                                build/startup_stm32f072xb.o
EXTI2_3_IRQHandler                                build/startup_stm32f072xb.o
EXTI4_15_IRQHandler                               build/startup_stm32f072xb.o
Error_Handler                                     build/main.o
                                                  build/stm32f0xx_hal_msp.o
                                                  build/usbd_conf.o
FLASH_IRQHandler                                  build/startup_stm32f072xb.o
FLASH_PageErase                                   build/stm32f0xx_hal_flash_ex.o
                                                  build/stm32f0xx_hal_flash.o
FLASH_WaitForLastOperation                        build/stm32f0xx_hal_flash.o
                                                  build/stm32f0xx_hal_flash_ex.o
FS_Desc                                           build/usbd_desc.o
                                                  build/usb_device.o
HAL_ADCEx_Calibration_Start                       build/stm32f0xx_hal_adc_ex.o
HAL_ADC_AnalogWDGConfig                           build/stm32f0xx_hal_adc.o
HAL_ADC_ConfigChannel                             build/stm32f0xx_hal_adc.o
                                                  build/main.o
HAL_ADC_ConvCpltCallback                          build/stm32f0xx_hal_adc.o
HAL_ADC_ConvHalfCpltCallback                      build/stm32f0xx_hal_adc.o
HAL_ADC_DeInit                                    build/stm32f0xx_hal_adc.o
HAL_ADC_ErrorCallback                             build/stm32f0xx_hal_adc.o
HAL_ADC_GetError                                  build/stm32f0xx_hal_adc.o
HAL_ADC_GetState                                  build/stm32f0xx_hal_adc.o
HAL_ADC_GetValue                                  build/stm32f0xx_hal_adc.o
HAL_ADC_IRQHandler                                build/stm32f0xx_hal_adc.o
HAL_ADC_Init                                      build/stm32f0xx_hal_adc.o
                                                  build/main.o
HAL_ADC_LevelOutOfWindowCallback                  build/stm32f0xx_hal_adc.o
HAL_ADC_MspDeInit                                 build/stm32f0xx_hal_msp.o
HAL_ADC_MspInit                                   build/stm32f0xx_hal_msp.o
HAL_ADC_PollForConversion                         build/stm32f0xx_hal_adc.o
HAL_ADC_PollForEvent                              build/stm32f0xx_hal_adc.o
HAL_ADC_Start                                     build/stm32f0xx_hal_adc.o
HAL_ADC_Start_DMA                                 build/stm32f0xx_hal_adc.o
HAL_ADC_Start_IT                                  build/stm32f0xx_hal_adc.o
HAL_ADC_Stop                                      build/stm32f0xx_hal_adc.o
HAL_ADC_Stop_DMA                                  build/stm32f0xx_hal_adc.o
HAL_ADC_Stop_IT                                   build/stm32f0xx_hal_adc.o
HAL_DBGMCU_DisableDBGStandbyMode                  build/stm32f0xx_hal.o
HAL_DBGMCU_DisableDBGStopMode                     build/stm32f0xx_hal.o
HAL_DBGMCU_EnableDBGStandbyMode                   build/stm32f0xx_hal.o
HAL_DBGMCU_EnableDBGStopMode                      build/stm32f0xx_hal.o
HAL_DMA_Abort                                     build/stm32f0xx_hal_dma.o
                                                  build/stm32f0xx_hal_adc.o
HAL_DMA_Abort_IT                                  build/stm32f0xx_hal_dma.o
                                                  build/stm32f0xx_hal_i2c.o
HAL_DMA_DeInit                                    build/stm32f0xx_hal_dma.o
                                                  build/stm32f0xx_hal_msp.o
HAL_DMA_GetError                                  build/stm32f0xx_hal_dma.o
HAL_DMA_GetState                                  build/stm32f0xx_hal_dma.o
HAL_DMA_IRQHandler                                build/stm32f0xx_hal_dma.o
                                                  build/stm32f0xx_it.o
HAL_DMA_Init                                      build/stm32f0xx_hal_dma.o
                                                  build/stm32f0xx_hal_msp.o
HAL_DMA_PollForTransfer                           build/stm32f0xx_hal_dma.o
HAL_DMA_RegisterCallback                          build/stm32f0xx_hal_dma.o
HAL_DMA_Start                                     build/stm32f0xx_hal_dma.o
HAL_DMA_Start_IT                                  build/stm32f0xx_hal_dma.o
                                                  build/stm32f0xx_hal_i2c.o
                                                  build/stm32f0xx_hal_adc.o
HAL_DMA_UnRegisterCallback                        build/stm32f0xx_hal_dma.o
HAL_DeInit                                        build/stm32f0xx_hal.o
HAL_Delay                                         build/stm32f0xx_hal.o
                                                  build/usbd_conf.o
                                                  build/main.o
HAL_FLASHEx_Erase                                 build/stm32f0xx_hal_flash_ex.o
HAL_FLASHEx_Erase_IT                              build/stm32f0xx_hal_flash_ex.o
HAL_FLASHEx_OBErase                               build/stm32f0xx_hal_flash_ex.o
HAL_FLASHEx_OBGetConfig                           build/stm32f0xx_hal_flash_ex.o
HAL_FLASHEx_OBGetUserData                         build/stm32f0xx_hal_flash_ex.o
HAL_FLASHEx_OBProgram                             build/stm32f0xx_hal_flash_ex.o
HAL_FLASH_EndOfOperationCallback                  build/stm32f0xx_hal_flash.o
HAL_FLASH_GetError                                build/stm32f0xx_hal_flash.o
HAL_FLASH_IRQHandler                              build/stm32f0xx_hal_flash.o
HAL_FLASH_Lock                                    build/stm32f0xx_hal_flash.o
HAL_FLASH_OB_Launch                               build/stm32f0xx_hal_flash.o
HAL_FLASH_OB_Lock                                 build/stm32f0xx_hal_flash.o
HAL_FLASH_OB_Unlock                               build/stm32f0xx_hal_flash.o
HAL_FLASH_OperationErrorCallback                  build/stm32f0xx_hal_flash.o
HAL_FLASH_Program                                 build/stm32f0xx_hal_flash.o
HAL_FLASH_Program_IT                              build/stm32f0xx_hal_flash.o
HAL_FLASH_Unlock                                  build/stm32f0xx_hal_flash.o
HAL_GPIO_DeInit                                   build/stm32f0xx_hal_gpio.o
                                                  build/stm32f0xx_hal_msp.o
HAL_GPIO_EXTI_Callback                            build/stm32f0xx_hal_gpio.o
HAL_GPIO_EXTI_IRQHandler                          build/stm32f0xx_hal_gpio.o
HAL_GPIO_Init                                     build/stm32f0xx_hal_gpio.o
                                                  build/stm32f0xx_hal_rcc.o
                                                  build/stm32f0xx_hal_msp.o
                                                  build/main.o
HAL_GPIO_LockPin                                  build/stm32f0xx_hal_gpio.o
HAL_GPIO_ReadPin                                  build/stm32f0xx_hal_gpio.o
                                                  build/main.o
HAL_GPIO_TogglePin                                build/stm32f0xx_hal_gpio.o
HAL_GPIO_WritePin                                 build/stm32f0xx_hal_gpio.o
                                                  build/main.o
HAL_GetDEVID                                      build/stm32f0xx_hal.o
HAL_GetHalVersion                                 build/stm32f0xx_hal.o
HAL_GetREVID                                      build/stm32f0xx_hal.o
HAL_GetTick                                       build/stm32f0xx_hal.o
                                                  build/stm32f0xx_hal_flash.o
                                                  build/stm32f0xx_hal_dma.o
                                                  build/stm32f0xx_hal_rcc_ex.o
                                                  build/stm32f0xx_hal_rcc.o
                                                  build/stm32f0xx_hal_i2c.o
                                                  build/stm32f0xx_hal_adc_ex.o
                                                  build/stm32f0xx_hal_adc.o
HAL_GetUIDw0                                      build/stm32f0xx_hal.o
HAL_GetUIDw1                                      build/stm32f0xx_hal.o
HAL_GetUIDw2                                      build/stm32f0xx_hal.o
HAL_I2CEx_ConfigAnalogFilter                      build/stm32f0xx_hal_i2c_ex.o
                                                  build/main.o
HAL_I2CEx_ConfigDigitalFilter                     build/stm32f0xx_hal_i2c_ex.o
                                                  build/main.o
HAL_I2CEx_DisableFastModePlus                     build/stm32f0xx_hal_i2c_ex.o
HAL_I2CEx_DisableWakeUp                           build/stm32f0xx_hal_i2c_ex.o
HAL_I2CEx_EnableFastModePlus                      build/stm32f0xx_hal_i2c_ex.o
HAL_I2CEx_EnableWakeUp                            build/stm32f0xx_hal_i2c_ex.o
HAL_I2C_AbortCpltCallback                         build/stm32f0xx_hal_i2c.o
HAL_I2C_AddrCallback                              build/stm32f0xx_hal_i2c.o
HAL_I2C_DeInit                                    build/stm32f0xx_hal_i2c.o