Archive member included to satisfy reference by file (symbol)

/usr/bin/../lib/gcc/arm-none-eabi/7.3.1/../../../../arm-none-eabi/lib/thumb/v6-m/libc_nano.a(lib_a-exit.o)
                              /usr/bin/../lib/gcc/arm-none-eabi/7.3.1/../../../../arm-none-eabi/lib/thumb/v6-m/crt0.o (exit)
/usr/bin/../lib/gcc/arm-none-eabi/7.3.1/../../../../arm-none-eabi/lib/thumb/v6-m/libc_nano.a(lib_a-impure.o)
                              /usr/bin/../lib/gcc/arm-none-eabi/7.3.1/../../../../arm-none-eabi/lib/thumb/v6-m/libc_nano.a(lib_a-exit.o) (_global_impure_ptr)
/usr/bin/../lib/gcc/arm-none-eabi/7.3.1/../../../../arm-none-eabi/lib/thumb/v6-m/libc_nano.a(lib_a-init.o)
                              /usr/bin/../lib/gcc/arm-none-eabi/7.3.1/../../../../arm-none-eabi/lib/thumb/v6-m/crt0.o (__libc_init_array)
/usr/bin/../lib/gcc/arm-none-eabi/7.3.1/../../../../arm-none-eabi/lib/thumb/v6-m/libc_nano.a(lib_a-memcpy-stub.o)
                              build/queue.o (memcpy)
/usr/bin/../lib/gcc/arm-none-eabi/7.3.1/../../../../arm-none-eabi/lib/thumb/v6-m/libc_nano.a(lib_a-memset.o)
                              /usr/bin/../lib/gcc/arm-none-eabi/7.3.1/../../../../arm-none-eabi/lib/thumb/v6-m/crt0.o (memset)
/usr/bin/../lib/gcc/arm-none-eabi/7.3.1/../../../../arm-none-eabi/lib/thumb/v6-m/libc_nano.a(lib_a-sprintf.o)
                              build/main.o (sprintf)
/usr/bin/../lib/gcc/arm-none-eabi/7.3.1/../../../../arm-none-eabi/lib/thumb/v6-m/libc_nano.a(lib_a-nano-svfprintf.o)
                              /usr/bin/../lib/gcc/arm-none-eabi/7.3.1/../../../../arm-none-eabi/lib/thumb/v6-m/libc_nano.a(lib_a-sprintf.o) (_svfprintf_r)
/usr/bin/../lib/gcc/arm-none-eabi/7.3.1/../../../../arm-none-eabi/lib/thumb/v6-m/libc_nano.a(lib_a-nano-vfprintf_i.o)
                              /usr/bin/../lib/gcc/arm-none-eabi/7.3.1/../../../../arm-none-eabi/lib/thumb/v6-m/libc_nano.a(lib_a-nano-svfprintf.o) (_printf_i)
/usr/bin/../lib/gcc/arm-none-eabi/7.3.1/../../../../arm-none-eabi/lib/thumb/v6-m/libc_nano.a(lib_a-memchr-stub.o)
                              /usr/bin/../lib/gcc/arm-none-eabi/7.3.1/../../../../arm-none-eabi/lib/thumb/v6-m/libc_nano.a(lib_a-nano-svfprintf.o) (memchr)
/usr/bin/../lib/gcc/arm-none-eabi/7.3.1/../../../../arm-none-eabi/lib/thumb/v6-m/libc_nano.a(lib_a-memmove.o)
                              /usr/bin/../lib/gcc/arm-none-eabi/7.3.1/../../../../arm-none-eabi/lib/thumb/v6-m/libc_nano.a(lib_a-nano-svfprintf.o) (memmove)
/usr/bin/../lib/gcc/arm-none-eabi/7.3.1/../../../../arm-none-eabi/lib/thumb/v6-m/libc_nano.a(lib_a-nano-freer.o)
                              /usr/bin/../lib/gcc/arm-none-eabi/7.3.1/../../../../arm-none-eabi/lib/thumb/v6-m/libc_nano.a(lib_a-nano-svfprintf.o) (_free_r)
/usr/bin/../lib/gcc/arm-none-eabi/7.3.1/../../../../arm-none-eabi/lib/thumb/v6-m/libc_nano.a(lib_a-nano-mallocr.o)
                              /usr/bin/../lib/gcc/arm-none-eabi/7.3.1/../../../../arm-none-eabi/lib/thumb/v6-m/libc_nano.a(lib_a-nano-svfprintf.o) (_malloc_r)
/usr/bin/../lib/gcc/arm-none-eabi/7.3.1/../../../../arm-none-eabi/lib/thumb/v6-m/libc_nano.a(lib_a-nano-reallocr.o)
                              /usr/bin/../lib/gcc/arm-none-eabi/7.3.1/../../../../arm-none-eabi/lib/thumb/v6-m/libc_nano.a(lib_a-nano-svfprintf.o) (_realloc_r)
/usr/bin/../lib/gcc/arm-none-eabi/7.3.1/../../../../arm-none-eabi/lib/thumb/v6-m/libc_nano.a(lib_a-sbrkr.o)
                              /usr/bin/../lib/gcc/arm-none-eabi/7.3.1/../../../../arm-none-eabi/lib/thumb/v6-m/libc_nano.a(lib_a-nano-mallocr.o) (_sbrk_r)
/usr/bin/../lib/gcc/arm-none-eabi/7.3.1/../../../../arm-none-eabi/lib/thumb/v6-m/libc_nano.a(lib_a-mlock.o)
                              /usr/bin/../lib/gcc/arm-none-eabi/7.3.1/../../../../arm-none-eabi/lib/thumb/v6-m/libc_nano.a(lib_a-nano-freer.o) (__malloc_lock)
/usr/bin/../lib/gcc/arm-none-eabi/7.3.1/../../../../arm-none-eabi/lib/thumb/v6-m/libc_nano.a(lib_a-nano-msizer.o)
                              /usr/bin/../lib/gcc/arm-none-eabi/7.3.1/../../../../arm-none-eabi/lib/thumb/v6-m/libc_nano.a(lib_a-nano-reallocr.o) (_malloc_usable_size_r)
/usr/bin/../lib/gcc/arm-none-eabi/7.3.1/../../../../arm-none-eabi/lib/thumb/v6-m/libc_nano.a(lib_a-reent.o)
                              /usr/bin/../lib/gcc/arm-none-eabi/7.3.1/../../../../arm-none-eabi/lib/thumb/v6-m/libc_nano.a(lib_a-sbrkr.o) (errno)
/usr/bin/../lib/gcc/arm-none-eabi/7.3.1/../../../../arm-none-eabi/lib/thumb/v6-m/libnosys.a(sbrk.o)
                              /usr/bin/../lib/gcc/arm-none-eabi/7.3.1/../../../../arm-none-eabi/lib/thumb/v6-m/libc_nano.a(lib_a-sbrkr.o) (_sbrk)
/usr/bin/../lib/gcc/arm-none-eabi/7.3.1/../../../../arm-none-eabi/lib/thumb/v6-m/libnosys.a(_exit.o)
                              /usr/bin/../lib/gcc/arm-none-eabi/7.3.1/../../../../arm-none-eabi/lib/thumb/v6-m/libc_nano.a(lib_a-exit.o) (_exit)
/usr/bin/../lib/gcc/arm-none-eabi/7.3.1/thumb/v6-m/libgcc.a(_udivsi3.o)
                              build/stm32f0xx_hal_adc.o (__aeabi_uidiv)
[...]
Memory Configuration

Name             Origin             Length             Attributes
RAM              0x0000000020000000 0x0000000000004000 xrw
FLASH            0x0000000008000000 0x0000000000020000 xr
*default*        0x0000000000000000 0xffffffffffffffff

Linker script and memory map

LOAD /usr/bin/../lib/gcc/arm-none-eabi/7.3.1/thumb/v6-m/crti.o
LOAD /usr/bin/../lib/gcc/arm-none-eabi/7.3.1/thumb/v6-m/crtbegin.o
LOAD /usr/bin/../lib/gcc/arm-none-eabi/7.3.1/../../../../arm-none-eabi/lib/thumb/v6-m/crt0.o
LOAD build/main.o
LOAD build/freertos.o
LOAD build/stm32f0xx_it.o
LOAD build/stm32f0xx_hal_msp.o
LOAD build/stm32f0xx_hal_adc.o
LOAD build/stm32f0xx_hal_adc_ex.o
LOAD build/stm32f0xx_hal_i2c.o
LOAD build/stm32f0xx_hal_i2c_ex.o
LOAD build/stm32f0xx_hal_tim.o
LOAD build/stm32f0xx_hal_tim_ex.o
LOAD build/stm32f0xx_hal_rcc.o
LOAD build/stm32f0xx_hal_rcc_ex.o
LOAD build/stm32f0xx_hal.o
LOAD build/stm32f0xx_hal_gpio.o
LOAD build/stm32f0xx_hal_dma.o
LOAD build/stm32f0xx_hal_cortex.o
LOAD build/stm32f0xx_hal_pwr.o
LOAD build/stm32f0xx_hal_pwr_ex.o
LOAD build/stm32f0xx_hal_flash.o
LOAD build/stm32f0xx_hal_flash_ex.o
LOAD build/system_stm32f0xx.o
LOAD build/init.o
LOAD build/heap_4.o
LOAD build/port.o
LOAD build/list.o
LOAD build/timers.o
LOAD build/queue.o
LOAD build/croutine.o
LOAD build/tasks.o
LOAD build/event_groups.o
LOAD build/cmsis_os.o
LOAD build/usb_device.o
LOAD build/usbd_conf.o
LOAD build/usbd_desc.o
LOAD build/usbd_cdc_if.o
LOAD build/tcpm_driver.o
LOAD build/usb_pd_driver.o
LOAD build/usb_pd_policy.o
LOAD build/usb_pd_protocol.o
LOAD build/FUSB302.o
LOAD build/stm32f0xx_hal_pcd.o
LOAD build/stm32f0xx_hal_pcd_ex.o
LOAD build/usbd_core.o
LOAD build/usbd_ctlreq.o
LOAD build/usbd_ioreq.o
LOAD build/usbd_cdc.o
LOAD build/startup_stm32f072xb.o
LOAD /usr/bin/../lib/gcc/arm-none-eabi/7.3.1/../../../../arm-none-eabi/lib/thumb/v6-m/libc_nano.a
LOAD /usr/bin/../lib/gcc/arm-none-eabi/7.3.1/../../../../arm-none-eabi/lib/thumb/v6-m/libm.a
LOAD /usr/bin/../lib/gcc/arm-none-eabi/7.3.1/../../../../arm-none-eabi/lib/thumb/v6-m/libnosys.a
START GROUP
LOAD /usr/bin/../lib/gcc/arm-none-eabi/7.3.1/thumb/v6-m/libgcc.a
LOAD /usr/bin/../lib/gcc/arm-none-eabi/7.3.1/../../../../arm-none-eabi/lib/thumb/v6-m/libc_nano.a
END GROUP
START GROUP
LOAD /usr/bin/../lib/gcc/arm-none-eabi/7.3.1/thumb/v6-m/libgcc.a
LOAD /usr/bin/../lib/gcc/arm-none-eabi/7.3.1/../../../../arm-none-eabi/lib/thumb/v6-m/libc_nano.a
END GROUP
LOAD /usr/bin/../lib/gcc/arm-none-eabi/7.3.1/thumb/v6-m/crtend.o
LOAD /usr/bin/../lib/gcc/arm-none-eabi/7.3.1/thumb/v6-m/crtn.o
                0x0000000020004000                _estack = 0x20004000
                0x0000000000000200                _Min_Heap_Size = 0x200
                0x0000000000000400                _Min_Stack_Size = 0x400

.isr_vector     0x0000000008000000       0xc0
                0x0000000008000000                . = ALIGN (0x4)
 *(.isr_vector)
 .isr_vector    0x0000000008000000       0xc0 build/startup_stm32f072xb.o
                0x0000000008000000                g_pfnVectors
                0x00000000080000c0                . = ALIGN (0x4)

.text           0x00000000080000c0     0x613c
                0x00000000080000c0                . = ALIGN (0x4)
 *(.text)
 .text          0x00000000080000c0       0x48 /usr/bin/../lib/gcc/arm-none-eabi/7.3.1/thumb/v6-m/crtbegin.o
 .text          0x0000000008000108      0x114 /usr/bin/../lib/gcc/arm-none-eabi/7.3.1/thumb/v6-m/libgcc.a(_udivsi3.o)
                0x0000000008000108                __udivsi3
                0x0000000008000108                __aeabi_uidiv
                0x0000000008000214                __aeabi_uidivmod
 .text          0x000000000800021c        0x4 /usr/bin/../lib/gcc/arm-none-eabi/7.3.1/thumb/v6-m/libgcc.a(_dvmd_tls.o)
                0x000000000800021c                __aeabi_ldiv0
                0x000000000800021c                __aeabi_idiv0
 *(.text*)
 .text.main     0x0000000008000220       0x48 build/main.o
                0x0000000008000220                main
 .text.dfu_otter_bootloader
                0x0000000008000268       0x28 build/main.o
                0x0000000008000268                dfu_otter_bootloader
 .text.StartDefaultTask
                0x0000000008000290       0x94 build/main.o
                0x0000000008000290                StartDefaultTask
 .text.Error_Handler
                0x0000000008000324        0x2 build/main.o
                0x0000000008000324                Error_Handler
 .text.NMI_Handler
                0x0000000008000326        0x2 build/stm32f0xx_it.o
                0x0000000008000326                NMI_Handler
 .text.HardFault_Handler
                0x0000000008000328        0x2 build/stm32f0xx_it.o
                0x0000000008000328                HardFault_Handler
 .text.SysTick_Handler
                0x000000000800032a        0xc build/stm32f0xx_it.o
                0x000000000800032a                SysTick_Handler
 *fill*         0x0000000008000336        0x2 
 .text.DMA1_Channel1_IRQHandler
                0x0000000008000338       0x10 build/stm32f0xx_it.o
                0x0000000008000338                DMA1_Channel1_IRQHandler
 .text.DMA1_Channel2_3_IRQHandler
                0x0000000008000348       0x18 build/stm32f0xx_it.o
                0x0000000008000348                DMA1_Channel2_3_IRQHandler
 .text.DMA1_Channel4_5_6_7_IRQHandler
                0x0000000008000360       0x18 build/stm32f0xx_it.o
                0x0000000008000360                DMA1_Channel4_5_6_7_IRQHandler
 .text.USB_IRQHandler
                0x0000000008000378       0x10 build/stm32f0xx_it.o
                0x0000000008000378                USB_IRQHandler
 .text.HAL_MspInit
                0x0000000008000388       0x3c build/stm32f0xx_hal_msp.o
                0x0000000008000388                HAL_MspInit
 .text.HAL_ADC_MspInit
                0x00000000080003c4       0x9c build/stm32f0xx_hal_msp.o
                0x00000000080003c4                HAL_ADC_MspInit
 .text.HAL_I2C_MspInit
                0x0000000008000460      0x194 build/stm32f0xx_hal_msp.o
                0x0000000008000460                HAL_I2C_MspInit
 .text.HAL_ADC_Init
                0x00000000080005f4      0x17c build/stm32f0xx_hal_adc.o
                0x00000000080005f4                HAL_ADC_Init
 .text.HAL_ADC_ConfigChannel
                0x0000000008000770      0x14c build/stm32f0xx_hal_adc.o
                0x0000000008000770                HAL_ADC_ConfigChannel
 .text.I2C_Flush_TXDR
                0x00000000080008bc       0x1e build/stm32f0xx_hal_i2c.o
 *fill*         0x00000000080008da        0x2 
 .text.I2C_TransferConfig
                0x00000000080008dc       0x28 build/stm32f0xx_hal_i2c.o
 .text.I2C_IsAcknowledgeFailed
                0x0000000008000904       0x78 build/stm32f0xx_hal_i2c.o
 .text.I2C_WaitOnTXISFlagUntilTimeout
                0x000000000800097c       0x52 build/stm32f0xx_hal_i2c.o
 .text.I2C_WaitOnFlagUntilTimeout
                0x00000000080009ce       0x46 build/stm32f0xx_hal_i2c.o
 .text.I2C_WaitOnSTOPFlagUntilTimeout
                0x0000000008000a14       0x4e build/stm32f0xx_hal_i2c.o
 *fill*         0x0000000008000a62        0x2 
 .text.I2C_WaitOnRXNEFlagUntilTimeout
                0x0000000008000a64       0x78 build/stm32f0xx_hal_i2c.o
 .text.HAL_I2C_Init
                0x0000000008000adc       0xcc build/stm32f0xx_hal_i2c.o
                0x0000000008000adc                HAL_I2C_Init
 .text.HAL_I2C_Master_Transmit
                0x0000000008000ba8      0x180 build/stm32f0xx_hal_i2c.o
                0x0000000008000ba8                HAL_I2C_Master_Transmit
 .text.HAL_I2C_Master_Receive
                0x0000000008000d28      0x180 build/stm32f0xx_hal_i2c.o
                0x0000000008000d28                HAL_I2C_Master_Receive
 .text.HAL_I2CEx_ConfigAnalogFilter
                0x0000000008000ea8       0x58 build/stm32f0xx_hal_i2c_ex.o
                0x0000000008000ea8                HAL_I2CEx_ConfigAnalogFilter
 .text.HAL_I2CEx_ConfigDigitalFilter
                0x0000000008000f00       0x54 build/stm32f0xx_hal_i2c_ex.o
                0x0000000008000f00                HAL_I2CEx_ConfigDigitalFilter
 .text.HAL_RCC_OscConfig
                0x0000000008000f54      0x4fc build/stm32f0xx_hal_rcc.o
                0x0000000008000f54                HAL_RCC_OscConfig
 .text.HAL_RCC_GetSysClockFreq
                0x0000000008001450       0x94 build/stm32f0xx_hal_rcc.o
                0x0000000008001450                HAL_RCC_GetSysClockFreq
 .text.HAL_RCC_ClockConfig
                0x00000000080014e4      0x184 build/stm32f0xx_hal_rcc.o
                0x00000000080014e4                HAL_RCC_ClockConfig
 .text.HAL_RCC_GetHCLKFreq
                0x0000000008001668        0xc build/stm32f0xx_hal_rcc.o
                0x0000000008001668                HAL_RCC_GetHCLKFreq
 .text.HAL_RCCEx_PeriphCLKConfig
                0x0000000008001674      0x158 build/stm32f0xx_hal_rcc_ex.o
                0x0000000008001674                HAL_RCCEx_PeriphCLKConfig
 .text.HAL_InitTick
                0x00000000080017cc       0x24 build/stm32f0xx_hal.o
                0x00000000080017cc                HAL_InitTick
 .text.HAL_Init
                0x00000000080017f0       0x20 build/stm32f0xx_hal.o
                0x00000000080017f0                HAL_Init
 .text.HAL_IncTick
                0x0000000008001810       0x10 build/stm32f0xx_hal.o
                0x0000000008001810                HAL_IncTick
 .text.HAL_GetTick
                0x0000000008001820        0xc build/stm32f0xx_hal.o
                0x0000000008001820                HAL_GetTick
 .text.HAL_GPIO_Init
                0x000000000800182c      0x198 build/stm32f0xx_hal_gpio.o
                0x000000000800182c                HAL_GPIO_Init
 .text.HAL_GPIO_ReadPin
                0x00000000080019c4        0xe build/stm32f0xx_hal_gpio.o
                0x00000000080019c4                HAL_GPIO_ReadPin
 .text.HAL_GPIO_WritePin
                0x00000000080019d2        0xc build/stm32f0xx_hal_gpio.o
                0x00000000080019d2                HAL_GPIO_WritePin
 *fill*         0x00000000080019de        0x2 
 .text.DMA_CalcBaseAndBitshift
                0x00000000080019e0       0x28 build/stm32f0xx_hal_dma.o
 .text.HAL_DMA_Init
                0x0000000008001a08       0x58 build/stm32f0xx_hal_dma.o
                0x0000000008001a08                HAL_DMA_Init
 .text.HAL_DMA_IRQHandler
                0x0000000008001a60       0xaa build/stm32f0xx_hal_dma.o
                0x0000000008001a60                HAL_DMA_IRQHandler
 *fill*         0x0000000008001b0a        0x2 
 .text.HAL_NVIC_SetPriority
                0x0000000008001b0c       0x60 build/stm32f0xx_hal_cortex.o
                0x0000000008001b0c                HAL_NVIC_SetPriority
 .text.HAL_NVIC_EnableIRQ
                0x0000000008001b6c       0x14 build/stm32f0xx_hal_cortex.o
                0x0000000008001b6c                HAL_NVIC_EnableIRQ
 .text.HAL_SYSTICK_Config
                0x0000000008001b80       0x38 build/stm32f0xx_hal_cortex.o
                0x0000000008001b80                HAL_SYSTICK_Config
 .text.SystemInit
                0x0000000008001bb8       0xa0 build/system_stm32f0xx.o
                0x0000000008001bb8                SystemInit
 .text.SystemClock_Config
                0x0000000008001c58       0x88 build/init.o
                0x0000000008001c58                SystemClock_Config
 .text.MX_ADC_Init
                0x0000000008001ce0       0x88 build/init.o
                0x0000000008001ce0                MX_ADC_Init
 .text.MX_I2C1_Init
                0x0000000008001d68       0x60 build/init.o
                0x0000000008001d68                MX_I2C1_Init
 .text.MX_I2C2_Init
                0x0000000008001dc8       0x70 build/init.o
                0x0000000008001dc8                MX_I2C2_Init
 .text.MX_DMA_Init
                0x0000000008001e38       0x50 build/init.o
                0x0000000008001e38                MX_DMA_Init
 .text.MX_GPIO_Init
                0x0000000008001e88       0xa4 build/init.o
                0x0000000008001e88                MX_GPIO_Init
 .text.prvHeapInit
                0x0000000008001f2c       0x64 build/heap_4.o
 .text.prvInsertBlockIntoFreeList
                0x0000000008001f90       0x54 build/heap_4.o
 .text.pvPortMalloc
                0x0000000008001fe4       0xd8 build/heap_4.o
                0x0000000008001fe4                pvPortMalloc
 .text.vPortFree
                0x00000000080020bc       0x54 build/heap_4.o
                0x00000000080020bc                vPortFree
 .text.prvTaskExitError
                0x0000000008002110       0x14 build/port.o
 *fill*         0x0000000008002124        0xc 
 .text.vPortStartFirstTask
                0x0000000008002130       0x34 build/port.o
 .text.pxPortInitialiseStack
                0x0000000008002164       0x20 build/port.o
                0x0000000008002164                pxPortInitialiseStack
 .text.SVC_Handler
                0x0000000008002184        0x2 build/port.o
                0x0000000008002184                SVC_Handler
 *fill*         0x0000000008002186        0x2 
 .text.vPortYield
                0x0000000008002188       0x18 build/port.o
                0x0000000008002188                vPortYield
 .text.vPortEnterCritical
                0x00000000080021a0       0x18 build/port.o
                0x00000000080021a0                vPortEnterCritical
 .text.vPortExitCritical
                0x00000000080021b8       0x20 build/port.o
                0x00000000080021b8                vPortExitCritical
 .text.ulSetInterruptMaskFromISR
                0x00000000080021d8        0xa build/port.o
                0x00000000080021d8                ulSetInterruptMaskFromISR
 .text.vClearInterruptMaskFromISR
                0x00000000080021e2        0x6 build/port.o
                0x00000000080021e2                vClearInterruptMaskFromISR
 *fill*         0x00000000080021e8        0x8 
 .text.PendSV_Handler
                0x00000000080021f0       0x44 build/port.o
                0x00000000080021f0                PendSV_Handler
 .text.xPortSysTickHandler
                0x0000000008002234       0x24 build/port.o
                0x0000000008002234                xPortSysTickHandler
 .text.vPortSetupTimerInterrupt
                0x0000000008002258       0x28 build/port.o
                0x0000000008002258                vPortSetupTimerInterrupt
 .text.xPortStartScheduler
                0x0000000008002280       0x34 build/port.o
                0x0000000008002280                xPortStartScheduler
 .text.vListInitialise
                0x00000000080022b4       0x16 build/list.o
                0x00000000080022b4                vListInitialise
 .text.vListInitialiseItem
                0x00000000080022ca        0x6 build/list.o
                0x00000000080022ca                vListInitialiseItem
 .text.vListInsertEnd
                0x00000000080022d0       0x18 build/list.o
                0x00000000080022d0                vListInsertEnd
 .text.vListInsert
                0x00000000080022e8       0x30 build/list.o
                0x00000000080022e8                vListInsert
 .text.uxListRemove
                0x0000000008002318       0x26 build/list.o
                0x0000000008002318                uxListRemove
 *fill*         0x000000000800233e        0x2 
 .text.prvResetNextTaskUnblockTime
                0x0000000008002340       0x2c build/tasks.o
 .text.prvDeleteTCB
                0x000000000800236c       0x12 build/tasks.o
 *fill*         0x000000000800237e        0x2 
 .text.prvInitialiseNewTask
                0x0000000008002380       0x88 build/tasks.o
 .text.prvInitialiseTaskLists
                0x0000000008002408       0x68 build/tasks.o
 .text.prvAddNewTaskToReadyList
                0x0000000008002470       0xa0 build/tasks.o
 .text.prvAddCurrentTaskToDelayedList
                0x0000000008002510       0x7c build/tasks.o
 .text.xTaskCreate
                0x000000000800258c       0x60 build/tasks.o
                0x000000000800258c                xTaskCreate
 .text.vTaskStartScheduler
                0x00000000080025ec       0x5c build/tasks.o
                0x00000000080025ec                vTaskStartScheduler
 .text.vTaskSuspendAll
                0x0000000008002648       0x10 build/tasks.o
                0x0000000008002648                vTaskSuspendAll
 .text.xTaskGetTickCount
                0x0000000008002658        0xc build/tasks.o
                0x0000000008002658                xTaskGetTickCount
 .text.xTaskIncrementTick
                0x0000000008002664      0x114 build/tasks.o
                0x0000000008002664                xTaskIncrementTick
 .text.xTaskResumeAll
                0x0000000008002778       0xe8 build/tasks.o
                0x0000000008002778                xTaskResumeAll
 .text.vTaskDelay
                0x0000000008002860       0x30 build/tasks.o
                0x0000000008002860                vTaskDelay
 .text.prvCheckTasksWaitingTermination
                0x0000000008002890       0x54 build/tasks.o
 .text.prvIdleTask
                0x00000000080028e4       0x18 build/tasks.o
 .text.vTaskSwitchContext
                0x00000000080028fc       0x8c build/tasks.o
                0x00000000080028fc                vTaskSwitchContext
 .text.xTaskGetSchedulerState
                0x0000000008002988       0x24 build/tasks.o
                0x0000000008002988                xTaskGetSchedulerState
 .text.makeFreeRtosPriority
                0x00000000080029ac        0xc build/cmsis_os.o
 .text.osKernelStart
                0x00000000080029b8        0xa build/cmsis_os.o
                0x00000000080029b8                osKernelStart
 .text.osThreadCreate
                0x00000000080029c2       0x34 build/cmsis_os.o
                0x00000000080029c2                osThreadCreate
 .text.osDelay  0x00000000080029f6       0x10 build/cmsis_os.o
                0x00000000080029f6                osDelay
 .text.osSystickHandler
                0x0000000008002a06       0x10 build/cmsis_os.o
                0x0000000008002a06                osSystickHandler
 *fill*         0x0000000008002a16        0x2 
 .text.MX_USB_DEVICE_Init
                0x0000000008002a18       0x38 build/usb_device.o
                0x0000000008002a18                MX_USB_DEVICE_Init
 .text.SystemClockConfig_Resume
                0x0000000008002a50        0x8 build/usbd_conf.o
 .text.HAL_PCD_MspInit
                0x0000000008002a58       0x40 build/usbd_conf.o
                0x0000000008002a58                HAL_PCD_MspInit
 .text.HAL_PCD_SetupStageCallback
                0x0000000008002a98       0x14 build/usbd_conf.o
                0x0000000008002a98                HAL_PCD_SetupStageCallback
 .text.HAL_PCD_DataOutStageCallback
                0x0000000008002aac       0x1e build/usbd_conf.o
                0x0000000008002aac                HAL_PCD_DataOutStageCallback
 .text.HAL_PCD_DataInStageCallback
                0x0000000008002aca       0x1a build/usbd_conf.o
                0x0000000008002aca                HAL_PCD_DataInStageCallback
 .text.HAL_PCD_SOFCallback
                0x0000000008002ae4        0xe build/usbd_conf.o
                0x0000000008002ae4                HAL_PCD_SOFCallback
 .text.HAL_PCD_ResetCallback
                0x0000000008002af2       0x18 build/usbd_conf.o
                0x0000000008002af2                HAL_PCD_ResetCallback
 *fill*         0x0000000008002b0a        0x2 
 .text.HAL_PCD_SuspendCallback
                0x0000000008002b0c       0x24 build/usbd_conf.o
                0x0000000008002b0c                HAL_PCD_SuspendCallback
 .text.HAL_PCD_ResumeCallback
                0x0000000008002b30       0x2c build/usbd_conf.o
                0x0000000008002b30                HAL_PCD_ResumeCallback
 .text.USBD_LL_Init
                0x0000000008002b5c       0x88 build/usbd_conf.o
                0x0000000008002b5c                USBD_LL_Init
 .text.USBD_LL_Start
                0x0000000008002be4       0x20 build/usbd_conf.o
                0x0000000008002be4                USBD_LL_Start
 .text.USBD_LL_OpenEP
                0x0000000008002c04       0x26 build/usbd_conf.o
                0x0000000008002c04                USBD_LL_OpenEP
 .text.USBD_LL_CloseEP
                0x0000000008002c2a       0x20 build/usbd_conf.o
                0x0000000008002c2a                USBD_LL_CloseEP
 .text.USBD_LL_StallEP
                0x0000000008002c4a       0x20 build/usbd_conf.o
                0x0000000008002c4a                USBD_LL_StallEP
 .text.USBD_LL_ClearStallEP
                0x0000000008002c6a       0x20 build/usbd_conf.o
                0x0000000008002c6a                USBD_LL_ClearStallEP
 .text.USBD_LL_IsStallEP
                0x0000000008002c8a       0x34 build/usbd_conf.o
                0x0000000008002c8a                USBD_LL_IsStallEP
 .text.USBD_LL_SetUSBAddress
                0x0000000008002cbe       0x20 build/usbd_conf.o
                0x0000000008002cbe                USBD_LL_SetUSBAddress
 .text.USBD_LL_Transmit
                0x0000000008002cde       0x20 build/usbd_conf.o
                0x0000000008002cde                USBD_LL_Transmit
 .text.USBD_LL_PrepareReceive
                0x0000000008002cfe       0x20 build/usbd_conf.o
                0x0000000008002cfe                USBD_LL_PrepareReceive
 .text.USBD_LL_GetRxDataSize
                0x0000000008002d1e        0xe build/usbd_conf.o
                0x0000000008002d1e                USBD_LL_GetRxDataSize
 .text.USBD_static_malloc
                0x0000000008002d2c        0x8 build/usbd_conf.o
                0x0000000008002d2c                USBD_static_malloc
 .text.USBD_static_free
                0x0000000008002d34        0x2 build/usbd_conf.o
                0x0000000008002d34                USBD_static_free
 *fill*         0x0000000008002d36        0x2 
 .text.USBD_FS_DeviceDescriptor
                0x0000000008002d38        0xc build/usbd_desc.o
                0x0000000008002d38                USBD_FS_DeviceDescriptor
 .text.USBD_FS_LangIDStrDescriptor
                0x0000000008002d44        0xc build/usbd_desc.o
                0x0000000008002d44                USBD_FS_LangIDStrDescriptor
 .text.USBD_FS_ProductStrDescriptor
                0x0000000008002d50       0x28 build/usbd_desc.o
                0x0000000008002d50                USBD_FS_ProductStrDescriptor
 .text.USBD_FS_ManufacturerStrDescriptor
                0x0000000008002d78       0x1c build/usbd_desc.o
                0x0000000008002d78                USBD_FS_ManufacturerStrDescriptor
 .text.USBD_FS_SerialStrDescriptor
                0x0000000008002d94       0x28 build/usbd_desc.o
                0x0000000008002d94                USBD_FS_SerialStrDescriptor
 .text.USBD_FS_ConfigStrDescriptor
                0x0000000008002dbc       0x28 build/usbd_desc.o
                0x0000000008002dbc                USBD_FS_ConfigStrDescriptor
 .text.USBD_FS_InterfaceStrDescriptor
                0x0000000008002de4       0x28 build/usbd_desc.o
                0x0000000008002de4                USBD_FS_InterfaceStrDescriptor
 .text.CDC_DeInit_FS
                0x0000000008002e0c        0x4 build/usbd_cdc_if.o
 .text.CDC_Control_FS
                0x0000000008002e10        0x4 build/usbd_cdc_if.o
 .text.CDC_Receive_FS
                0x0000000008002e14       0x1c build/usbd_cdc_if.o
 .text.CDC_Init_FS
                0x0000000008002e30       0x28 build/usbd_cdc_if.o
 .text.CDC_Transmit_FS
                0x0000000008002e58       0x30 build/usbd_cdc_if.o
                0x0000000008002e58                CDC_Transmit_FS
 .text.tcpc_write
                0x0000000008002e88       0x2c build/tcpm_driver.o
                0x0000000008002e88                tcpc_write
 .text.tcpc_read
                0x0000000008002eb4       0x44 build/tcpm_driver.o
                0x0000000008002eb4                tcpc_read
 .text.tcpc_xfer
                0x0000000008002ef8       0x70 build/tcpm_driver.o
                0x0000000008002ef8                tcpc_xfer
 .text.pd_task_set_event
                0x0000000008002f68        0x4 build/usb_pd_driver.o
                0x0000000008002f68                pd_task_set_event
 .text.pd_set_input_current_limit
                0x0000000008002f6c        0x2 build/usb_pd_driver.o
                0x0000000008002f6c                pd_set_input_current_limit
 .text.get_time
                0x0000000008002f6e       0x12 build/usb_pd_driver.o
                0x0000000008002f6e                get_time
 .text.pd_power_supply_reset
                0x0000000008002f80        0x2 build/usb_pd_driver.o
                0x0000000008002f80                pd_power_supply_reset
 *fill*         0x0000000008002f82        0x2 
 .text.inc_id   0x0000000008002f84       0x18 build/usb_pd_protocol.o
 .text.pd_transmit_complete
                0x0000000008002f9c       0x28 build/usb_pd_protocol.o
                0x0000000008002f9c                pd_transmit_complete
 .text.pd_execute_hard_reset
                0x0000000008002fc4       0xa0 build/usb_pd_protocol.o
                0x0000000008002fc4                pd_execute_hard_reset
 .text.pd_init  0x0000000008003064      0x114 build/usb_pd_protocol.o
                0x0000000008003064                pd_init
 .text.convert_bc_lvl
                0x0000000008003178       0x44 build/FUSB302.o
 .text.get_num_bytes
                0x00000000080031bc        0xc build/FUSB302.o
 .text.fusb302_tcpm_release
                0x00000000080031c8        0x4 build/FUSB302.o
 .text.fusb302_rx_fifo_is_empty
                0x00000000080031cc       0x20 build/FUSB302.o
 .text.fusb302_pd_reset
                0x00000000080031ec        0xc build/FUSB302.o
 .text.fusb302_flush_rx_fifo
                0x00000000080031f8        0xc build/FUSB302.o
 .text.fusb302_tcpc_alert
                0x0000000008003204       0xbc build/FUSB302.o
                0x0000000008003204                fusb302_tcpc_alert
 .text.fusb302_flush_tx_fifo
                0x00000000080032c0       0x22 build/FUSB302.o
 .text.fusb302_auto_goodcrc_enable
                0x00000000080032e2       0x34 build/FUSB302.o
 *fill*         0x0000000008003316        0x2 
 .text.fusb302_tcpm_set_rx_enable
                0x0000000008003318       0xb8 build/FUSB302.o
 .text.fusb302_tcpm_set_msg_header
                0x00000000080033d0       0x46 build/FUSB302.o
 *fill*         0x0000000008003416        0x2 
 .text.fusb302_tcpm_set_vconn
                0x0000000008003418       0x54 build/FUSB302.o
 .text.fusb302_tcpm_set_polarity
                0x000000000800346c       0xac build/FUSB302.o
 .text.fusb302_tcpm_set_cc
                0x0000000008003518      0x10c build/FUSB302.o
 .text.fusb302_tcpm_select_rp_value
                0x0000000008003624       0x68 build/FUSB302.o
 .text.fusb302_tcpm_init
                0x000000000800368c       0xbc build/FUSB302.o
 .text.fusb302_send_message
                0x0000000008003748       0x64 build/FUSB302.o
 .text.fusb302_tcpm_transmit
                0x00000000080037ac       0xb2 build/FUSB302.o
 .text.fusb302_tcpm_get_message
                0x000000000800385e       0xb4 build/FUSB302.o
 *fill*         0x0000000008003912        0x2 
 .text.measure_cc_pin_source
                0x0000000008003914       0xac build/FUSB302.o
 .text.detect_cc_pin_source_manual
                0x00000000080039c0       0x4c build/FUSB302.o
 .text.detect_cc_pin_sink
                0x0000000008003a0c       0xfa build/FUSB302.o
 *fill*         0x0000000008003b06        0x2 
 .text.fusb302_tcpm_get_cc
                0x0000000008003b08       0x24 build/FUSB302.o
 .text.HAL_PCD_Init
                0x0000000008003b2c       0xc0 build/stm32f0xx_hal_pcd.o
                0x0000000008003b2c                HAL_PCD_Init
 .text.HAL_PCD_Start
                0x0000000008003bec       0x18 build/stm32f0xx_hal_pcd.o
                0x0000000008003bec                HAL_PCD_Start
 .text.HAL_PCD_SetAddress
                0x0000000008003c04       0x36 build/stm32f0xx_hal_pcd.o
                0x0000000008003c04                HAL_PCD_SetAddress
 *fill*         0x0000000008003c3a        0x2 
 .text.HAL_PCD_EP_Open
                0x0000000008003c3c      0x354 build/stm32f0xx_hal_pcd.o
                0x0000000008003c3c                HAL_PCD_EP_Open
 .text.HAL_PCD_EP_Close
                0x0000000008003f90      0x1d0 build/stm32f0xx_hal_pcd.o
                0x0000000008003f90                HAL_PCD_EP_Close
 .text.HAL_PCD_EP_Receive
                0x0000000008004160      0x200 build/stm32f0xx_hal_pcd.o
                0x0000000008004160                HAL_PCD_EP_Receive
 .text.HAL_PCD_EP_GetRxCount
                0x0000000008004360       0x14 build/stm32f0xx_hal_pcd.o
                0x0000000008004360                HAL_PCD_EP_GetRxCount
 .text.HAL_PCD_EP_SetStall
                0x0000000008004374       0xc0 build/stm32f0xx_hal_pcd.o
                0x0000000008004374                HAL_PCD_EP_SetStall
 .text.HAL_PCD_EP_ClrStall
                0x0000000008004434       0xe0 build/stm32f0xx_hal_pcd.o
                0x0000000008004434                HAL_PCD_EP_ClrStall
 .text.PCD_WritePMA
                0x0000000008004514       0x28 build/stm32f0xx_hal_pcd.o
                0x0000000008004514                PCD_WritePMA
 .text.HAL_PCD_EP_Transmit
                0x000000000800453c      0x218 build/stm32f0xx_hal_pcd.o
                0x000000000800453c                HAL_PCD_EP_Transmit
 .text.PCD_ReadPMA
                0x0000000008004754       0x2c build/stm32f0xx_hal_pcd.o
                0x0000000008004754                PCD_ReadPMA
 .text.PCD_EP_ISR_Handler
                0x0000000008004780      0x4ac build/stm32f0xx_hal_pcd.o
 .text.HAL_PCD_IRQHandler
                0x0000000008004c2c      0x11c build/stm32f0xx_hal_pcd.o
                0x0000000008004c2c                HAL_PCD_IRQHandler
 .text.HAL_PCDEx_PMAConfig
                0x0000000008004d48       0x3a build/stm32f0xx_hal_pcd_ex.o
                0x0000000008004d48                HAL_PCDEx_PMAConfig
 .text.USBD_Init
                0x0000000008004d82       0x38 build/usbd_core.o
                0x0000000008004d82                USBD_Init
 .text.USBD_RegisterClass
                0x0000000008004dba       0x12 build/usbd_core.o
                0x0000000008004dba                USBD_RegisterClass
 .text.USBD_Start
                0x0000000008004dcc        0xa build/usbd_core.o
                0x0000000008004dcc                USBD_Start
 .text.USBD_SetClassConfig
                0x0000000008004dd6       0x20 build/usbd_core.o
                0x0000000008004dd6                USBD_SetClassConfig
 .text.USBD_ClrClassConfig
                0x0000000008004df6       0x10 build/usbd_core.o
                0x0000000008004df6                USBD_ClrClassConfig
 *fill*         0x0000000008004e06        0x2 
 .text.USBD_LL_SetupStage
                0x0000000008004e08       0x68 build/usbd_core.o
                0x0000000008004e08                USBD_LL_SetupStage
 .text.USBD_LL_DataOutStage
                0x0000000008004e70       0x78 build/usbd_core.o
                0x0000000008004e70                USBD_LL_DataOutStage
 .text.USBD_LL_DataInStage
                0x0000000008004ee8       0xc2 build/usbd_core.o
                0x0000000008004ee8                USBD_LL_DataInStage
 .text.USBD_LL_Reset
                0x0000000008004faa       0x46 build/usbd_core.o
                0x0000000008004faa                USBD_LL_Reset
 .text.USBD_LL_SetSpeed
                0x0000000008004ff0        0x6 build/usbd_core.o
                0x0000000008004ff0                USBD_LL_SetSpeed
 .text.USBD_LL_Suspend
                0x0000000008004ff6       0x16 build/usbd_core.o
                0x0000000008004ff6                USBD_LL_Suspend
 .text.USBD_LL_Resume
                0x000000000800500c        0xe build/usbd_core.o
                0x000000000800500c                USBD_LL_Resume
 .text.USBD_LL_SOF
                0x000000000800501a       0x20 build/usbd_core.o
                0x000000000800501a                USBD_LL_SOF
 .text.USBD_GetLen
                0x000000000800503a       0x14 build/usbd_ctlreq.o
 .text.USBD_SetFeature
                0x000000000800504e       0x22 build/usbd_ctlreq.o
 .text.USBD_ParseSetupRequest
                0x0000000008005070       0x28 build/usbd_ctlreq.o
                0x0000000008005070                USBD_ParseSetupRequest
 .text.USBD_CtlError
                0x0000000008005098       0x14 build/usbd_ctlreq.o
                0x0000000008005098                USBD_CtlError
 .text.USBD_GetDescriptor
                0x00000000080050ac      0x15c build/usbd_ctlreq.o
 .text.USBD_SetAddress
                0x0000000008005208       0x58 build/usbd_ctlreq.o
 .text.USBD_SetConfig
                0x0000000008005260       0xb0 build/usbd_ctlreq.o
 .text.USBD_GetConfig
                0x0000000008005310       0x3c build/usbd_ctlreq.o
 .text.USBD_GetStatus
                0x000000000800534c       0x34 build/usbd_ctlreq.o
 .text.USBD_ClrFeature
                0x0000000008005380       0x36 build/usbd_ctlreq.o
 *fill*         0x00000000080053b6        0x2 
 .text.USBD_StdDevReq
                0x00000000080053b8       0x48 build/usbd_ctlreq.o
                0x00000000080053b8                USBD_StdDevReq
 .text.USBD_StdItfReq
                0x0000000008005400       0x3e build/usbd_ctlreq.o
                0x0000000008005400                USBD_StdItfReq
 .text.USBD_StdEPReq
                0x000000000800543e      0x138 build/usbd_ctlreq.o
                0x000000000800543e                USBD_StdEPReq
 .text.USBD_GetString
                0x0000000008005576       0x3c build/usbd_ctlreq.o
                0x0000000008005576                USBD_GetString
 .text.USBD_CtlSendData
                0x00000000080055b2       0x1c build/usbd_ioreq.o
                0x00000000080055b2                USBD_CtlSendData
 .text.USBD_CtlContinueSendData
                0x00000000080055ce       0x10 build/usbd_ioreq.o
                0x00000000080055ce                USBD_CtlContinueSendData
 .text.USBD_CtlPrepareRx
                0x00000000080055de       0x20 build/usbd_ioreq.o
                0x00000000080055de                USBD_CtlPrepareRx
 .text.USBD_CtlContinueRx
                0x00000000080055fe       0x10 build/usbd_ioreq.o
                0x00000000080055fe                USBD_CtlContinueRx
 .text.USBD_CtlSendStatus
                0x000000000800560e       0x18 build/usbd_ioreq.o
                0x000000000800560e                USBD_CtlSendStatus
 .text.USBD_CtlReceiveStatus
                0x0000000008005626       0x18 build/usbd_ioreq.o
                0x0000000008005626                USBD_CtlReceiveStatus
 .text.USBD_CDC_DataIn
                0x000000000800563e       0x1a build/usbd_cdc.o
 .text.USBD_CDC_EP0_RxReady
                0x0000000008005658       0x34 build/usbd_cdc.o
 .text.USBD_CDC_GetFSCfgDesc
                0x000000000800568c        0xc build/usbd_cdc.o
 .text.USBD_CDC_GetHSCfgDesc
                0x0000000008005698        0xc build/usbd_cdc.o
 .text.USBD_CDC_GetOtherSpeedCfgDesc
                0x00000000080056a4        0xc build/usbd_cdc.o
 .text.USBD_CDC_GetDeviceQualifierDescriptor
                0x00000000080056b0        0xc build/usbd_cdc.o
                0x00000000080056b0                USBD_CDC_GetDeviceQualifierDescriptor
 .text.USBD_CDC_DataOut
                0x00000000080056bc       0x36 build/usbd_cdc.o
 *fill*         0x00000000080056f2        0x2 
 .text.USBD_CDC_Setup
                0x00000000080056f4       0x84 build/usbd_cdc.o
 .text.USBD_CDC_DeInit
                0x0000000008005778       0x40 build/usbd_cdc.o
 .text.USBD_CDC_Init
                0x00000000080057b8       0xa4 build/usbd_cdc.o
 .text.USBD_CDC_RegisterInterface
                0x000000000800585c       0x12 build/usbd_cdc.o
                0x000000000800585c                USBD_CDC_RegisterInterface
 .text.USBD_CDC_SetTxBuffer
                0x000000000800586e       0x16 build/usbd_cdc.o
                0x000000000800586e                USBD_CDC_SetTxBuffer
 .text.USBD_CDC_SetRxBuffer
                0x0000000008005884        0xe build/usbd_cdc.o
                0x0000000008005884                USBD_CDC_SetRxBuffer
 .text.USBD_CDC_TransmitPacket
                0x0000000008005892       0x3a build/usbd_cdc.o
                0x0000000008005892                USBD_CDC_TransmitPacket
 .text.USBD_CDC_ReceivePacket
                0x00000000080058cc       0x3e build/usbd_cdc.o
                0x00000000080058cc                USBD_CDC_ReceivePacket
 *fill*         0x000000000800590a        0x2 
 .text.Reset_Handler
                0x000000000800590c       0x50 build/startup_stm32f072xb.o
                0x000000000800590c                Reset_Handler
 .text.Default_Handler
                0x000000000800595c        0x2 build/startup_stm32f072xb.o
                0x000000000800595c                TIM1_CC_IRQHandler
                0x000000000800595c                TSC_IRQHandler
                0x000000000800595c                ADC1_COMP_IRQHandler
                0x000000000800595c                I2C1_IRQHandler
                0x000000000800595c                RCC_CRS_IRQHandler
                0x000000000800595c                SPI1_IRQHandler
                0x000000000800595c                TIM6_DAC_IRQHandler
                0x000000000800595c                USART3_4_IRQHandler
                0x000000000800595c                EXTI2_3_IRQHandler
                0x000000000800595c                I2C2_IRQHandler
                0x000000000800595c                TIM17_IRQHandler
                0x000000000800595c                CEC_CAN_IRQHandler
                0x000000000800595c                RTC_IRQHandler
                0x000000000800595c                PVD_VDDIO2_IRQHandler
                0x000000000800595c                TIM16_IRQHandler
                0x000000000800595c                TIM3_IRQHandler
                0x000000000800595c                EXTI4_15_IRQHandler
                0x000000000800595c                Default_Handler
                0x000000000800595c                TIM14_IRQHandler
                0x000000000800595c                TIM7_IRQHandler
                0x000000000800595c                TIM15_IRQHandler
                0x000000000800595c                EXTI0_1_IRQHandler
                0x000000000800595c                SPI2_IRQHandler
                0x000000000800595c                WWDG_IRQHandler
                0x000000000800595c                TIM2_IRQHandler
                0x000000000800595c                USART2_IRQHandler
                0x000000000800595c                FLASH_IRQHandler
                0x000000000800595c                USART1_IRQHandler
                0x000000000800595c                TIM1_BRK_UP_TRG_COM_IRQHandler
 *fill*         0x000000000800595e        0x2 
 .text.__libc_init_array
                0x0000000008005960       0x48 /usr/bin/../lib/gcc/arm-none-eabi/7.3.1/../../../../arm-none-eabi/lib/thumb/v6-m/libc_nano.a(lib_a-init.o)
                0x0000000008005960                __libc_init_array
 .text.memcpy   0x00000000080059a8       0x12 /usr/bin/../lib/gcc/arm-none-eabi/7.3.1/../../../../arm-none-eabi/lib/thumb/v6-m/libc_nano.a(lib_a-memcpy-stub.o)
                0x00000000080059a8                memcpy
 .text.memset   0x00000000080059ba       0x10 /usr/bin/../lib/gcc/arm-none-eabi/7.3.1/../../../../arm-none-eabi/lib/thumb/v6-m/libc_nano.a(lib_a-memset.o)
                0x00000000080059ba                memset
 *fill*         0x00000000080059ca        0x2 
 .text.sprintf  0x00000000080059cc       0x40 /usr/bin/../lib/gcc/arm-none-eabi/7.3.1/../../../../arm-none-eabi/lib/thumb/v6-m/libc_nano.a(lib_a-sprintf.o)
                0x00000000080059cc                sprintf
                0x00000000080059cc                siprintf
 .text.__ssputs_r
                0x0000000008005a0c       0xc4 /usr/bin/../lib/gcc/arm-none-eabi/7.3.1/../../../../arm-none-eabi/lib/thumb/v6-m/libc_nano.a(lib_a-nano-svfprintf.o)
                0x0000000008005a0c                __ssputs_r
 .text._svfprintf_r
                0x0000000008005ad0      0x1fc /usr/bin/../lib/gcc/arm-none-eabi/7.3.1/../../../../arm-none-eabi/lib/thumb/v6-m/libc_nano.a(lib_a-nano-svfprintf.o)
                0x0000000008005ad0                _svfprintf_r
                0x0000000008005ad0                _svfiprintf_r
 .text._printf_common
                0x0000000008005ccc       0xda /usr/bin/../lib/gcc/arm-none-eabi/7.3.1/../../../../arm-none-eabi/lib/thumb/v6-m/libc_nano.a(lib_a-nano-vfprintf_i.o)
                0x0000000008005ccc                _printf_common
 *fill*         0x0000000008005da6        0x2 
 .text._printf_i
                0x0000000008005da8      0x210 /usr/bin/../lib/gcc/arm-none-eabi/7.3.1/../../../../arm-none-eabi/lib/thumb/v6-m/libc_nano.a(lib_a-nano-vfprintf_i.o)
                0x0000000008005da8                _printf_i
 .text.memchr   0x0000000008005fb8       0x16 /usr/bin/../lib/gcc/arm-none-eabi/7.3.1/../../../../arm-none-eabi/lib/thumb/v6-m/libc_nano.a(lib_a-memchr-stub.o)
                0x0000000008005fb8                memchr
 .text.memmove  0x0000000008005fce       0x26 /usr/bin/../lib/gcc/arm-none-eabi/7.3.1/../../../../arm-none-eabi/lib/thumb/v6-m/libc_nano.a(lib_a-memmove.o)
                0x0000000008005fce                memmove
 .text._free_r  0x0000000008005ff4       0x94 /usr/bin/../lib/gcc/arm-none-eabi/7.3.1/../../../../arm-none-eabi/lib/thumb/v6-m/libc_nano.a(lib_a-nano-freer.o)
                0x0000000008005ff4                _free_r
 .text._malloc_r
                0x0000000008006088       0xbc /usr/bin/../lib/gcc/arm-none-eabi/7.3.1/../../../../arm-none-eabi/lib/thumb/v6-m/libc_nano.a(lib_a-nano-mallocr.o)
                0x0000000008006088                _malloc_r
 .text._realloc_r
                0x0000000008006144       0x4c /usr/bin/../lib/gcc/arm-none-eabi/7.3.1/../../../../arm-none-eabi/lib/thumb/v6-m/libc_nano.a(lib_a-nano-reallocr.o)
                0x0000000008006144                _realloc_r
 .text._sbrk_r  0x0000000008006190       0x24 /usr/bin/../lib/gcc/arm-none-eabi/7.3.1/../../../../arm-none-eabi/lib/thumb/v6-m/libc_nano.a(lib_a-sbrkr.o)
                0x0000000008006190                _sbrk_r
 .text.__malloc_lock
                0x00000000080061b4        0x2 /usr/bin/../lib/gcc/arm-none-eabi/7.3.1/../../../../arm-none-eabi/lib/thumb/v6-m/libc_nano.a(lib_a-mlock.o)
                0x00000000080061b4                __malloc_lock
 .text.__malloc_unlock
                0x00000000080061b6        0x2 /usr/bin/../lib/gcc/arm-none-eabi/7.3.1/../../../../arm-none-eabi/lib/thumb/v6-m/libc_nano.a(lib_a-mlock.o)
                0x00000000080061b6                __malloc_unlock
 .text._malloc_usable_size_r
                0x00000000080061b8       0x10 /usr/bin/../lib/gcc/arm-none-eabi/7.3.1/../../../../arm-none-eabi/lib/thumb/v6-m/libc_nano.a(lib_a-nano-msizer.o)
                0x00000000080061b8                _malloc_usable_size_r
 .text._sbrk    0x00000000080061c8       0x1c /usr/bin/../lib/gcc/arm-none-eabi/7.3.1/../../../../arm-none-eabi/lib/thumb/v6-m/libnosys.a(sbrk.o)
                0x00000000080061c8                _sbrk
 *(.glue_7)
 .glue_7        0x00000000080061e4        0x0 linker stubs
 *(.glue_7t)
 .glue_7t       0x00000000080061e4        0x0 linker stubs
 *(.eh_frame)
 .eh_frame      0x00000000080061e4        0x0 /usr/bin/../lib/gcc/arm-none-eabi/7.3.1/thumb/v6-m/crtbegin.o
 *(.init)
 .init          0x00000000080061e4        0x4 /usr/bin/../lib/gcc/arm-none-eabi/7.3.1/thumb/v6-m/crti.o
                0x00000000080061e4                _init
 .init          0x00000000080061e8        0x8 /usr/bin/../lib/gcc/arm-none-eabi/7.3.1/thumb/v6-m/crtn.o
 *(.fini)
 .fini          0x00000000080061f0        0x4 /usr/bin/../lib/gcc/arm-none-eabi/7.3.1/thumb/v6-m/crti.o
                0x00000000080061f0                _fini
 .fini          0x00000000080061f4        0x8 /usr/bin/../lib/gcc/arm-none-eabi/7.3.1/thumb/v6-m/crtn.o
                0x00000000080061fc                . = ALIGN (0x4)
                0x00000000080061fc                _etext = .

.vfp11_veneer   0x00000000080061fc        0x0
 .vfp11_veneer  0x00000000080061fc        0x0 linker stubs

.v4_bx          0x00000000080061fc        0x0
 .v4_bx         0x00000000080061fc        0x0 linker stubs

.iplt           0x00000000080061fc        0x0
 .iplt          0x00000000080061fc        0x0 /usr/bin/../lib/gcc/arm-none-eabi/7.3.1/thumb/v6-m/crtbegin.o

.rodata         0x00000000080061fc      0x194
                0x00000000080061fc                . = ALIGN (0x4)
 *(.rodata)
 .rodata        0x00000000080061fc       0x14 build/main.o
 .rodata        0x0000000008006210       0x20 build/stm32f0xx_hal_rcc.o
 *(.rodata*)
 .rodata.StartDefaultTask.str1.4
                0x0000000008006230        0xc build/main.o
 .rodata.str1.4
                0x000000000800623c        0xc build/main.o
 .rodata.tcpc_config
                0x0000000008006248       0x10 build/main.o
                0x0000000008006248                tcpc_config
 .rodata.AHBPrescTable
                0x0000000008006258       0x10 build/system_stm32f0xx.o
                0x0000000008006258                AHBPrescTable
 .rodata.vTaskStartScheduler.str1.4
                0x0000000008006268        0x5 build/tasks.o
 *fill*         0x000000000800626d        0x3 
 .rodata.USBD_FS_ConfigStrDescriptor.str1.4
                0x0000000008006270        0xb build/usbd_desc.o
 *fill*         0x000000000800627b        0x1 
 .rodata.USBD_FS_InterfaceStrDescriptor.str1.4
                0x000000000800627c        0xe build/usbd_desc.o
 *fill*         0x000000000800628a        0x2 
 .rodata.USBD_FS_ManufacturerStrDescriptor.str1.4
                0x000000000800628c       0x13 build/usbd_desc.o
 *fill*         0x000000000800629f        0x1 
 .rodata.USBD_FS_ProductStrDescriptor.str1.4
                0x00000000080062a0       0x16 build/usbd_desc.o
 *fill*         0x00000000080062b6        0x2 
 .rodata.USBD_FS_SerialStrDescriptor.str1.4
                0x00000000080062b8        0x8 build/usbd_desc.o
                                          0x7 (size before relaxing)
 .rodata.fusb302_tcpm_drv
                0x00000000080062c0       0x3c build/FUSB302.o
                0x00000000080062c0                fusb302_tcpm_drv
 .rodata.USBD_GetDescriptor
                0x00000000080062fc       0x38 build/usbd_ctlreq.o
 .rodata.USBD_StdDevReq
                0x0000000008006334       0x28 build/usbd_ctlreq.o
 .rodata._svfprintf_r.str1.1
                0x000000000800635c       0x11 /usr/bin/../lib/gcc/arm-none-eabi/7.3.1/../../../../arm-none-eabi/lib/thumb/v6-m/libc_nano.a(lib_a-nano-svfprintf.o)
 .rodata._printf_i.str1.1
                0x000000000800636d       0x22 /usr/bin/../lib/gcc/arm-none-eabi/7.3.1/../../../../arm-none-eabi/lib/thumb/v6-m/libc_nano.a(lib_a-nano-vfprintf_i.o)
                0x0000000008006390                . = ALIGN (0x4)
 *fill*         0x000000000800638f        0x1 

.rel.dyn        0x0000000008006390        0x0
 .rel.iplt      0x0000000008006390        0x0 /usr/bin/../lib/gcc/arm-none-eabi/7.3.1/thumb/v6-m/crtbegin.o

.ARM.extab
 *(.ARM.extab* .gnu.linkonce.armextab.*)

.ARM            0x0000000008006390        0x0
                0x0000000008006390                __exidx_start = .
 *(.ARM.exidx*)
                0x0000000008006390                __exidx_end = .

.preinit_array  0x0000000008006390        0x0
                0x0000000008006390                PROVIDE (__preinit_array_start = .)
 *(.preinit_array*)
                0x0000000008006390                PROVIDE (__preinit_array_end = .)

.init_array     0x0000000008006390        0x4
                0x0000000008006390                PROVIDE (__init_array_start = .)
 *(SORT_BY_NAME(.init_array.*))
 *(.init_array*)
 .init_array    0x0000000008006390        0x4 /usr/bin/../lib/gcc/arm-none-eabi/7.3.1/thumb/v6-m/crtbegin.o
                0x0000000008006394                PROVIDE (__init_array_end = .)

.fini_array     0x0000000008006394        0x4
                [!provide]                        PROVIDE (__fini_array_start = .)
 *(SORT_BY_NAME(.fini_array.*))
 *(.fini_array*)
 .fini_array    0x0000000008006394        0x4 /usr/bin/../lib/gcc/arm-none-eabi/7.3.1/thumb/v6-m/crtbegin.o
                [!provide]                        PROVIDE (__fini_array_end = .)
                0x0000000008006398                _sidata = LOADADDR (.data)

.data           0x0000000020000000      0x1c0 load address 0x0000000008006398
                0x0000000020000000                . = ALIGN (0x4)
                0x0000000020000000                _sdata = .
 *(.data)
 *(.data*)
 .data.SystemCoreClock
                0x0000000020000000        0x4 build/system_stm32f0xx.o
                0x0000000020000000                SystemCoreClock
 .data.uxCriticalNesting
                0x0000000020000004        0x4 build/port.o
 .data.FS_Desc  0x0000000020000008       0x1c build/usbd_desc.o
                0x0000000020000008                FS_Desc
 .data.USBD_FS_DeviceDesc
                0x0000000020000024       0x12 build/usbd_desc.o
                0x0000000020000024                USBD_FS_DeviceDesc
 *fill*         0x0000000020000036        0x2 
 .data.USBD_LangIDDesc
                0x0000000020000038        0x4 build/usbd_desc.o
                0x0000000020000038                USBD_LangIDDesc
 .data.USBD_Interface_fops_FS
                0x000000002000003c       0x10 build/usbd_cdc_if.o
                0x000000002000003c                USBD_Interface_fops_FS
 .data.USBD_CDC
                0x000000002000004c       0x38 build/usbd_cdc.o
                0x000000002000004c                USBD_CDC
 .data.USBD_CDC_CfgFSDesc
                0x0000000020000084       0x43 build/usbd_cdc.o
                0x0000000020000084                USBD_CDC_CfgFSDesc
 *fill*         0x00000000200000c7        0x1 
 .data.USBD_CDC_CfgHSDesc
                0x00000000200000c8       0x43 build/usbd_cdc.o
                0x00000000200000c8                USBD_CDC_CfgHSDesc
 *fill*         0x000000002000010b        0x1 
 .data.USBD_CDC_DeviceQualifierDesc
                0x000000002000010c        0xa build/usbd_cdc.o
 *fill*         0x0000000020000116        0x2 
 .data.USBD_CDC_OtherSpeedCfgDesc
                0x0000000020000118       0x43 build/usbd_cdc.o
                0x0000000020000118                USBD_CDC_OtherSpeedCfgDesc
 *fill*         0x000000002000015b        0x1 
 .data._impure_ptr
                0x000000002000015c        0x4 /usr/bin/../lib/gcc/arm-none-eabi/7.3.1/../../../../arm-none-eabi/lib/thumb/v6-m/libc_nano.a(lib_a-impure.o)
                0x000000002000015c                _impure_ptr
 .data.impure_data
                0x0000000020000160       0x60 /usr/bin/../lib/gcc/arm-none-eabi/7.3.1/../../../../arm-none-eabi/lib/thumb/v6-m/libc_nano.a(lib_a-impure.o)
                0x00000000200001c0                . = ALIGN (0x4)
                0x00000000200001c0                _edata = .

.igot.plt       0x00000000200001c0        0x0 load address 0x0000000008006558
 .igot.plt      0x00000000200001c0        0x0 /usr/bin/../lib/gcc/arm-none-eabi/7.3.1/thumb/v6-m/crtbegin.o
                0x00000000200001c0                . = ALIGN (0x4)

.bss            0x00000000200001c0     0x2084 load address 0x0000000008006558
                0x00000000200001c0                _sbss = .
                0x00000000200001c0                __bss_start__ = _sbss
 *(.bss)
 .bss           0x00000000200001c0       0x1c /usr/bin/../lib/gcc/arm-none-eabi/7.3.1/thumb/v6-m/crtbegin.o
 *(.bss*)
 .bss.pxEnd     0x00000000200001dc        0x4 build/heap_4.o
 .bss.ucHeap    0x00000000200001e0      0xc00 build/heap_4.o
 .bss.xBlockAllocatedBit
                0x0000000020000de0        0x4 build/heap_4.o
 .bss.xFreeBytesRemaining
                0x0000000020000de4        0x4 build/heap_4.o
 .bss.xMinimumEverFreeBytesRemaining
                0x0000000020000de8        0x4 build/heap_4.o
 .bss.xStart    0x0000000020000dec        0x8 build/heap_4.o
 .bss.pxCurrentTCB
                0x0000000020000df4        0x4 build/tasks.o
                0x0000000020000df4                pxCurrentTCB
 .bss.pxDelayedTaskList
                0x0000000020000df8        0x4 build/tasks.o
 .bss.pxOverflowDelayedTaskList
                0x0000000020000dfc        0x4 build/tasks.o
 .bss.pxReadyTasksLists
                0x0000000020000e00       0x8c build/tasks.o
 .bss.uxCurrentNumberOfTasks
                0x0000000020000e8c        0x4 build/tasks.o
 .bss.uxDeletedTasksWaitingCleanUp
                0x0000000020000e90        0x4 build/tasks.o
 .bss.uxPendedTicks
                0x0000000020000e94        0x4 build/tasks.o
 .bss.uxSchedulerSuspended
                0x0000000020000e98        0x4 build/tasks.o
 .bss.uxTaskNumber
                0x0000000020000e9c        0x4 build/tasks.o
 .bss.uxTopReadyPriority
                0x0000000020000ea0        0x4 build/tasks.o
 .bss.xDelayedTaskList1
                0x0000000020000ea4       0x14 build/tasks.o
 .bss.xDelayedTaskList2
                0x0000000020000eb8       0x14 build/tasks.o
 .bss.xIdleTaskHandle
                0x0000000020000ecc        0x4 build/tasks.o
 .bss.xNextTaskUnblockTime
                0x0000000020000ed0        0x4 build/tasks.o
 .bss.xNumOfOverflows
                0x0000000020000ed4        0x4 build/tasks.o
 .bss.xPendingReadyList
                0x0000000020000ed8       0x14 build/tasks.o
 .bss.xSchedulerRunning
                0x0000000020000eec        0x4 build/tasks.o
 .bss.xSuspendedTaskList
                0x0000000020000ef0       0x14 build/tasks.o
 .bss.xTasksWaitingTermination
                0x0000000020000f04       0x14 build/tasks.o
 .bss.xTickCount
                0x0000000020000f18        0x4 build/tasks.o
 .bss.xYieldPending
                0x0000000020000f1c        0x4 build/tasks.o
 .bss.mem.7759  0x0000000020000f20      0x220 build/usbd_conf.o
 .bss.pd        0x0000000020001140       0x80 build/usb_pd_protocol.o
 .bss.this_state
                0x00000000200011c0        0x1 build/usb_pd_protocol.o
 *fill*         0x00000000200011c1        0x3 
 .bss.state     0x00000000200011c4       0x14 build/FUSB302.o
 .bss.cfgidx.7602
                0x00000000200011d8        0x1 build/usbd_ctlreq.o
 .bss.ifalt.7597
                0x00000000200011d9        0x1 build/usbd_cdc.o
 *fill*         0x00000000200011da        0x2 
 .bss.__malloc_free_list
                0x00000000200011dc        0x4 /usr/bin/../lib/gcc/arm-none-eabi/7.3.1/../../../../arm-none-eabi/lib/thumb/v6-m/libc_nano.a(lib_a-nano-mallocr.o)
                0x00000000200011dc                __malloc_free_list
 .bss.__malloc_sbrk_start
                0x00000000200011e0        0x4 /usr/bin/../lib/gcc/arm-none-eabi/7.3.1/../../../../arm-none-eabi/lib/thumb/v6-m/libc_nano.a(lib_a-nano-mallocr.o)
                0x00000000200011e0                __malloc_sbrk_start
 .bss.heap_end.4102
                0x00000000200011e4        0x4 /usr/bin/../lib/gcc/arm-none-eabi/7.3.1/../../../../arm-none-eabi/lib/thumb/v6-m/libnosys.a(sbrk.o)
 *(COMMON)
 COMMON         0x00000000200011e8        0x4 build/main.o
                0x00000000200011e8                defaultTaskHandle
 COMMON         0x00000000200011ec        0x4 build/stm32f0xx_hal.o
                0x00000000200011ec                uwTick
 COMMON         0x00000000200011f0        0x4 build/system_stm32f0xx.o
                0x00000000200011f0                SysMemBootJump
 COMMON         0x00000000200011f4      0x238 build/init.o
                0x00000000200011f4                hdma_i2c1_tx
                0x0000000020001238                hi2c1
                0x0000000020001284                hi2c2
                0x00000000200012d0                hdma_i2c2_rx
                0x0000000020001314                hdma_i2c2_tx
                0x0000000020001358                hdma_i2c1_rx
                0x000000002000139c                hdma_adc
                0x00000000200013e0                hadc
 COMMON         0x000000002000142c      0x224 build/usb_device.o
                0x000000002000142c                hUsbDeviceFS
 COMMON         0x0000000020001650      0x220 build/usbd_conf.o
                0x0000000020001650                hpcd_USB_FS
 COMMON         0x0000000020001870      0x200 build/usbd_desc.o
                0x0000000020001870                USBD_StrDesc
 COMMON         0x0000000020001a70      0x7d0 build/usbd_cdc_if.o
                0x0000000020001a70                UserRxBufferFS
                0x0000000020001e58                UserTxBufferFS
 COMMON         0x0000000020002240        0x4 /usr/bin/../lib/gcc/arm-none-eabi/7.3.1/../../../../arm-none-eabi/lib/thumb/v6-m/libc_nano.a(lib_a-reent.o)
                0x0000000020002240                errno
                0x0000000020002244                . = ALIGN (0x4)
                0x0000000020002244                _ebss = .
                0x0000000020002244                __bss_end__ = _ebss

._user_heap_stack
                0x0000000020002244      0x604 load address 0x0000000008006558
                0x0000000020002248                . = ALIGN (0x8)
 *fill*         0x0000000020002244        0x4 
                0x0000000020002248                PROVIDE (end = .)
                [!provide]                        PROVIDE (_end = .)
                0x0000000020002448                . = (. + _Min_Heap_Size)
 *fill*         0x0000000020002248      0x200 
                0x0000000020002848                . = (. + _Min_Stack_Size)
 *fill*         0x0000000020002448      0x400 
                0x0000000020002848                . = ALIGN (0x8)

/DISCARD/
 libc.a(*)
 libm.a(*)
 libgcc.a(*)

.ARM.attributes
                0x0000000000000000       0x28
 *(.ARM.attributes)
 .ARM.attributes
                0x0000000000000000       0x1e /usr/bin/../lib/gcc/arm-none-eabi/7.3.1/thumb/v6-m/crti.o
 .ARM.attributes
                0x000000000000001e       0x2c /usr/bin/../lib/gcc/arm-none-eabi/7.3.1/thumb/v6-m/crtbegin.o
 .ARM.attributes
                0x000000000000004a       0x31 build/main.o
 .ARM.attributes
                0x000000000000007b       0x31 build/stm32f0xx_it.o
 .ARM.attributes
                0x00000000000000ac       0x31 build/stm32f0xx_hal_msp.o
 .ARM.attributes
                0x00000000000000dd       0x31 build/stm32f0xx_hal_adc.o
 .ARM.attributes
                0x000000000000010e       0x31 build/stm32f0xx_hal_i2c.o
 .ARM.attributes
                0x000000000000013f       0x31 build/stm32f0xx_hal_i2c_ex.o
 .ARM.attributes
                0x0000000000000170       0x31 build/stm32f0xx_hal_rcc.o
 .ARM.attributes
                0x00000000000001a1       0x31 build/stm32f0xx_hal_rcc_ex.o
 .ARM.attributes
                0x00000000000001d2       0x31 build/stm32f0xx_hal.o
 .ARM.attributes
                0x0000000000000203       0x31 build/stm32f0xx_hal_gpio.o
 .ARM.attributes
                0x0000000000000234       0x31 build/stm32f0xx_hal_dma.o
 .ARM.attributes
                0x0000000000000265       0x31 build/stm32f0xx_hal_cortex.o
 .ARM.attributes
                0x0000000000000296       0x31 build/system_stm32f0xx.o
 .ARM.attributes
                0x00000000000002c7       0x31 build/init.o
 .ARM.attributes
                0x00000000000002f8       0x31 build/heap_4.o
 .ARM.attributes
                0x0000000000000329       0x31 build/port.o
 .ARM.attributes
                0x000000000000035a       0x31 build/list.o
 .ARM.attributes
                0x000000000000038b       0x31 build/tasks.o
 .ARM.attributes
                0x00000000000003bc       0x31 build/cmsis_os.o
 .ARM.attributes
                0x00000000000003ed       0x31 build/usb_device.o
 .ARM.attributes
                0x000000000000041e       0x31 build/usbd_conf.o
 .ARM.attributes
                0x000000000000044f       0x31 build/usbd_desc.o
 .ARM.attributes
                0x0000000000000480       0x31 build/usbd_cdc_if.o
 .ARM.attributes
                0x00000000000004b1       0x31 build/tcpm_driver.o
 .ARM.attributes
                0x00000000000004e2       0x31 build/usb_pd_driver.o
 .ARM.attributes
                0x0000000000000513       0x31 build/usb_pd_protocol.o
 .ARM.attributes
                0x0000000000000544       0x31 build/FUSB302.o
 .ARM.attributes
                0x0000000000000575       0x31 build/stm32f0xx_hal_pcd.o
 .ARM.attributes
                0x00000000000005a6       0x31 build/stm32f0xx_hal_pcd_ex.o
 .ARM.attributes
                0x00000000000005d7       0x31 build/usbd_core.o
 .ARM.attributes
                0x0000000000000608       0x31 build/usbd_ctlreq.o
 .ARM.attributes
                0x0000000000000639       0x31 build/usbd_ioreq.o
 .ARM.attributes
                0x000000000000066a       0x31 build/usbd_cdc.o
 .ARM.attributes
                0x000000000000069b       0x21 build/startup_stm32f072xb.o
 .ARM.attributes
                0x00000000000006bc       0x2c /usr/bin/../lib/gcc/arm-none-eabi/7.3.1/../../../../arm-none-eabi/lib/thumb/v6-m/libc_nano.a(lib_a-impure.o)
 .ARM.attributes
                0x00000000000006e8       0x2c /usr/bin/../lib/gcc/arm-none-eabi/7.3.1/../../../../arm-none-eabi/lib/thumb/v6-m/libc_nano.a(lib_a-init.o)
 .ARM.attributes
                0x0000000000000714       0x2c /usr/bin/../lib/gcc/arm-none-eabi/7.3.1/../../../../arm-none-eabi/lib/thumb/v6-m/libc_nano.a(lib_a-memcpy-stub.o)
 .ARM.attributes
                0x0000000000000740       0x2c /usr/bin/../lib/gcc/arm-none-eabi/7.3.1/../../../../arm-none-eabi/lib/thumb/v6-m/libc_nano.a(lib_a-memset.o)
 .ARM.attributes
                0x000000000000076c       0x2c /usr/bin/../lib/gcc/arm-none-eabi/7.3.1/../../../../arm-none-eabi/lib/thumb/v6-m/libc_nano.a(lib_a-sprintf.o)
 .ARM.attributes
                0x0000000000000798       0x2c /usr/bin/../lib/gcc/arm-none-eabi/7.3.1/../../../../arm-none-eabi/lib/thumb/v6-m/libc_nano.a(lib_a-nano-svfprintf.o)
 .ARM.attributes
                0x00000000000007c4       0x2c /usr/bin/../lib/gcc/arm-none-eabi/7.3.1/../../../../arm-none-eabi/lib/thumb/v6-m/libc_nano.a(lib_a-nano-vfprintf_i.o)
 .ARM.attributes
                0x00000000000007f0       0x2c /usr/bin/../lib/gcc/arm-none-eabi/7.3.1/../../../../arm-none-eabi/lib/thumb/v6-m/libc_nano.a(lib_a-memchr-stub.o)
 .ARM.attributes
                0x000000000000081c       0x2c /usr/bin/../lib/gcc/arm-none-eabi/7.3.1/../../../../arm-none-eabi/lib/thumb/v6-m/libc_nano.a(lib_a-memmove.o)
 .ARM.attributes
                0x0000000000000848       0x2c /usr/bin/../lib/gcc/arm-none-eabi/7.3.1/../../../../arm-none-eabi/lib/thumb/v6-m/libc_nano.a(lib_a-nano-freer.o)
 .ARM.attributes
                0x0000000000000874       0x2c /usr/bin/../lib/gcc/arm-none-eabi/7.3.1/../../../../arm-none-eabi/lib/thumb/v6-m/libc_nano.a(lib_a-nano-mallocr.o)
 .ARM.attributes
                0x00000000000008a0       0x2c /usr/bin/../lib/gcc/arm-none-eabi/7.3.1/../../../../arm-none-eabi/lib/thumb/v6-m/libc_nano.a(lib_a-nano-reallocr.o)
 .ARM.attributes
                0x00000000000008cc       0x2c /usr/bin/../lib/gcc/arm-none-eabi/7.3.1/../../../../arm-none-eabi/lib/thumb/v6-m/libc_nano.a(lib_a-sbrkr.o)
 .ARM.attributes
                0x00000000000008f8       0x2c /usr/bin/../lib/gcc/arm-none-eabi/7.3.1/../../../../arm-none-eabi/lib/thumb/v6-m/libc_nano.a(lib_a-mlock.o)
 .ARM.attributes
                0x0000000000000924       0x2c /usr/bin/../lib/gcc/arm-none-eabi/7.3.1/../../../../arm-none-eabi/lib/thumb/v6-m/libc_nano.a(lib_a-nano-msizer.o)
 .ARM.attributes
                0x0000000000000950       0x2c /usr/bin/../lib/gcc/arm-none-eabi/7.3.1/../../../../arm-none-eabi/lib/thumb/v6-m/libc_nano.a(lib_a-reent.o)
 .ARM.attributes
                0x000000000000097c       0x2c /usr/bin/../lib/gcc/arm-none-eabi/7.3.1/../../../../arm-none-eabi/lib/thumb/v6-m/libnosys.a(sbrk.o)
 .ARM.attributes
                0x00000000000009a8       0x1e /usr/bin/../lib/gcc/arm-none-eabi/7.3.1/thumb/v6-m/libgcc.a(_udivsi3.o)
 .ARM.attributes
                0x00000000000009c6       0x1e /usr/bin/../lib/gcc/arm-none-eabi/7.3.1/thumb/v6-m/libgcc.a(_dvmd_tls.o)
 .ARM.attributes
                0x00000000000009e4       0x1e /usr/bin/../lib/gcc/arm-none-eabi/7.3.1/thumb/v6-m/crtn.o
OUTPUT(build/USB-PD-Otterfirmware.elf elf32-littlearm)

.debug_info     0x0000000000000000    0x316a6
 .debug_info    0x0000000000000000     0x2237 build/main.o
 .debug_info    0x0000000000002237     0x1211 build/stm32f0xx_it.o
 .debug_info    0x0000000000003448     0x1883 build/stm32f0xx_hal_msp.o
 .debug_info    0x0000000000004ccb     0x1875 build/stm32f0xx_hal_adc.o
 .debug_info    0x0000000000006540     0x3c62 build/stm32f0xx_hal_i2c.o
 .debug_info    0x000000000000a1a2     0x123b build/stm32f0xx_hal_i2c_ex.o
 .debug_info    0x000000000000b3dd     0x1321 build/stm32f0xx_hal_rcc.o
 .debug_info    0x000000000000c6fe     0x106a build/stm32f0xx_hal_rcc_ex.o
 .debug_info    0x000000000000d768     0x1016 build/stm32f0xx_hal.o
 .debug_info    0x000000000000e77e      0xfc3 build/stm32f0xx_hal_gpio.o
 .debug_info    0x000000000000f741     0x118f build/stm32f0xx_hal_dma.o
 .debug_info    0x00000000000108d0     0x114e build/stm32f0xx_hal_cortex.o
 .debug_info    0x0000000000011a1e      0xbc5 build/system_stm32f0xx.o
 .debug_info    0x00000000000125e3     0x1cf7 build/init.o
 .debug_info    0x00000000000142da      0xcb0 build/heap_4.o
 .debug_info    0x0000000000014f8a      0x2e8 build/port.o
 .debug_info    0x0000000000015272      0xbdc build/list.o
 .debug_info    0x0000000000015e4e     0x25ed build/tasks.o
 .debug_info    0x000000000001843b     0x2576 build/cmsis_os.o
 .debug_info    0x000000000001a9b1      0xfcf build/usb_device.o
 .debug_info    0x000000000001b980     0x222c build/usbd_conf.o
 .debug_info    0x000000000001dbac      0xe57 build/usbd_desc.o
 .debug_info    0x000000000001ea03     0x1215 build/usbd_cdc_if.o
 .debug_info    0x000000000001fc18     0x17c8 build/tcpm_driver.o
 .debug_info    0x00000000000213e0      0xaf4 build/usb_pd_driver.o
 .debug_info    0x0000000000021ed4     0x5689 build/usb_pd_protocol.o
 .debug_info    0x000000000002755d     0x1deb build/FUSB302.o
 .debug_info    0x0000000000029348     0x1d6b build/stm32f0xx_hal_pcd.o
 .debug_info    0x000000000002b0b3      0xf1e build/stm32f0xx_hal_pcd_ex.o
 .debug_info    0x000000000002bfd1     0x1652 build/usbd_core.o
 .debug_info    0x000000000002d623     0x181f build/usbd_ctlreq.o
 .debug_info    0x000000000002ee42     0x1129 build/usbd_ioreq.o
 .debug_info    0x000000000002ff6b     0x1719 build/usbd_cdc.o
 .debug_info    0x0000000000031684       0x22 build/startup_stm32f072xb.o

.debug_abbrev   0x0000000000000000     0x5c66
 .debug_abbrev  0x0000000000000000      0x38b build/main.o
 .debug_abbrev  0x000000000000038b      0x211 build/stm32f0xx_it.o
 .debug_abbrev  0x000000000000059c      0x28f build/stm32f0xx_hal_msp.o
 .debug_abbrev  0x000000000000082b      0x308 build/stm32f0xx_hal_adc.o
 .debug_abbrev  0x0000000000000b33      0x329 build/stm32f0xx_hal_i2c.o
 .debug_abbrev  0x0000000000000e5c      0x247 build/stm32f0xx_hal_i2c_ex.o
 .debug_abbrev  0x00000000000010a3      0x2e6 build/stm32f0xx_hal_rcc.o
 .debug_abbrev  0x0000000000001389      0x2d5 build/stm32f0xx_hal_rcc_ex.o
 .debug_abbrev  0x000000000000165e      0x2d9 build/stm32f0xx_hal.o
 .debug_abbrev  0x0000000000001937      0x2be build/stm32f0xx_hal_gpio.o
 .debug_abbrev  0x0000000000001bf5      0x2dd build/stm32f0xx_hal_dma.o
 .debug_abbrev  0x0000000000001ed2      0x32e build/stm32f0xx_hal_cortex.o
 .debug_abbrev  0x0000000000002200      0x22d build/system_stm32f0xx.o
 .debug_abbrev  0x000000000000242d      0x259 build/init.o
 .debug_abbrev  0x0000000000002686      0x2c2 build/heap_4.o
 .debug_abbrev  0x0000000000002948      0x1b1 build/port.o
 .debug_abbrev  0x0000000000002af9      0x217 build/list.o
 .debug_abbrev  0x0000000000002d10      0x35e build/tasks.o
 .debug_abbrev  0x000000000000306e      0x3bf build/cmsis_os.o
 .debug_abbrev  0x000000000000342d      0x1f7 build/usb_device.o
 .debug_abbrev  0x0000000000003624      0x33e build/usbd_conf.o
 .debug_abbrev  0x0000000000003962      0x252 build/usbd_desc.o
 .debug_abbrev  0x0000000000003bb4      0x2c5 build/usbd_cdc_if.o
 .debug_abbrev  0x0000000000003e79      0x25c build/tcpm_driver.o
 .debug_abbrev  0x00000000000040d5      0x258 build/usb_pd_driver.o
 .debug_abbrev  0x000000000000432d      0x4f8 build/usb_pd_protocol.o
 .debug_abbrev  0x0000000000004825      0x39a build/FUSB302.o
 .debug_abbrev  0x0000000000004bbf      0x38d build/stm32f0xx_hal_pcd.o
 .debug_abbrev  0x0000000000004f4c      0x1ea build/stm32f0xx_hal_pcd_ex.o
 .debug_abbrev  0x0000000000005136      0x2db build/usbd_core.o
 .debug_abbrev  0x0000000000005411      0x31e build/usbd_ctlreq.o
 .debug_abbrev  0x000000000000572f      0x1f0 build/usbd_ioreq.o
 .debug_abbrev  0x000000000000591f      0x335 build/usbd_cdc.o
 .debug_abbrev  0x0000000000005c54       0x12 build/startup_stm32f072xb.o

.debug_loc      0x0000000000000000    0x14f18
 .debug_loc     0x0000000000000000       0xcb build/main.o
 .debug_loc     0x00000000000000cb       0xa0 build/stm32f0xx_it.o
 .debug_loc     0x000000000000016b      0x1cc build/stm32f0xx_hal_msp.o
 .debug_loc     0x0000000000000337      0xeaa build/stm32f0xx_hal_adc.o
 .debug_loc     0x00000000000011e1     0x4240 build/stm32f0xx_hal_i2c.o
 .debug_loc     0x0000000000005421      0x305 build/stm32f0xx_hal_i2c_ex.o
 .debug_loc     0x0000000000005726      0x5d5 build/stm32f0xx_hal_rcc.o
 .debug_loc     0x0000000000005cfb      0x857 build/stm32f0xx_hal_rcc_ex.o
 .debug_loc     0x0000000000006552      0x108 build/stm32f0xx_hal.o
 .debug_loc     0x000000000000665a      0x3a2 build/stm32f0xx_hal_gpio.o
 .debug_loc     0x00000000000069fc      0x95a build/stm32f0xx_hal_dma.o
 .debug_loc     0x0000000000007356      0x3d3 build/stm32f0xx_hal_cortex.o
 .debug_loc     0x0000000000007729      0x18f build/system_stm32f0xx.o
 .debug_loc     0x00000000000078b8       0xf1 build/init.o
 .debug_loc     0x00000000000079a9      0x2fd build/heap_4.o
 .debug_loc     0x0000000000007ca6      0x126 build/port.o
 .debug_loc     0x0000000000007dcc       0x90 build/list.o
 .debug_loc     0x0000000000007e5c     0x1a11 build/tasks.o
 .debug_loc     0x000000000000986d     0x178e build/cmsis_os.o
 .debug_loc     0x000000000000affb       0x20 build/usb_device.o
 .debug_loc     0x000000000000b01b      0xfa1 build/usbd_conf.o
 .debug_loc     0x000000000000bfbc      0x357 build/usbd_desc.o
 .debug_loc     0x000000000000c313      0x1a3 build/usbd_cdc_if.o
 .debug_loc     0x000000000000c4b6      0x38f build/tcpm_driver.o
 .debug_loc     0x000000000000c845      0x133 build/usb_pd_driver.o
 .debug_loc     0x000000000000c978     0x4033 build/usb_pd_protocol.o
 .debug_loc     0x00000000000109ab     0x1130 build/FUSB302.o
 .debug_loc     0x0000000000011adb     0x146d build/stm32f0xx_hal_pcd.o
 .debug_loc     0x0000000000012f48      0x10a build/stm32f0xx_hal_pcd_ex.o
 .debug_loc     0x0000000000013052      0x8c4 build/usbd_core.o
 .debug_loc     0x0000000000013916      0xc9d build/usbd_ctlreq.o
 .debug_loc     0x00000000000145b3      0x31c build/usbd_ioreq.o
 .debug_loc     0x00000000000148cf      0x649 build/usbd_cdc.o

.debug_aranges  0x0000000000000000     0x14e8
 .debug_aranges
                0x0000000000000000       0x38 build/main.o
 .debug_aranges
                0x0000000000000038       0x50 build/stm32f0xx_it.o
 .debug_aranges
                0x0000000000000088       0x40 build/stm32f0xx_hal_msp.o
 .debug_aranges
                0x00000000000000c8       0xf8 build/stm32f0xx_hal_adc.o
 .debug_aranges
                0x00000000000001c0      0x260 build/stm32f0xx_hal_i2c.o
 .debug_aranges
                0x0000000000000420       0x48 build/stm32f0xx_hal_i2c_ex.o
 .debug_aranges
                0x0000000000000468       0x80 build/stm32f0xx_hal_rcc.o
 .debug_aranges
                0x00000000000004e8       0x78 build/stm32f0xx_hal_rcc_ex.o
 .debug_aranges
                0x0000000000000560       0xb8 build/stm32f0xx_hal.o
 .debug_aranges
                0x0000000000000618       0x58 build/stm32f0xx_hal_gpio.o
 .debug_aranges
                0x0000000000000670       0x88 build/stm32f0xx_hal_dma.o
 .debug_aranges
                0x00000000000006f8       0x78 build/stm32f0xx_hal_cortex.o
 .debug_aranges
                0x0000000000000770       0x28 build/system_stm32f0xx.o
 .debug_aranges
                0x0000000000000798       0x48 build/init.o
 .debug_aranges
                0x00000000000007e0       0x50 build/heap_4.o
 .debug_aranges
                0x0000000000000830       0x88 build/port.o
 .debug_aranges
                0x00000000000008b8       0x40 build/list.o
 .debug_aranges
                0x00000000000008f8      0x190 build/tasks.o
 .debug_aranges
                0x0000000000000a88      0x1d8 build/cmsis_os.o
 .debug_aranges
                0x0000000000000c60       0x20 build/usb_device.o
 .debug_aranges
                0x0000000000000c80      0x118 build/usbd_conf.o
 .debug_aranges
                0x0000000000000d98       0x50 build/usbd_desc.o
 .debug_aranges
                0x0000000000000de8       0x40 build/usbd_cdc_if.o
 .debug_aranges
                0x0000000000000e28       0x40 build/tcpm_driver.o
 .debug_aranges
                0x0000000000000e68       0x98 build/usb_pd_driver.o
 .debug_aranges
                0x0000000000000f00      0x178 build/usb_pd_protocol.o
 .debug_aranges
                0x0000000000001078       0xd8 build/FUSB302.o
 .debug_aranges
                0x0000000000001150      0x130 build/stm32f0xx_hal_pcd.o
 .debug_aranges
                0x0000000000001280       0x20 build/stm32f0xx_hal_pcd_ex.o
 .debug_aranges
                0x00000000000012a0       0xb8 build/usbd_core.o
 .debug_aranges
                0x0000000000001358       0x88 build/usbd_ctlreq.o
 .debug_aranges
                0x00000000000013e0       0x50 build/usbd_ioreq.o
 .debug_aranges
                0x0000000000001430       0x90 build/usbd_cdc.o
 .debug_aranges
                0x00000000000014c0       0x28 build/startup_stm32f072xb.o

.debug_ranges   0x0000000000000000     0x1650
 .debug_ranges  0x0000000000000000       0x28 build/main.o
 .debug_ranges  0x0000000000000028       0x40 build/stm32f0xx_it.o
 .debug_ranges  0x0000000000000068       0x30 build/stm32f0xx_hal_msp.o
 .debug_ranges  0x0000000000000098       0xe8 build/stm32f0xx_hal_adc.o
 .debug_ranges  0x0000000000000180      0x250 build/stm32f0xx_hal_i2c.o
 .debug_ranges  0x00000000000003d0       0x38 build/stm32f0xx_hal_i2c_ex.o
 .debug_ranges  0x0000000000000408       0x88 build/stm32f0xx_hal_rcc.o
 .debug_ranges  0x0000000000000490       0x80 build/stm32f0xx_hal_rcc_ex.o
 .debug_ranges  0x0000000000000510       0xa8 build/stm32f0xx_hal.o
 .debug_ranges  0x00000000000005b8       0x48 build/stm32f0xx_hal_gpio.o
 .debug_ranges  0x0000000000000600       0x78 build/stm32f0xx_hal_dma.o
 .debug_ranges  0x0000000000000678       0xb0 build/stm32f0xx_hal_cortex.o
 .debug_ranges  0x0000000000000728       0x18 build/system_stm32f0xx.o
 .debug_ranges  0x0000000000000740       0x38 build/init.o
 .debug_ranges  0x0000000000000778       0x40 build/heap_4.o
 .debug_ranges  0x00000000000007b8       0x78 build/port.o
 .debug_ranges  0x0000000000000830       0x30 build/list.o
 .debug_ranges  0x0000000000000860      0x200 build/tasks.o
 .debug_ranges  0x0000000000000a60      0x1c8 build/cmsis_os.o
 .debug_ranges  0x0000000000000c28       0x10 build/usb_device.o
 .debug_ranges  0x0000000000000c38      0x108 build/usbd_conf.o
 .debug_ranges  0x0000000000000d40       0x40 build/usbd_desc.o
 .debug_ranges  0x0000000000000d80       0x30 build/usbd_cdc_if.o
 .debug_ranges  0x0000000000000db0       0x30 build/tcpm_driver.o
 .debug_ranges  0x0000000000000de0       0x88 build/usb_pd_driver.o
 .debug_ranges  0x0000000000000e68      0x300 build/usb_pd_protocol.o
 .debug_ranges  0x0000000000001168       0xc8 build/FUSB302.o
 .debug_ranges  0x0000000000001230      0x210 build/stm32f0xx_hal_pcd.o
 .debug_ranges  0x0000000000001440       0x10 build/stm32f0xx_hal_pcd_ex.o
 .debug_ranges  0x0000000000001450       0xa8 build/usbd_core.o
 .debug_ranges  0x00000000000014f8       0x78 build/usbd_ctlreq.o
 .debug_ranges  0x0000000000001570       0x40 build/usbd_ioreq.o
 .debug_ranges  0x00000000000015b0       0x80 build/usbd_cdc.o
 .debug_ranges  0x0000000000001630       0x20 build/startup_stm32f072xb.o

.debug_line     0x0000000000000000     0x9adc
 .debug_line    0x0000000000000000      0x435 build/main.o
 .debug_line    0x0000000000000435      0x276 build/stm32f0xx_it.o
 .debug_line    0x00000000000006ab      0x2eb build/stm32f0xx_hal_msp.o
 .debug_line    0x0000000000000996      0x736 build/stm32f0xx_hal_adc.o
 .debug_line    0x00000000000010cc     0x131a build/stm32f0xx_hal_i2c.o
 .debug_line    0x00000000000023e6      0x306 build/stm32f0xx_hal_i2c_ex.o
 .debug_line    0x00000000000026ec      0x4a6 build/stm32f0xx_hal_rcc.o
 .debug_line    0x0000000000002b92      0x44e build/stm32f0xx_hal_rcc_ex.o
 .debug_line    0x0000000000002fe0      0x35e build/stm32f0xx_hal.o
 .debug_line    0x000000000000333e      0x318 build/stm32f0xx_hal_gpio.o
 .debug_line    0x0000000000003656      0x41a build/stm32f0xx_hal_dma.o
 .debug_line    0x0000000000003a70      0x2fd build/stm32f0xx_hal_cortex.o
 .debug_line    0x0000000000003d6d      0x1bd build/system_stm32f0xx.o
 .debug_line    0x0000000000003f2a      0x33d build/init.o
 .debug_line    0x0000000000004267      0x2ad build/heap_4.o
 .debug_line    0x0000000000004514      0x25e build/port.o
 .debug_line    0x0000000000004772      0x256 build/list.o
 .debug_line    0x00000000000049c8      0xabd build/tasks.o
 .debug_line    0x0000000000005485      0x85d build/cmsis_os.o
 .debug_line    0x0000000000005ce2      0x21c build/usb_device.o
 .debug_line    0x0000000000005efe      0x58c build/usbd_conf.o
 .debug_line    0x000000000000648a      0x241 build/usbd_desc.o
 .debug_line    0x00000000000066cb      0x24b build/usbd_cdc_if.o
 .debug_line    0x0000000000006916      0x258 build/tcpm_driver.o
 .debug_line    0x0000000000006b6e      0x20b build/usb_pd_driver.o
 .debug_line    0x0000000000006d79     0x1079 build/usb_pd_protocol.o
 .debug_line    0x0000000000007df2      0x43e build/FUSB302.o
 .debug_line    0x0000000000008230      0x863 build/stm32f0xx_hal_pcd.o
 .debug_line    0x0000000000008a93      0x1cf build/stm32f0xx_hal_pcd_ex.o
 .debug_line    0x0000000000008c62      0x3ec build/usbd_core.o
 .debug_line    0x000000000000904e      0x3fe build/usbd_ctlreq.o
 .debug_line    0x000000000000944c      0x252 build/usbd_ioreq.o
 .debug_line    0x000000000000969e      0x3c6 build/usbd_cdc.o
 .debug_line    0x0000000000009a64       0x78 build/startup_stm32f072xb.o

.debug_str      0x0000000000000000     0x6f19
 .debug_str     0x0000000000000000     0x140e build/main.o
                                       0x1668 (size before relaxing)
 .debug_str     0x000000000000140e      0x32e build/stm32f0xx_it.o
                                        0xb35 (size before relaxing)
 .debug_str     0x000000000000173c      0x334 build/stm32f0xx_hal_msp.o
                                        0xf6a (size before relaxing)
 .debug_str     0x0000000000001a70      0x354 build/stm32f0xx_hal_adc.o
                                        0xcb6 (size before relaxing)
 .debug_str     0x0000000000001dc4      0x7a0 build/stm32f0xx_hal_i2c.o
                                       0x1273 (size before relaxing)
 .debug_str     0x0000000000002564      0x106 build/stm32f0xx_hal_i2c_ex.o
                                        0xbd9 (size before relaxing)
 .debug_str     0x000000000000266a      0x319 build/stm32f0xx_hal_rcc.o
                                        0x9f4 (size before relaxing)
 .debug_str     0x0000000000002983      0x34e build/stm32f0xx_hal_rcc_ex.o
                                        0xa17 (size before relaxing)
 .debug_str     0x0000000000002cd1      0x1af build/stm32f0xx_hal.o
                                        0xa45 (size before relaxing)
 .debug_str     0x0000000000002e80      0x102 build/stm32f0xx_hal_gpio.o
                                        0x810 (size before relaxing)
 .debug_str     0x0000000000002f82      0x1f0 build/stm32f0xx_hal_dma.o
                                        0xa1f (size before relaxing)
 .debug_str     0x0000000000003172      0x18e build/stm32f0xx_hal_cortex.o
                                        0xa4d (size before relaxing)
 .debug_str     0x0000000000003300       0x60 build/system_stm32f0xx.o
                                        0x65e (size before relaxing)
 .debug_str     0x0000000000003360        0xb build/init.o
                                       0x1261 (size before relaxing)
 .debug_str     0x000000000000336b      0x226 build/heap_4.o
                                        0x7a0 (size before relaxing)
 .debug_str     0x0000000000003591      0x1e0 build/port.o
                                        0x36d (size before relaxing)
 .debug_str     0x0000000000003771      0x141 build/list.o
                                        0x6d6 (size before relaxing)
 .debug_str     0x00000000000038b2      0x97e build/tasks.o
                                       0x1165 (size before relaxing)
 .debug_str     0x0000000000004230      0x790 build/cmsis_os.o
                                       0x1190 (size before relaxing)
 .debug_str     0x00000000000049c0       0x69 build/usb_device.o
                                        0xa06 (size before relaxing)
 .debug_str     0x0000000000004a29      0x4fe build/usbd_conf.o
                                       0x1417 (size before relaxing)
 .debug_str     0x0000000000004f27      0x11a build/usbd_desc.o
                                        0x7e1 (size before relaxing)
 .debug_str     0x0000000000005041      0x113 build/usbd_cdc_if.o
                                        0xb00 (size before relaxing)
 .debug_str     0x0000000000005154       0x5b build/tcpm_driver.o
                                        0xe5e (size before relaxing)
 .debug_str     0x00000000000051af      0x4f0 build/usb_pd_driver.o
                                        0xa7a (size before relaxing)
 .debug_str     0x000000000000569f      0xeac build/usb_pd_protocol.o
                                       0x198a (size before relaxing)
 .debug_str     0x000000000000654b      0x3d8 build/FUSB302.o
                                       0x1011 (size before relaxing)
 .debug_str     0x0000000000006923      0x188 build/stm32f0xx_hal_pcd.o
                                        0xc9c (size before relaxing)
 .debug_str     0x0000000000006aab       0x40 build/stm32f0xx_hal_pcd_ex.o
                                        0x909 (size before relaxing)
 .debug_str     0x0000000000006aeb      0x145 build/usbd_core.o
                                        0xc26 (size before relaxing)
 .debug_str     0x0000000000006c30       0xe2 build/usbd_ctlreq.o
                                        0xb40 (size before relaxing)
 .debug_str     0x0000000000006d12       0x60 build/usbd_ioreq.o
                                        0xa6d (size before relaxing)
 .debug_str     0x0000000000006d72      0x183 build/usbd_cdc.o
                                        0xcb4 (size before relaxing)
 .debug_str     0x0000000000006ef5       0x24 build/startup_stm32f072xb.o
                                         0x57 (size before relaxing)

.comment        0x0000000000000000       0x7f
 .comment       0x0000000000000000       0x7f build/main.o
                                         0x80 (size before relaxing)
 .comment       0x000000000000007f       0x80 build/stm32f0xx_it.o
 .comment       0x000000000000007f       0x80 build/stm32f0xx_hal_msp.o
 .comment       0x000000000000007f       0x80 build/stm32f0xx_hal_adc.o
 .comment       0x000000000000007f       0x80 build/stm32f0xx_hal_i2c.o
 .comment       0x000000000000007f       0x80 build/stm32f0xx_hal_i2c_ex.o
 .comment       0x000000000000007f       0x80 build/stm32f0xx_hal_rcc.o
 .comment       0x000000000000007f       0x80 build/stm32f0xx_hal_rcc_ex.o
 .comment       0x000000000000007f       0x80 build/stm32f0xx_hal.o
 .comment       0x000000000000007f       0x80 build/stm32f0xx_hal_gpio.o
 .comment       0x000000000000007f       0x80 build/stm32f0xx_hal_dma.o
 .comment       0x000000000000007f       0x80 build/stm32f0xx_hal_cortex.o
 .comment       0x000000000000007f       0x80 build/system_stm32f0xx.o
 .comment       0x000000000000007f       0x80 build/init.o
 .comment       0x000000000000007f       0x80 build/heap_4.o
 .comment       0x000000000000007f       0x80 build/port.o
 .comment       0x000000000000007f       0x80 build/list.o
 .comment       0x000000000000007f       0x80 build/tasks.o
 .comment       0x000000000000007f       0x80 build/cmsis_os.o
 .comment       0x000000000000007f       0x80 build/usb_device.o
 .comment       0x000000000000007f       0x80 build/usbd_conf.o
 .comment       0x000000000000007f       0x80 build/usbd_desc.o
 .comment       0x000000000000007f       0x80 build/usbd_cdc_if.o
 .comment       0x000000000000007f       0x80 build/tcpm_driver.o
 .comment       0x000000000000007f       0x80 build/usb_pd_driver.o
 .comment       0x000000000000007f       0x80 build/usb_pd_protocol.o
 .comment       0x000000000000007f       0x80 build/FUSB302.o
 .comment       0x000000000000007f       0x80 build/stm32f0xx_hal_pcd.o
 .comment       0x000000000000007f       0x80 build/stm32f0xx_hal_pcd_ex.o
 .comment       0x000000000000007f       0x80 build/usbd_core.o
 .comment       0x000000000000007f       0x80 build/usbd_ctlreq.o
 .comment       0x000000000000007f       0x80 build/usbd_ioreq.o
 .comment       0x000000000000007f       0x80 build/usbd_cdc.o

.debug_frame    0x0000000000000000     0x3e24
 .debug_frame   0x0000000000000000       0x70 build/main.o
 .debug_frame   0x0000000000000070       0xbc build/stm32f0xx_it.o
 .debug_frame   0x000000000000012c       0xa0 build/stm32f0xx_hal_msp.o
 .debug_frame   0x00000000000001cc      0x2f8 build/stm32f0xx_hal_adc.o
 .debug_frame   0x00000000000004c4      0x880 build/stm32f0xx_hal_i2c.o
 .debug_frame   0x0000000000000d44       0xc0 build/stm32f0xx_hal_i2c_ex.o
 .debug_frame   0x0000000000000e04      0x14c build/stm32f0xx_hal_rcc.o
 .debug_frame   0x0000000000000f50      0x10c build/stm32f0xx_hal_rcc_ex.o
 .debug_frame   0x000000000000105c      0x184 build/stm32f0xx_hal.o
 .debug_frame   0x00000000000011e0       0xdc build/stm32f0xx_hal_gpio.o
 .debug_frame   0x00000000000012bc      0x198 build/stm32f0xx_hal_dma.o
 .debug_frame   0x0000000000001454       0xec build/stm32f0xx_hal_cortex.o
 .debug_frame   0x0000000000001540       0x48 build/system_stm32f0xx.o
 .debug_frame   0x0000000000001588       0xc4 build/init.o
 .debug_frame   0x000000000000164c       0xac build/heap_4.o
 .debug_frame   0x00000000000016f8      0x120 build/port.o
 .debug_frame   0x0000000000001818       0x6c build/list.o
 .debug_frame   0x0000000000001884      0x530 build/tasks.o
 .debug_frame   0x0000000000001db4      0x5dc build/cmsis_os.o
 .debug_frame   0x0000000000002390       0x2c build/usb_device.o
 .debug_frame   0x00000000000023bc      0x368 build/usbd_conf.o
 .debug_frame   0x0000000000002724       0xbc build/usbd_desc.o
 .debug_frame   0x00000000000027e0       0x84 build/usbd_cdc_if.o
 .debug_frame   0x0000000000002864       0xb8 build/tcpm_driver.o
 .debug_frame   0x000000000000291c      0x11c build/usb_pd_driver.o
 .debug_frame   0x0000000000002a38      0x494 build/usb_pd_protocol.o
 .debug_frame   0x0000000000002ecc      0x2f4 build/FUSB302.o
 .debug_frame   0x00000000000031c0      0x324 build/stm32f0xx_hal_pcd.o
 .debug_frame   0x00000000000034e4       0x2c build/stm32f0xx_hal_pcd_ex.o
 .debug_frame   0x0000000000003510      0x1ec build/usbd_core.o
 .debug_frame   0x00000000000036fc      0x198 build/usbd_ctlreq.o
 .debug_frame   0x0000000000003894       0xd4 build/usbd_ioreq.o
 .debug_frame   0x0000000000003968      0x164 build/usbd_cdc.o
 .debug_frame   0x0000000000003acc       0x2c /usr/bin/../lib/gcc/arm-none-eabi/7.3.1/../../../../arm-none-eabi/lib/thumb/v6-m/libc_nano.a(lib_a-init.o)
 .debug_frame   0x0000000000003af8       0x28 /usr/bin/../lib/gcc/arm-none-eabi/7.3.1/../../../../arm-none-eabi/lib/thumb/v6-m/libc_nano.a(lib_a-memcpy-stub.o)
 .debug_frame   0x0000000000003b20       0x20 /usr/bin/../lib/gcc/arm-none-eabi/7.3.1/../../../../arm-none-eabi/lib/thumb/v6-m/libc_nano.a(lib_a-memset.o)
 .debug_frame   0x0000000000003b40       0x48 /usr/bin/../lib/gcc/arm-none-eabi/7.3.1/../../../../arm-none-eabi/lib/thumb/v6-m/libc_nano.a(lib_a-sprintf.o)
 .debug_frame   0x0000000000003b88       0x74 /usr/bin/../lib/gcc/arm-none-eabi/7.3.1/../../../../arm-none-eabi/lib/thumb/v6-m/libc_nano.a(lib_a-nano-svfprintf.o)
 .debug_frame   0x0000000000003bfc       0x54 /usr/bin/../lib/gcc/arm-none-eabi/7.3.1/../../../../arm-none-eabi/lib/thumb/v6-m/libc_nano.a(lib_a-nano-vfprintf_i.o)
 .debug_frame   0x0000000000003c50       0x20 /usr/bin/../lib/gcc/arm-none-eabi/7.3.1/../../../../arm-none-eabi/lib/thumb/v6-m/libc_nano.a(lib_a-memchr-stub.o)
 .debug_frame   0x0000000000003c70       0x28 /usr/bin/../lib/gcc/arm-none-eabi/7.3.1/../../../../arm-none-eabi/lib/thumb/v6-m/libc_nano.a(lib_a-memmove.o)
 .debug_frame   0x0000000000003c98       0x2c /usr/bin/../lib/gcc/arm-none-eabi/7.3.1/../../../../arm-none-eabi/lib/thumb/v6-m/libc_nano.a(lib_a-nano-freer.o)
 .debug_frame   0x0000000000003cc4       0x2c /usr/bin/../lib/gcc/arm-none-eabi/7.3.1/../../../../arm-none-eabi/lib/thumb/v6-m/libc_nano.a(lib_a-nano-mallocr.o)
 .debug_frame   0x0000000000003cf0       0x30 /usr/bin/../lib/gcc/arm-none-eabi/7.3.1/../../../../arm-none-eabi/lib/thumb/v6-m/libc_nano.a(lib_a-nano-reallocr.o)
 .debug_frame   0x0000000000003d20       0x2c /usr/bin/../lib/gcc/arm-none-eabi/7.3.1/../../../../arm-none-eabi/lib/thumb/v6-m/libc_nano.a(lib_a-sbrkr.o)
 .debug_frame   0x0000000000003d4c       0x30 /usr/bin/../lib/gcc/arm-none-eabi/7.3.1/../../../../arm-none-eabi/lib/thumb/v6-m/libc_nano.a(lib_a-mlock.o)
 .debug_frame   0x0000000000003d7c       0x20 /usr/bin/../lib/gcc/arm-none-eabi/7.3.1/../../../../arm-none-eabi/lib/thumb/v6-m/libc_nano.a(lib_a-nano-msizer.o)
 .debug_frame   0x0000000000003d9c       0x48 /usr/bin/../lib/gcc/arm-none-eabi/7.3.1/../../../../arm-none-eabi/lib/thumb/v6-m/libc_nano.a(lib_a-reent.o)
 .debug_frame   0x0000000000003de4       0x20 /usr/bin/../lib/gcc/arm-none-eabi/7.3.1/../../../../arm-none-eabi/lib/thumb/v6-m/libnosys.a(sbrk.o)
 .debug_frame   0x0000000000003e04       0x20 /usr/bin/../lib/gcc/arm-none-eabi/7.3.1/thumb/v6-m/libgcc.a(_udivsi3.o)

Cross Reference Table

Symbol                                            File
ADC1_COMP_IRQHandler                              build/startup_stm32f072xb.o
AHBPrescTable                                     build/system_stm32f0xx.o
                                                  build/stm32f0xx_hal_rcc.o
APBPrescTable                                     build/system_stm32f0xx.o
                                                  build/stm32f0xx_hal_rcc.o
CDC_Transmit_FS                                   build/usbd_cdc_if.o
                                                  build/main.o
CEC_CAN_IRQHandler                                build/startup_stm32f072xb.o
DMA1_Channel1_IRQHandler                          build/stm32f0xx_it.o
DMA1_Channel2_3_IRQHandler                        build/stm32f0xx_it.o
DMA1_Channel4_5_6_7_IRQHandler                    build/stm32f0xx_it.o
Default_Handler                                   build/startup_stm32f072xb.o
EXTI0_1_IRQHandler                                build/startup_stm32f072xb.o
EXTI2_3_IRQHandler                                build/startup_stm32f072xb.o
EXTI4_15_IRQHandler                               build/startup_stm32f072xb.o
Error_Handler                                     build/main.o
                                                  build/usbd_conf.o
                                                  build/init.o
                                                  build/stm32f0xx_hal_msp.o
FLASH_IRQHandler                                  build/startup_stm32f072xb.o
FLASH_PageErase                                   build/stm32f0xx_hal_flash_ex.o
                                                  build/stm32f0xx_hal_flash.o
FLASH_WaitForLastOperation                        build/stm32f0xx_hal_flash.o
                                                  build/stm32f0xx_hal_flash_ex.o
FS_Desc                                           build/usbd_desc.o
                                                  build/usb_device.o
HAL_ADCEx_Calibration_Start                       build/stm32f0xx_hal_adc_ex.o
HAL_ADC_AnalogWDGConfig                           build/stm32f0xx_hal_adc.o
HAL_ADC_ConfigChannel                             build/stm32f0xx_hal_adc.o
                                                  build/init.o
HAL_ADC_ConvCpltCallback                          build/stm32f0xx_hal_adc.o
HAL_ADC_ConvHalfCpltCallback                      build/stm32f0xx_hal_adc.o
HAL_ADC_DeInit                                    build/stm32f0xx_hal_adc.o
HAL_ADC_ErrorCallback                             build/stm32f0xx_hal_adc.o
HAL_ADC_GetError                                  build/stm32f0xx_hal_adc.o
HAL_ADC_GetState                                  build/stm32f0xx_hal_adc.o
HAL_ADC_GetValue                                  build/stm32f0xx_hal_adc.o
HAL_ADC_IRQHandler                                build/stm32f0xx_hal_adc.o
HAL_ADC_Init                                      build/stm32f0xx_hal_adc.o
                                                  build/init.o
HAL_ADC_LevelOutOfWindowCallback                  build/stm32f0xx_hal_adc.o
HAL_ADC_MspDeInit                                 build/stm32f0xx_hal_msp.o
HAL_ADC_MspInit                                   build/stm32f0xx_hal_msp.o
HAL_ADC_PollForConversion                         build/stm32f0xx_hal_adc.o
HAL_ADC_PollForEvent                              build/stm32f0xx_hal_adc.o
HAL_ADC_Start                                     build/stm32f0xx_hal_adc.o
HAL_ADC_Start_DMA                                 build/stm32f0xx_hal_adc.o
HAL_ADC_Start_IT                                  build/stm32f0xx_hal_adc.o
HAL_ADC_Stop                                      build/stm32f0xx_hal_adc.o
HAL_ADC_Stop_DMA                                  build/stm32f0xx_hal_adc.o
HAL_ADC_Stop_IT                                   build/stm32f0xx_hal_adc.o